2026-06-11 16:51:24.151 +01:00 [INF] Executed DbCommand (26ms) [Parameters=[], CommandType='"Text"', CommandTimeout='30']
SELECT 1
2026-06-11 16:51:24.269 +01:00 [INF] Acquiring an exclusive lock for migration application. See https://aka.ms/efcore-docs-migrations-lock for more information if this takes too long.
2026-06-11 16:51:24.315 +01:00 [INF] Executed DbCommand (39ms) [Parameters=[], CommandType='"Text"', CommandTimeout='30']
DECLARE @result int;
EXEC @result = sp_getapplock @Resource = '__EFMigrationsLock', @LockOwner = 'Session', @LockMode = 'Exclusive';
SELECT @result
2026-06-11 16:51:24.457 +01:00 [INF] Executed DbCommand (4ms) [Parameters=[], CommandType='"Text"', CommandTimeout='30']
IF OBJECT_ID(N'[__EFMigrationsHistory]') IS NULL
BEGIN
    CREATE TABLE [__EFMigrationsHistory] (
        [MigrationId] nvarchar(150) NOT NULL,
        [ProductVersion] nvarchar(32) NOT NULL,
        CONSTRAINT [PK___EFMigrationsHistory] PRIMARY KEY ([MigrationId])
    );
END;
2026-06-11 16:51:24.473 +01:00 [INF] Executed DbCommand (1ms) [Parameters=[], CommandType='"Text"', CommandTimeout='30']
SELECT 1
2026-06-11 16:51:24.477 +01:00 [INF] Executed DbCommand (1ms) [Parameters=[], CommandType='"Text"', CommandTimeout='30']
SELECT OBJECT_ID(N'[__EFMigrationsHistory]');
2026-06-11 16:51:24.500 +01:00 [INF] Executed DbCommand (14ms) [Parameters=[], CommandType='"Text"', CommandTimeout='30']
SELECT [MigrationId], [ProductVersion]
FROM [__EFMigrationsHistory]
ORDER BY [MigrationId];
2026-06-11 16:51:24.515 +01:00 [INF] No migrations were applied. The database is already up to date.
2026-06-11 16:51:24.523 +01:00 [INF] Executed DbCommand (6ms) [Parameters=[], CommandType='"Text"', CommandTimeout='30']
DECLARE @result int;
EXEC @result = sp_releaseapplock @Resource = '__EFMigrationsLock', @LockOwner = 'Session';
SELECT @result
2026-06-11 16:51:25.054 +01:00 [INF] Executed DbCommand (9ms) [Parameters=[], CommandType='"Text"', CommandTimeout='30']
SELECT CASE
    WHEN EXISTS (
        SELECT 1
        FROM [Veiculos] AS [v]) THEN CAST(1 AS bit)
    ELSE CAST(0 AS bit)
END
2026-06-11 16:51:25.070 +01:00 [INF] Executed DbCommand (4ms) [Parameters=[], CommandType='"Text"', CommandTimeout='30']
SELECT CASE
    WHEN EXISTS (
        SELECT 1
        FROM [RegistosManutencao] AS [r]) THEN CAST(1 AS bit)
    ELSE CAST(0 AS bit)
END
2026-06-11 16:51:25.191 +01:00 [INF] Executed DbCommand (1ms) [Parameters=[], CommandType='"Text"', CommandTimeout='30']
SELECT 1
2026-06-11 16:51:25.247 +01:00 [INF] Executed DbCommand (52ms) [Parameters=[], CommandType='"Text"', CommandTimeout='30']

IF EXISTS
    (SELECT *
     FROM [sys].[objects] o
     WHERE [o].[type] = 'U'
     AND [o].[is_ms_shipped] = 0
     AND NOT EXISTS (SELECT *
         FROM [sys].[extended_properties] AS [ep]
         WHERE [ep].[major_id] = [o].[object_id]
             AND [ep].[minor_id] = 0
             AND [ep].[class] = 1
             AND [ep].[name] = N'microsoft_database_tools_support'
    )
)
SELECT 1 ELSE SELECT 0
2026-06-11 16:51:25.254 +01:00 [INF] Executed DbCommand (0ms) [Parameters=[], CommandType='"Text"', CommandTimeout='30']
SELECT CASE
    WHEN EXISTS (
        SELECT 1
        FROM [Veiculos] AS [v]) THEN CAST(1 AS bit)
    ELSE CAST(0 AS bit)
END
2026-06-11 16:51:25.263 +01:00 [INF] Executed DbCommand (3ms) [Parameters=[], CommandType='"Text"', CommandTimeout='30']
SELECT CASE
    WHEN EXISTS (
        SELECT 1
        FROM [Viagens] AS [v]) THEN CAST(1 AS bit)
    ELSE CAST(0 AS bit)
END
2026-06-11 16:51:25.398 +01:00 [INF] Executed DbCommand (12ms) [Parameters=[], CommandType='"Text"', CommandTimeout='30']
SELECT TOP(1) [v].[Id], [v].[Ano], [v].[CategoriaUsuario], [v].[CondutorHabitualId], [v].[Cor], [v].[DataProximaIpo], [v].[EstaAtivo], [v].[Estado], [v].[IntervaloManutencaoKm], [v].[KmAtual], [v].[Marca], [v].[Matricula], [v].[Modelo], [v].[TecnicoResponsavelId], [v].[UltimaManutencaoData], [v].[UltimaManutencaoKm]
FROM [Veiculos] AS [v]
WHERE [v].[Matricula] = N'BB-11-YY'
2026-06-11 16:51:25.412 +01:00 [INF] Executed DbCommand (3ms) [Parameters=[], CommandType='"Text"', CommandTimeout='30']
SELECT TOP(1) [v].[Id], [v].[Ano], [v].[CategoriaUsuario], [v].[CondutorHabitualId], [v].[Cor], [v].[DataProximaIpo], [v].[EstaAtivo], [v].[Estado], [v].[IntervaloManutencaoKm], [v].[KmAtual], [v].[Marca], [v].[Matricula], [v].[Modelo], [v].[TecnicoResponsavelId], [v].[UltimaManutencaoData], [v].[UltimaManutencaoKm]
FROM [Veiculos] AS [v]
WHERE [v].[Matricula] = N'AA-00-XX'
2026-06-11 16:51:25.707 +01:00 [INF] User profile is available. Using 'C:\Users\harri\AppData\Local\ASP.NET\DataProtection-Keys' as key repository and Windows DPAPI to encrypt keys at rest.
2026-06-11 16:51:26.618 +01:00 [INF] Now listening on: https://localhost:7231
2026-06-11 16:51:26.620 +01:00 [INF] Now listening on: http://localhost:5256
2026-06-11 16:51:26.782 +01:00 [INF] Application started. Press Ctrl+C to shut down.
2026-06-11 16:51:26.784 +01:00 [INF] Hosting environment: Development
2026-06-11 16:51:26.786 +01:00 [INF] Content root path: C:\Users\harri\OneDrive\Escritorio\Visual Studio\GestoreDeFrotas\Src
2026-06-11 16:51:32.328 +01:00 [INF] Request starting HTTP/2 GET https://localhost:7231/swagger/index.html - null null
2026-06-11 16:51:32.779 +01:00 [INF] Request finished HTTP/2 GET https://localhost:7231/swagger/index.html - 200 null text/html;charset=utf-8 462.9587ms
2026-06-11 16:51:32.869 +01:00 [INF] Request starting HTTP/2 GET https://localhost:7231/swagger/swagger-ui.css - null null
2026-06-11 16:51:32.870 +01:00 [INF] Request starting HTTP/2 GET https://localhost:7231/swagger/index.css - null null
2026-06-11 16:51:32.870 +01:00 [INF] Request starting HTTP/2 GET https://localhost:7231/swagger/swagger-ui-bundle.js - null null
2026-06-11 16:51:32.870 +01:00 [INF] Request starting HTTP/2 GET https://localhost:7231/swagger/swagger-ui-standalone-preset.js - null null
2026-06-11 16:51:32.916 +01:00 [INF] Sending file. Request path: '/index.css'. Physical path: 'N/A'
2026-06-11 16:51:32.919 +01:00 [INF] Request finished HTTP/2 GET https://localhost:7231/swagger/index.css - 200 202 text/css 48.6522ms
2026-06-11 16:51:32.923 +01:00 [INF] Request starting HTTP/2 GET https://localhost:7231/_framework/aspnetcore-browser-refresh.js - null null
2026-06-11 16:51:32.923 +01:00 [INF] Request starting HTTP/2 GET https://localhost:7231/swagger/index.js - null null
2026-06-11 16:51:32.924 +01:00 [INF] Request starting HTTP/2 GET https://localhost:7231/_vs/browserLink - null null
2026-06-11 16:51:32.934 +01:00 [INF] Request finished HTTP/2 GET https://localhost:7231/swagger/index.js - 200 null application/javascript;charset=utf-8 10.8617ms
2026-06-11 16:51:32.965 +01:00 [INF] Request finished HTTP/2 GET https://localhost:7231/_framework/aspnetcore-browser-refresh.js - 200 14935 application/javascript; charset=utf-8 42.0942ms
2026-06-11 16:51:32.985 +01:00 [INF] Sending file. Request path: '/swagger-ui.css'. Physical path: 'N/A'
2026-06-11 16:51:32.985 +01:00 [INF] Sending file. Request path: '/swagger-ui-standalone-preset.js'. Physical path: 'N/A'
2026-06-11 16:51:33.046 +01:00 [INF] Sending file. Request path: '/swagger-ui-bundle.js'. Physical path: 'N/A'
2026-06-11 16:51:33.103 +01:00 [INF] Request finished HTTP/2 GET https://localhost:7231/swagger/swagger-ui.css - 200 152035 text/css 234.3062ms
2026-06-11 16:51:33.108 +01:00 [INF] Request finished HTTP/2 GET https://localhost:7231/swagger/swagger-ui-standalone-preset.js - 200 230007 text/javascript 237.7813ms
2026-06-11 16:51:33.129 +01:00 [INF] Request finished HTTP/2 GET https://localhost:7231/swagger/swagger-ui-bundle.js - 200 1426050 text/javascript 259.0455ms
2026-06-11 16:51:33.247 +01:00 [INF] Request finished HTTP/2 GET https://localhost:7231/_vs/browserLink - 200 null text/javascript; charset=UTF-8 322.917ms
2026-06-11 16:51:36.117 +01:00 [INF] Request starting HTTP/2 GET https://localhost:7231/swagger/v1/swagger.json - null null
2026-06-11 16:51:36.159 +01:00 [INF] Request finished HTTP/2 GET https://localhost:7231/swagger/v1/swagger.json - 200 null application/json;charset=utf-8 41.8771ms
2026-06-11 16:56:21.863 +01:00 [INF] Request starting HTTP/2 POST https://localhost:7231/api/Viagens/verificar-atrasos - null 0
2026-06-11 16:56:22.004 +01:00 [INF] Executing endpoint 'GestoreDeFrotas.Controllers.ViagensController.VerificarAtrasos (GestoreDeFrotas)'
2026-06-11 16:56:22.034 +01:00 [INF] Route matched with {action = "VerificarAtrasos", controller = "Viagens"}. Executing controller action with signature System.Threading.Tasks.Task`1[Microsoft.AspNetCore.Mvc.IActionResult] VerificarAtrasos() on controller GestoreDeFrotas.Controllers.ViagensController (GestoreDeFrotas).
2026-06-11 16:56:22.217 +01:00 [INF] Executed DbCommand (86ms) [Parameters=[@__agora_0='?' (DbType = DateTime2)], CommandType='"Text"', CommandTimeout='30']
SELECT [v].[Id], [v].[CondutorPrincipalId], [v].[CondutorSecundarioId], [v].[DataFim], [v].[DataInicio], [v].[DataLimitePrevista], [v].[EstaAtiva], [v].[ObservacoesEntrega], [v].[PediuProrrogacao], [v].[VeiculoId]
FROM [Viagens] AS [v]
WHERE [v].[EstaAtiva] = CAST(1 AS bit) AND @__agora_0 > [v].[DataLimitePrevista]
2026-06-11 16:56:22.260 +01:00 [INF] Executing OkObjectResult, writing value of type '<>f__AnonymousType4`1[[System.String, System.Private.CoreLib, Version=9.0.0.0, Culture=neutral, PublicKeyToken=7cec85d7bea7798e]]'.
2026-06-11 16:56:22.300 +01:00 [INF] Executed action GestoreDeFrotas.Controllers.ViagensController.VerificarAtrasos (GestoreDeFrotas) in 258.9608ms
2026-06-11 16:56:22.302 +01:00 [INF] Executed endpoint 'GestoreDeFrotas.Controllers.ViagensController.VerificarAtrasos (GestoreDeFrotas)'
2026-06-11 16:56:22.309 +01:00 [INF] Request finished HTTP/2 POST https://localhost:7231/api/Viagens/verificar-atrasos - 200 null application/json; charset=utf-8 473.7541ms
2026-06-11 16:59:28.943 +01:00 [INF] Request starting HTTP/2 POST https://localhost:7231/api/auth/teste-token?cargo=Admin - null 0
2026-06-11 16:59:29.158 +01:00 [INF] Executing endpoint 'HTTP: POST /api/auth/teste-token'
2026-06-11 16:59:29.327 +01:00 [INF] Setting HTTP status code 200.
2026-06-11 16:59:29.331 +01:00 [INF] Writing value of type '<>f__AnonymousType17`1' as Json.
2026-06-11 16:59:29.337 +01:00 [INF] Executed endpoint 'HTTP: POST /api/auth/teste-token'
2026-06-11 16:59:29.338 +01:00 [INF] Request finished HTTP/2 POST https://localhost:7231/api/auth/teste-token?cargo=Admin - 200 null application/json; charset=utf-8 395.6524ms
2026-06-11 17:00:13.846 +01:00 [INF] Request starting HTTP/2 POST https://localhost:7231/api/Viagens/iniciar/2 - null 0
2026-06-11 17:00:13.922 +01:00 [INF] Executing endpoint 'GestoreDeFrotas.Controllers.ViagensController.Iniciar (GestoreDeFrotas)'
2026-06-11 17:00:13.936 +01:00 [INF] Route matched with {action = "Iniciar", controller = "Viagens"}. Executing controller action with signature System.Threading.Tasks.Task`1[Microsoft.AspNetCore.Mvc.IActionResult] Iniciar(Int32) on controller GestoreDeFrotas.Controllers.ViagensController (GestoreDeFrotas).
2026-06-11 17:00:13.992 +01:00 [INF] Executed DbCommand (8ms) [Parameters=[@__veiculoId_0='?' (DbType = Int32)], CommandType='"Text"', CommandTimeout='30']
SELECT CASE
    WHEN EXISTS (
        SELECT 1
        FROM [Viagens] AS [v]
        WHERE [v].[VeiculoId] = @__veiculoId_0 AND [v].[EstaAtiva] = CAST(1 AS bit)) THEN CAST(1 AS bit)
    ELSE CAST(0 AS bit)
END
2026-06-11 17:00:14.056 +01:00 [INF] Executed DbCommand (12ms) [Parameters=[@__p_0='?' (DbType = Int32)], CommandType='"Text"', CommandTimeout='30']
SELECT TOP(1) [v].[Id], [v].[Ano], [v].[CategoriaUsuario], [v].[CondutorHabitualId], [v].[Cor], [v].[DataProximaIpo], [v].[EstaAtivo], [v].[Estado], [v].[IntervaloManutencaoKm], [v].[KmAtual], [v].[Marca], [v].[Matricula], [v].[Modelo], [v].[TecnicoResponsavelId], [v].[UltimaManutencaoData], [v].[UltimaManutencaoKm]
FROM [Veiculos] AS [v]
WHERE [v].[Id] = @__p_0
2026-06-11 17:00:14.373 +01:00 [INF] Executed DbCommand (90ms) [Parameters=[@p1='?' (DbType = Int32), @p0='?' (Size = 4000), @p2='?' (Size = 4000), @p3='?' (Size = 4000), @p4='?' (DbType = DateTime2), @p5='?' (DbType = DateTime2), @p6='?' (DbType = DateTime2), @p7='?' (DbType = Boolean), @p8='?' (Size = 4000), @p9='?' (DbType = Boolean), @p10='?' (DbType = Int32)], CommandType='"Text"', CommandTimeout='30']
SET NOCOUNT ON;
UPDATE [Veiculos] SET [Estado] = @p0
OUTPUT 1
WHERE [Id] = @p1;
INSERT INTO [Viagens] ([CondutorPrincipalId], [CondutorSecundarioId], [DataFim], [DataInicio], [DataLimitePrevista], [EstaAtiva], [ObservacoesEntrega], [PediuProrrogacao], [VeiculoId])
OUTPUT INSERTED.[Id]
VALUES (@p2, @p3, @p4, @p5, @p6, @p7, @p8, @p9, @p10);
2026-06-11 17:00:14.439 +01:00 [INF] Executed DbCommand (13ms) [Parameters=[@p0='?' (DbType = DateTime2), @p1='?' (Size = 4000), @p2='?' (Size = 4000), @p3='?' (Size = 4000), @p4='?' (DbType = Int32), @p5='?' (Size = 4000)], CommandType='"Text"', CommandTimeout='30']
SET IMPLICIT_TRANSACTIONS OFF;
SET NOCOUNT ON;
INSERT INTO [LogsSistema] ([Data], [Descricao], [MetodoHttp], [Rota], [StatusCode], [Utilizador])
OUTPUT INSERTED.[Id]
VALUES (@p0, @p1, @p2, @p3, @p4, @p5);
2026-06-11 17:00:14.444 +01:00 [INF] Executing OkObjectResult, writing value of type 'GestoreDeFrotas.Models.Viagem'.
2026-06-11 17:00:14.462 +01:00 [INF] Executed action GestoreDeFrotas.Controllers.ViagensController.Iniciar (GestoreDeFrotas) in 522.0295ms
2026-06-11 17:00:14.464 +01:00 [INF] Executed endpoint 'GestoreDeFrotas.Controllers.ViagensController.Iniciar (GestoreDeFrotas)'
2026-06-11 17:00:14.470 +01:00 [INF] Request finished HTTP/2 POST https://localhost:7231/api/Viagens/iniciar/2 - 200 null application/json; charset=utf-8 624.671ms
2026-06-11 17:00:36.422 +01:00 [INF] Request starting HTTP/2 POST https://localhost:7231/api/Viagens/finalizar/2 - application/json 36
2026-06-11 17:00:36.505 +01:00 [INF] Executing endpoint 'GestoreDeFrotas.Controllers.ViagensController.Finalizar (GestoreDeFrotas)'
2026-06-11 17:00:36.512 +01:00 [INF] Route matched with {action = "Finalizar", controller = "Viagens"}. Executing controller action with signature System.Threading.Tasks.Task`1[Microsoft.AspNetCore.Mvc.IActionResult] Finalizar(Int32, GestoreDeFrotas.Controllers.EntregaViagemDto) on controller GestoreDeFrotas.Controllers.ViagensController (GestoreDeFrotas).
2026-06-11 17:00:36.571 +01:00 [INF] Executed DbCommand (11ms) [Parameters=[@__p_0='?' (DbType = Int32)], CommandType='"Text"', CommandTimeout='30']
SELECT TOP(1) [v].[Id], [v].[CondutorPrincipalId], [v].[CondutorSecundarioId], [v].[DataFim], [v].[DataInicio], [v].[DataLimitePrevista], [v].[EstaAtiva], [v].[ObservacoesEntrega], [v].[PediuProrrogacao], [v].[VeiculoId]
FROM [Viagens] AS [v]
WHERE [v].[Id] = @__p_0
2026-06-11 17:00:36.999 +01:00 [INF] Executed DbCommand (2ms) [Parameters=[@p0='?' (DbType = DateTime2), @p1='?' (Size = 4000), @p2='?' (Size = 4000), @p3='?' (Size = 4000), @p4='?' (DbType = Int32), @p5='?' (Size = 4000)], CommandType='"Text"', CommandTimeout='30']
SET IMPLICIT_TRANSACTIONS OFF;
SET NOCOUNT ON;
INSERT INTO [LogsSistema] ([Data], [Descricao], [MetodoHttp], [Rota], [StatusCode], [Utilizador])
OUTPUT INSERTED.[Id]
VALUES (@p0, @p1, @p2, @p3, @p4, @p5);
2026-06-11 17:00:37.003 +01:00 [INF] Executing BadRequestObjectResult, writing value of type '<>f__AnonymousType4`1[[System.String, System.Private.CoreLib, Version=9.0.0.0, Culture=neutral, PublicKeyToken=7cec85d7bea7798e]]'.
2026-06-11 17:00:37.005 +01:00 [INF] Executed action GestoreDeFrotas.Controllers.ViagensController.Finalizar (GestoreDeFrotas) in 489.9688ms
2026-06-11 17:00:37.006 +01:00 [INF] Executed endpoint 'GestoreDeFrotas.Controllers.ViagensController.Finalizar (GestoreDeFrotas)'
2026-06-11 17:00:37.025 +01:00 [INF] Executed DbCommand (4ms) [Parameters=[@p0='?' (DbType = DateTime2), @p1='?' (Size = 4000), @p2='?' (Size = 4000), @p3='?' (DbType = Boolean), @p4='?' (Size = 4000), @p5='?' (DbType = Int32)], CommandType='"Text"', CommandTimeout='30']
SET IMPLICIT_TRANSACTIONS OFF;
SET NOCOUNT ON;
INSERT INTO [Notificacoes] ([DataCriacao], [DestinatarioId], [Grau], [Lida], [Mensagem], [VeiculoId])
OUTPUT INSERTED.[Id]
VALUES (@p0, @p1, @p2, @p3, @p4, @p5);
2026-06-11 17:00:37.031 +01:00 [INF] Executed DbCommand (2ms) [Parameters=[@p0='?' (DbType = DateTime2), @p1='?' (Size = 4000), @p2='?' (Size = 4000), @p3='?' (Size = 4000), @p4='?' (DbType = Int32), @p5='?' (Size = 4000)], CommandType='"Text"', CommandTimeout='30']
SET IMPLICIT_TRANSACTIONS OFF;
SET NOCOUNT ON;
INSERT INTO [LogsSistema] ([Data], [Descricao], [MetodoHttp], [Rota], [StatusCode], [Utilizador])
OUTPUT INSERTED.[Id]
VALUES (@p0, @p1, @p2, @p3, @p4, @p5);
2026-06-11 17:00:37.036 +01:00 [INF] Request finished HTTP/2 POST https://localhost:7231/api/Viagens/finalizar/2 - 400 null application/json; charset=utf-8 614.0385ms
2026-06-11 17:00:51.503 +01:00 [INF] Request starting HTTP/2 POST https://localhost:7231/api/Viagens/iniciar/2 - null 0
2026-06-11 17:00:51.509 +01:00 [INF] Executing endpoint 'GestoreDeFrotas.Controllers.ViagensController.Iniciar (GestoreDeFrotas)'
2026-06-11 17:00:51.511 +01:00 [INF] Route matched with {action = "Iniciar", controller = "Viagens"}. Executing controller action with signature System.Threading.Tasks.Task`1[Microsoft.AspNetCore.Mvc.IActionResult] Iniciar(Int32) on controller GestoreDeFrotas.Controllers.ViagensController (GestoreDeFrotas).
2026-06-11 17:00:51.534 +01:00 [INF] Executed DbCommand (16ms) [Parameters=[@__veiculoId_0='?' (DbType = Int32)], CommandType='"Text"', CommandTimeout='30']
SELECT CASE
    WHEN EXISTS (
        SELECT 1
        FROM [Viagens] AS [v]
        WHERE [v].[VeiculoId] = @__veiculoId_0 AND [v].[EstaAtiva] = CAST(1 AS bit)) THEN CAST(1 AS bit)
    ELSE CAST(0 AS bit)
END
2026-06-11 17:00:51.610 +01:00 [INF] Executed DbCommand (1ms) [Parameters=[@p0='?' (DbType = DateTime2), @p1='?' (Size = 4000), @p2='?' (Size = 4000), @p3='?' (Size = 4000), @p4='?' (DbType = Int32), @p5='?' (Size = 4000)], CommandType='"Text"', CommandTimeout='30']
SET IMPLICIT_TRANSACTIONS OFF;
SET NOCOUNT ON;
INSERT INTO [LogsSistema] ([Data], [Descricao], [MetodoHttp], [Rota], [StatusCode], [Utilizador])
OUTPUT INSERTED.[Id]
VALUES (@p0, @p1, @p2, @p3, @p4, @p5);
2026-06-11 17:00:51.613 +01:00 [INF] Executing BadRequestObjectResult, writing value of type '<>f__AnonymousType4`1[[System.String, System.Private.CoreLib, Version=9.0.0.0, Culture=neutral, PublicKeyToken=7cec85d7bea7798e]]'.
2026-06-11 17:00:51.616 +01:00 [INF] Executed action GestoreDeFrotas.Controllers.ViagensController.Iniciar (GestoreDeFrotas) in 102.9439ms
2026-06-11 17:00:51.618 +01:00 [INF] Executed endpoint 'GestoreDeFrotas.Controllers.ViagensController.Iniciar (GestoreDeFrotas)'
2026-06-11 17:00:51.621 +01:00 [INF] Executed DbCommand (1ms) [Parameters=[@p0='?' (DbType = DateTime2), @p1='?' (Size = 4000), @p2='?' (Size = 4000), @p3='?' (DbType = Boolean), @p4='?' (Size = 4000), @p5='?' (DbType = Int32)], CommandType='"Text"', CommandTimeout='30']
SET IMPLICIT_TRANSACTIONS OFF;
SET NOCOUNT ON;
INSERT INTO [Notificacoes] ([DataCriacao], [DestinatarioId], [Grau], [Lida], [Mensagem], [VeiculoId])
OUTPUT INSERTED.[Id]
VALUES (@p0, @p1, @p2, @p3, @p4, @p5);
2026-06-11 17:00:51.625 +01:00 [INF] Executed DbCommand (1ms) [Parameters=[@p0='?' (DbType = DateTime2), @p1='?' (Size = 4000), @p2='?' (Size = 4000), @p3='?' (Size = 4000), @p4='?' (DbType = Int32), @p5='?' (Size = 4000)], CommandType='"Text"', CommandTimeout='30']
SET IMPLICIT_TRANSACTIONS OFF;
SET NOCOUNT ON;
INSERT INTO [LogsSistema] ([Data], [Descricao], [MetodoHttp], [Rota], [StatusCode], [Utilizador])
OUTPUT INSERTED.[Id]
VALUES (@p0, @p1, @p2, @p3, @p4, @p5);
2026-06-11 17:00:51.629 +01:00 [INF] Request finished HTTP/2 POST https://localhost:7231/api/Viagens/iniciar/2 - 400 null application/json; charset=utf-8 125.5845ms
2026-06-11 17:01:03.292 +01:00 [INF] Request starting HTTP/2 POST https://localhost:7231/api/Viagens/finalizar/2 - application/json 30
2026-06-11 17:01:03.296 +01:00 [INF] Executing endpoint 'GestoreDeFrotas.Controllers.ViagensController.Finalizar (GestoreDeFrotas)'
2026-06-11 17:01:03.299 +01:00 [INF] Route matched with {action = "Finalizar", controller = "Viagens"}. Executing controller action with signature System.Threading.Tasks.Task`1[Microsoft.AspNetCore.Mvc.IActionResult] Finalizar(Int32, GestoreDeFrotas.Controllers.EntregaViagemDto) on controller GestoreDeFrotas.Controllers.ViagensController (GestoreDeFrotas).
2026-06-11 17:01:03.333 +01:00 [INF] Executing BadRequestObjectResult, writing value of type 'Microsoft.AspNetCore.Mvc.ValidationProblemDetails'.
2026-06-11 17:01:03.356 +01:00 [INF] Executed action GestoreDeFrotas.Controllers.ViagensController.Finalizar (GestoreDeFrotas) in 54.3724ms
2026-06-11 17:01:03.358 +01:00 [INF] Executed endpoint 'GestoreDeFrotas.Controllers.ViagensController.Finalizar (GestoreDeFrotas)'
2026-06-11 17:01:03.362 +01:00 [INF] Executed DbCommand (1ms) [Parameters=[@p0='?' (DbType = DateTime2), @p1='?' (Size = 4000), @p2='?' (Size = 4000), @p3='?' (DbType = Boolean), @p4='?' (Size = 4000), @p5='?' (DbType = Int32)], CommandType='"Text"', CommandTimeout='30']
SET IMPLICIT_TRANSACTIONS OFF;
SET NOCOUNT ON;
INSERT INTO [Notificacoes] ([DataCriacao], [DestinatarioId], [Grau], [Lida], [Mensagem], [VeiculoId])
OUTPUT INSERTED.[Id]
VALUES (@p0, @p1, @p2, @p3, @p4, @p5);
2026-06-11 17:01:03.369 +01:00 [INF] Executed DbCommand (1ms) [Parameters=[@p0='?' (DbType = DateTime2), @p1='?' (Size = 4000), @p2='?' (Size = 4000), @p3='?' (Size = 4000), @p4='?' (DbType = Int32), @p5='?' (Size = 4000)], CommandType='"Text"', CommandTimeout='30']
SET IMPLICIT_TRANSACTIONS OFF;
SET NOCOUNT ON;
INSERT INTO [LogsSistema] ([Data], [Descricao], [MetodoHttp], [Rota], [StatusCode], [Utilizador])
OUTPUT INSERTED.[Id]
VALUES (@p0, @p1, @p2, @p3, @p4, @p5);
2026-06-11 17:01:03.373 +01:00 [INF] Request finished HTTP/2 POST https://localhost:7231/api/Viagens/finalizar/2 - 400 null application/problem+json; charset=utf-8 81.4027ms
2026-06-11 17:01:08.735 +01:00 [INF] Request starting HTTP/2 POST https://localhost:7231/api/Viagens/finalizar/3 - application/json 30
2026-06-11 17:01:08.740 +01:00 [INF] Executing endpoint 'GestoreDeFrotas.Controllers.ViagensController.Finalizar (GestoreDeFrotas)'
2026-06-11 17:01:08.742 +01:00 [INF] Route matched with {action = "Finalizar", controller = "Viagens"}. Executing controller action with signature System.Threading.Tasks.Task`1[Microsoft.AspNetCore.Mvc.IActionResult] Finalizar(Int32, GestoreDeFrotas.Controllers.EntregaViagemDto) on controller GestoreDeFrotas.Controllers.ViagensController (GestoreDeFrotas).
2026-06-11 17:01:08.746 +01:00 [INF] Executing BadRequestObjectResult, writing value of type 'Microsoft.AspNetCore.Mvc.ValidationProblemDetails'.
2026-06-11 17:01:08.749 +01:00 [INF] Executed action GestoreDeFrotas.Controllers.ViagensController.Finalizar (GestoreDeFrotas) in 5.0401ms
2026-06-11 17:01:08.751 +01:00 [INF] Executed endpoint 'GestoreDeFrotas.Controllers.ViagensController.Finalizar (GestoreDeFrotas)'
2026-06-11 17:01:08.775 +01:00 [INF] Executed DbCommand (19ms) [Parameters=[@p0='?' (DbType = DateTime2), @p1='?' (Size = 4000), @p2='?' (Size = 4000), @p3='?' (DbType = Boolean), @p4='?' (Size = 4000), @p5='?' (DbType = Int32)], CommandType='"Text"', CommandTimeout='30']
SET IMPLICIT_TRANSACTIONS OFF;
SET NOCOUNT ON;
INSERT INTO [Notificacoes] ([DataCriacao], [DestinatarioId], [Grau], [Lida], [Mensagem], [VeiculoId])
OUTPUT INSERTED.[Id]
VALUES (@p0, @p1, @p2, @p3, @p4, @p5);
2026-06-11 17:01:08.779 +01:00 [INF] Executed DbCommand (1ms) [Parameters=[@p0='?' (DbType = DateTime2), @p1='?' (Size = 4000), @p2='?' (Size = 4000), @p3='?' (Size = 4000), @p4='?' (DbType = Int32), @p5='?' (Size = 4000)], CommandType='"Text"', CommandTimeout='30']
SET IMPLICIT_TRANSACTIONS OFF;
SET NOCOUNT ON;
INSERT INTO [LogsSistema] ([Data], [Descricao], [MetodoHttp], [Rota], [StatusCode], [Utilizador])
OUTPUT INSERTED.[Id]
VALUES (@p0, @p1, @p2, @p3, @p4, @p5);
2026-06-11 17:01:08.783 +01:00 [INF] Request finished HTTP/2 POST https://localhost:7231/api/Viagens/finalizar/3 - 400 null application/problem+json; charset=utf-8 48.052ms
2026-06-11 17:01:13.576 +01:00 [INF] Request starting HTTP/2 POST https://localhost:7231/api/Viagens/finalizar/2 - application/json 30
2026-06-11 17:01:13.586 +01:00 [INF] Executing endpoint 'GestoreDeFrotas.Controllers.ViagensController.Finalizar (GestoreDeFrotas)'
2026-06-11 17:01:13.588 +01:00 [INF] Route matched with {action = "Finalizar", controller = "Viagens"}. Executing controller action with signature System.Threading.Tasks.Task`1[Microsoft.AspNetCore.Mvc.IActionResult] Finalizar(Int32, GestoreDeFrotas.Controllers.EntregaViagemDto) on controller GestoreDeFrotas.Controllers.ViagensController (GestoreDeFrotas).
2026-06-11 17:01:13.592 +01:00 [INF] Executing BadRequestObjectResult, writing value of type 'Microsoft.AspNetCore.Mvc.ValidationProblemDetails'.
2026-06-11 17:01:13.595 +01:00 [INF] Executed action GestoreDeFrotas.Controllers.ViagensController.Finalizar (GestoreDeFrotas) in 5.2846ms
2026-06-11 17:01:13.598 +01:00 [INF] Executed endpoint 'GestoreDeFrotas.Controllers.ViagensController.Finalizar (GestoreDeFrotas)'
2026-06-11 17:01:13.620 +01:00 [INF] Executed DbCommand (18ms) [Parameters=[@p0='?' (DbType = DateTime2), @p1='?' (Size = 4000), @p2='?' (Size = 4000), @p3='?' (DbType = Boolean), @p4='?' (Size = 4000), @p5='?' (DbType = Int32)], CommandType='"Text"', CommandTimeout='30']
SET IMPLICIT_TRANSACTIONS OFF;
SET NOCOUNT ON;
INSERT INTO [Notificacoes] ([DataCriacao], [DestinatarioId], [Grau], [Lida], [Mensagem], [VeiculoId])
OUTPUT INSERTED.[Id]
VALUES (@p0, @p1, @p2, @p3, @p4, @p5);
2026-06-11 17:01:13.625 +01:00 [INF] Executed DbCommand (2ms) [Parameters=[@p0='?' (DbType = DateTime2), @p1='?' (Size = 4000), @p2='?' (Size = 4000), @p3='?' (Size = 4000), @p4='?' (DbType = Int32), @p5='?' (Size = 4000)], CommandType='"Text"', CommandTimeout='30']
SET IMPLICIT_TRANSACTIONS OFF;
SET NOCOUNT ON;
INSERT INTO [LogsSistema] ([Data], [Descricao], [MetodoHttp], [Rota], [StatusCode], [Utilizador])
OUTPUT INSERTED.[Id]
VALUES (@p0, @p1, @p2, @p3, @p4, @p5);
2026-06-11 17:01:13.629 +01:00 [INF] Request finished HTTP/2 POST https://localhost:7231/api/Viagens/finalizar/2 - 400 null application/problem+json; charset=utf-8 53.3437ms
2026-06-11 17:01:17.736 +01:00 [INF] Request starting HTTP/2 POST https://localhost:7231/api/Viagens/finalizar/1 - application/json 30
2026-06-11 17:01:17.740 +01:00 [INF] Executing endpoint 'GestoreDeFrotas.Controllers.ViagensController.Finalizar (GestoreDeFrotas)'
2026-06-11 17:01:17.742 +01:00 [INF] Route matched with {action = "Finalizar", controller = "Viagens"}. Executing controller action with signature System.Threading.Tasks.Task`1[Microsoft.AspNetCore.Mvc.IActionResult] Finalizar(Int32, GestoreDeFrotas.Controllers.EntregaViagemDto) on controller GestoreDeFrotas.Controllers.ViagensController (GestoreDeFrotas).
2026-06-11 17:01:17.747 +01:00 [INF] Executing BadRequestObjectResult, writing value of type 'Microsoft.AspNetCore.Mvc.ValidationProblemDetails'.
2026-06-11 17:01:17.752 +01:00 [INF] Executed action GestoreDeFrotas.Controllers.ViagensController.Finalizar (GestoreDeFrotas) in 6.8416ms
2026-06-11 17:01:17.754 +01:00 [INF] Executed endpoint 'GestoreDeFrotas.Controllers.ViagensController.Finalizar (GestoreDeFrotas)'
2026-06-11 17:01:17.777 +01:00 [INF] Executed DbCommand (20ms) [Parameters=[@p0='?' (DbType = DateTime2), @p1='?' (Size = 4000), @p2='?' (Size = 4000), @p3='?' (DbType = Boolean), @p4='?' (Size = 4000), @p5='?' (DbType = Int32)], CommandType='"Text"', CommandTimeout='30']
SET IMPLICIT_TRANSACTIONS OFF;
SET NOCOUNT ON;
INSERT INTO [Notificacoes] ([DataCriacao], [DestinatarioId], [Grau], [Lida], [Mensagem], [VeiculoId])
OUTPUT INSERTED.[Id]
VALUES (@p0, @p1, @p2, @p3, @p4, @p5);
2026-06-11 17:01:17.785 +01:00 [INF] Executed DbCommand (2ms) [Parameters=[@p0='?' (DbType = DateTime2), @p1='?' (Size = 4000), @p2='?' (Size = 4000), @p3='?' (Size = 4000), @p4='?' (DbType = Int32), @p5='?' (Size = 4000)], CommandType='"Text"', CommandTimeout='30']
SET IMPLICIT_TRANSACTIONS OFF;
SET NOCOUNT ON;
INSERT INTO [LogsSistema] ([Data], [Descricao], [MetodoHttp], [Rota], [StatusCode], [Utilizador])
OUTPUT INSERTED.[Id]
VALUES (@p0, @p1, @p2, @p3, @p4, @p5);
2026-06-11 17:01:17.789 +01:00 [INF] Request finished HTTP/2 POST https://localhost:7231/api/Viagens/finalizar/1 - 400 null application/problem+json; charset=utf-8 52.8457ms
2026-06-11 17:01:26.892 +01:00 [INF] Request starting HTTP/2 POST https://localhost:7231/api/Viagens/verificar-atrasos - null 0
2026-06-11 17:01:26.895 +01:00 [INF] Executing endpoint 'GestoreDeFrotas.Controllers.ViagensController.VerificarAtrasos (GestoreDeFrotas)'
2026-06-11 17:01:26.899 +01:00 [INF] Route matched with {action = "VerificarAtrasos", controller = "Viagens"}. Executing controller action with signature System.Threading.Tasks.Task`1[Microsoft.AspNetCore.Mvc.IActionResult] VerificarAtrasos() on controller GestoreDeFrotas.Controllers.ViagensController (GestoreDeFrotas).
2026-06-11 17:01:26.926 +01:00 [INF] Executed DbCommand (21ms) [Parameters=[@__agora_0='?' (DbType = DateTime2)], CommandType='"Text"', CommandTimeout='30']
SELECT [v].[Id], [v].[CondutorPrincipalId], [v].[CondutorSecundarioId], [v].[DataFim], [v].[DataInicio], [v].[DataLimitePrevista], [v].[EstaAtiva], [v].[ObservacoesEntrega], [v].[PediuProrrogacao], [v].[VeiculoId]
FROM [Viagens] AS [v]
WHERE [v].[EstaAtiva] = CAST(1 AS bit) AND @__agora_0 > [v].[DataLimitePrevista]
2026-06-11 17:01:26.929 +01:00 [INF] Executing OkObjectResult, writing value of type '<>f__AnonymousType4`1[[System.String, System.Private.CoreLib, Version=9.0.0.0, Culture=neutral, PublicKeyToken=7cec85d7bea7798e]]'.
2026-06-11 17:01:26.932 +01:00 [INF] Executed action GestoreDeFrotas.Controllers.ViagensController.VerificarAtrasos (GestoreDeFrotas) in 29.2003ms
2026-06-11 17:01:26.934 +01:00 [INF] Executed endpoint 'GestoreDeFrotas.Controllers.ViagensController.VerificarAtrasos (GestoreDeFrotas)'
2026-06-11 17:01:26.935 +01:00 [INF] Request finished HTTP/2 POST https://localhost:7231/api/Viagens/verificar-atrasos - 200 null application/json; charset=utf-8 43.2575ms
2026-06-11 17:01:41.944 +01:00 [INF] Request starting HTTP/2 POST https://localhost:7231/api/Viagens/2/prorrogacao?horas=2 - null 0
2026-06-11 17:01:41.950 +01:00 [INF] Executing endpoint 'GestoreDeFrotas.Controllers.ViagensController.SolicitarProrrogacao (GestoreDeFrotas)'
2026-06-11 17:01:41.957 +01:00 [INF] Route matched with {action = "SolicitarProrrogacao", controller = "Viagens"}. Executing controller action with signature System.Threading.Tasks.Task`1[Microsoft.AspNetCore.Mvc.IActionResult] SolicitarProrrogacao(Int32, Int32) on controller GestoreDeFrotas.Controllers.ViagensController (GestoreDeFrotas).
2026-06-11 17:01:41.966 +01:00 [INF] Executed DbCommand (4ms) [Parameters=[@__p_0='?' (DbType = Int32)], CommandType='"Text"', CommandTimeout='30']
SELECT TOP(1) [v].[Id], [v].[CondutorPrincipalId], [v].[CondutorSecundarioId], [v].[DataFim], [v].[DataInicio], [v].[DataLimitePrevista], [v].[EstaAtiva], [v].[ObservacoesEntrega], [v].[PediuProrrogacao], [v].[VeiculoId]
FROM [Viagens] AS [v]
WHERE [v].[Id] = @__p_0
2026-06-11 17:01:42.058 +01:00 [INF] Executed DbCommand (2ms) [Parameters=[@p0='?' (DbType = DateTime2), @p1='?' (Size = 4000), @p2='?' (Size = 4000), @p3='?' (Size = 4000), @p4='?' (DbType = Int32), @p5='?' (Size = 4000)], CommandType='"Text"', CommandTimeout='30']
SET IMPLICIT_TRANSACTIONS OFF;
SET NOCOUNT ON;
INSERT INTO [LogsSistema] ([Data], [Descricao], [MetodoHttp], [Rota], [StatusCode], [Utilizador])
OUTPUT INSERTED.[Id]
VALUES (@p0, @p1, @p2, @p3, @p4, @p5);
2026-06-11 17:01:42.062 +01:00 [INF] Executing BadRequestObjectResult, writing value of type '<>f__AnonymousType0`1[[System.String, System.Private.CoreLib, Version=9.0.0.0, Culture=neutral, PublicKeyToken=7cec85d7bea7798e]]'.
2026-06-11 17:01:42.065 +01:00 [INF] Executed action GestoreDeFrotas.Controllers.ViagensController.SolicitarProrrogacao (GestoreDeFrotas) in 106.2101ms
2026-06-11 17:01:42.068 +01:00 [INF] Executed endpoint 'GestoreDeFrotas.Controllers.ViagensController.SolicitarProrrogacao (GestoreDeFrotas)'
2026-06-11 17:01:42.073 +01:00 [INF] Executed DbCommand (3ms) [Parameters=[@p0='?' (DbType = DateTime2), @p1='?' (Size = 4000), @p2='?' (Size = 4000), @p3='?' (DbType = Boolean), @p4='?' (Size = 4000), @p5='?' (DbType = Int32)], CommandType='"Text"', CommandTimeout='30']
SET IMPLICIT_TRANSACTIONS OFF;
SET NOCOUNT ON;
INSERT INTO [Notificacoes] ([DataCriacao], [DestinatarioId], [Grau], [Lida], [Mensagem], [VeiculoId])
OUTPUT INSERTED.[Id]
VALUES (@p0, @p1, @p2, @p3, @p4, @p5);
2026-06-11 17:01:42.079 +01:00 [INF] Executed DbCommand (1ms) [Parameters=[@p0='?' (DbType = DateTime2), @p1='?' (Size = 4000), @p2='?' (Size = 4000), @p3='?' (Size = 4000), @p4='?' (DbType = Int32), @p5='?' (Size = 4000)], CommandType='"Text"', CommandTimeout='30']
SET IMPLICIT_TRANSACTIONS OFF;
SET NOCOUNT ON;
INSERT INTO [LogsSistema] ([Data], [Descricao], [MetodoHttp], [Rota], [StatusCode], [Utilizador])
OUTPUT INSERTED.[Id]
VALUES (@p0, @p1, @p2, @p3, @p4, @p5);
2026-06-11 17:01:42.087 +01:00 [INF] Request finished HTTP/2 POST https://localhost:7231/api/Viagens/2/prorrogacao?horas=2 - 400 null application/json; charset=utf-8 143.3133ms
2026-06-11 17:01:57.424 +01:00 [INF] Request starting HTTP/2 POST https://localhost:7231/api/Viagens/iniciar/3 - null 0
2026-06-11 17:01:57.428 +01:00 [INF] Executing endpoint 'GestoreDeFrotas.Controllers.ViagensController.Iniciar (GestoreDeFrotas)'
2026-06-11 17:01:57.432 +01:00 [INF] Route matched with {action = "Iniciar", controller = "Viagens"}. Executing controller action with signature System.Threading.Tasks.Task`1[Microsoft.AspNetCore.Mvc.IActionResult] Iniciar(Int32) on controller GestoreDeFrotas.Controllers.ViagensController (GestoreDeFrotas).
2026-06-11 17:01:57.439 +01:00 [INF] Executed DbCommand (3ms) [Parameters=[@__veiculoId_0='?' (DbType = Int32)], CommandType='"Text"', CommandTimeout='30']
SELECT CASE
    WHEN EXISTS (
        SELECT 1
        FROM [Viagens] AS [v]
        WHERE [v].[VeiculoId] = @__veiculoId_0 AND [v].[EstaAtiva] = CAST(1 AS bit)) THEN CAST(1 AS bit)
    ELSE CAST(0 AS bit)
END
2026-06-11 17:01:57.447 +01:00 [INF] Executed DbCommand (3ms) [Parameters=[@__p_0='?' (DbType = Int32)], CommandType='"Text"', CommandTimeout='30']
SELECT TOP(1) [v].[Id], [v].[Ano], [v].[CategoriaUsuario], [v].[CondutorHabitualId], [v].[Cor], [v].[DataProximaIpo], [v].[EstaAtivo], [v].[Estado], [v].[IntervaloManutencaoKm], [v].[KmAtual], [v].[Marca], [v].[Matricula], [v].[Modelo], [v].[TecnicoResponsavelId], [v].[UltimaManutencaoData], [v].[UltimaManutencaoKm]
FROM [Veiculos] AS [v]
WHERE [v].[Id] = @__p_0
2026-06-11 17:01:57.455 +01:00 [INF] Executed DbCommand (3ms) [Parameters=[@p1='?' (DbType = Int32), @p0='?' (Size = 4000), @p2='?' (Size = 4000), @p3='?' (Size = 4000), @p4='?' (DbType = DateTime2), @p5='?' (DbType = DateTime2), @p6='?' (DbType = DateTime2), @p7='?' (DbType = Boolean), @p8='?' (Size = 4000), @p9='?' (DbType = Boolean), @p10='?' (DbType = Int32)], CommandType='"Text"', CommandTimeout='30']
SET NOCOUNT ON;
UPDATE [Veiculos] SET [Estado] = @p0
OUTPUT 1
WHERE [Id] = @p1;
INSERT INTO [Viagens] ([CondutorPrincipalId], [CondutorSecundarioId], [DataFim], [DataInicio], [DataLimitePrevista], [EstaAtiva], [ObservacoesEntrega], [PediuProrrogacao], [VeiculoId])
OUTPUT INSERTED.[Id]
VALUES (@p2, @p3, @p4, @p5, @p6, @p7, @p8, @p9, @p10);
2026-06-11 17:01:57.478 +01:00 [INF] Executed DbCommand (1ms) [Parameters=[@p0='?' (DbType = DateTime2), @p1='?' (Size = 4000), @p2='?' (Size = 4000), @p3='?' (Size = 4000), @p4='?' (DbType = Int32), @p5='?' (Size = 4000)], CommandType='"Text"', CommandTimeout='30']
SET IMPLICIT_TRANSACTIONS OFF;
SET NOCOUNT ON;
INSERT INTO [LogsSistema] ([Data], [Descricao], [MetodoHttp], [Rota], [StatusCode], [Utilizador])
OUTPUT INSERTED.[Id]
VALUES (@p0, @p1, @p2, @p3, @p4, @p5);
2026-06-11 17:01:57.482 +01:00 [INF] Executing OkObjectResult, writing value of type 'GestoreDeFrotas.Models.Viagem'.
2026-06-11 17:01:57.484 +01:00 [INF] Executed action GestoreDeFrotas.Controllers.ViagensController.Iniciar (GestoreDeFrotas) in 48.9341ms
2026-06-11 17:01:57.486 +01:00 [INF] Executed endpoint 'GestoreDeFrotas.Controllers.ViagensController.Iniciar (GestoreDeFrotas)'
2026-06-11 17:01:57.487 +01:00 [INF] Request finished HTTP/2 POST https://localhost:7231/api/Viagens/iniciar/3 - 200 null application/json; charset=utf-8 63.1347ms
2026-06-11 17:02:07.711 +01:00 [INF] Request starting HTTP/2 POST https://localhost:7231/api/Viagens/finalizar/3 - application/json 30
2026-06-11 17:02:07.716 +01:00 [INF] Executing endpoint 'GestoreDeFrotas.Controllers.ViagensController.Finalizar (GestoreDeFrotas)'
2026-06-11 17:02:07.718 +01:00 [INF] Route matched with {action = "Finalizar", controller = "Viagens"}. Executing controller action with signature System.Threading.Tasks.Task`1[Microsoft.AspNetCore.Mvc.IActionResult] Finalizar(Int32, GestoreDeFrotas.Controllers.EntregaViagemDto) on controller GestoreDeFrotas.Controllers.ViagensController (GestoreDeFrotas).
2026-06-11 17:02:07.723 +01:00 [INF] Executing BadRequestObjectResult, writing value of type 'Microsoft.AspNetCore.Mvc.ValidationProblemDetails'.
2026-06-11 17:02:07.726 +01:00 [INF] Executed action GestoreDeFrotas.Controllers.ViagensController.Finalizar (GestoreDeFrotas) in 4.7496ms
2026-06-11 17:02:07.731 +01:00 [INF] Executed endpoint 'GestoreDeFrotas.Controllers.ViagensController.Finalizar (GestoreDeFrotas)'
2026-06-11 17:02:07.753 +01:00 [INF] Executed DbCommand (19ms) [Parameters=[@p0='?' (DbType = DateTime2), @p1='?' (Size = 4000), @p2='?' (Size = 4000), @p3='?' (DbType = Boolean), @p4='?' (Size = 4000), @p5='?' (DbType = Int32)], CommandType='"Text"', CommandTimeout='30']
SET IMPLICIT_TRANSACTIONS OFF;
SET NOCOUNT ON;
INSERT INTO [Notificacoes] ([DataCriacao], [DestinatarioId], [Grau], [Lida], [Mensagem], [VeiculoId])
OUTPUT INSERTED.[Id]
VALUES (@p0, @p1, @p2, @p3, @p4, @p5);
2026-06-11 17:02:07.758 +01:00 [INF] Executed DbCommand (1ms) [Parameters=[@p0='?' (DbType = DateTime2), @p1='?' (Size = 4000), @p2='?' (Size = 4000), @p3='?' (Size = 4000), @p4='?' (DbType = Int32), @p5='?' (Size = 4000)], CommandType='"Text"', CommandTimeout='30']
SET IMPLICIT_TRANSACTIONS OFF;
SET NOCOUNT ON;
INSERT INTO [LogsSistema] ([Data], [Descricao], [MetodoHttp], [Rota], [StatusCode], [Utilizador])
OUTPUT INSERTED.[Id]
VALUES (@p0, @p1, @p2, @p3, @p4, @p5);
2026-06-11 17:02:07.762 +01:00 [INF] Request finished HTTP/2 POST https://localhost:7231/api/Viagens/finalizar/3 - 400 null application/problem+json; charset=utf-8 50.6653ms
2026-06-11 17:02:18.254 +01:00 [INF] Request starting HTTP/2 POST https://localhost:7231/api/Viagens/3/prorrogacao?horas=2 - null 0
2026-06-11 17:02:18.276 +01:00 [INF] Executing endpoint 'GestoreDeFrotas.Controllers.ViagensController.SolicitarProrrogacao (GestoreDeFrotas)'
2026-06-11 17:02:18.324 +01:00 [INF] Route matched with {action = "SolicitarProrrogacao", controller = "Viagens"}. Executing controller action with signature System.Threading.Tasks.Task`1[Microsoft.AspNetCore.Mvc.IActionResult] SolicitarProrrogacao(Int32, Int32) on controller GestoreDeFrotas.Controllers.ViagensController (GestoreDeFrotas).
2026-06-11 17:02:18.346 +01:00 [INF] Executed DbCommand (3ms) [Parameters=[@__p_0='?' (DbType = Int32)], CommandType='"Text"', CommandTimeout='30']
SELECT TOP(1) [v].[Id], [v].[CondutorPrincipalId], [v].[CondutorSecundarioId], [v].[DataFim], [v].[DataInicio], [v].[DataLimitePrevista], [v].[EstaAtiva], [v].[ObservacoesEntrega], [v].[PediuProrrogacao], [v].[VeiculoId]
FROM [Viagens] AS [v]
WHERE [v].[Id] = @__p_0
2026-06-11 17:02:18.416 +01:00 [INF] Executed DbCommand (1ms) [Parameters=[@p0='?' (DbType = DateTime2), @p1='?' (Size = 4000), @p2='?' (Size = 4000), @p3='?' (Size = 4000), @p4='?' (DbType = Int32), @p5='?' (Size = 4000)], CommandType='"Text"', CommandTimeout='30']
SET IMPLICIT_TRANSACTIONS OFF;
SET NOCOUNT ON;
INSERT INTO [LogsSistema] ([Data], [Descricao], [MetodoHttp], [Rota], [StatusCode], [Utilizador])
OUTPUT INSERTED.[Id]
VALUES (@p0, @p1, @p2, @p3, @p4, @p5);
2026-06-11 17:02:18.420 +01:00 [INF] Executing BadRequestObjectResult, writing value of type '<>f__AnonymousType0`1[[System.String, System.Private.CoreLib, Version=9.0.0.0, Culture=neutral, PublicKeyToken=7cec85d7bea7798e]]'.
2026-06-11 17:02:18.421 +01:00 [INF] Executed action GestoreDeFrotas.Controllers.ViagensController.SolicitarProrrogacao (GestoreDeFrotas) in 91.1357ms
2026-06-11 17:02:18.423 +01:00 [INF] Executed endpoint 'GestoreDeFrotas.Controllers.ViagensController.SolicitarProrrogacao (GestoreDeFrotas)'
2026-06-11 17:02:18.426 +01:00 [INF] Executed DbCommand (1ms) [Parameters=[@p0='?' (DbType = DateTime2), @p1='?' (Size = 4000), @p2='?' (Size = 4000), @p3='?' (DbType = Boolean), @p4='?' (Size = 4000), @p5='?' (DbType = Int32)], CommandType='"Text"', CommandTimeout='30']
SET IMPLICIT_TRANSACTIONS OFF;
SET NOCOUNT ON;
INSERT INTO [Notificacoes] ([DataCriacao], [DestinatarioId], [Grau], [Lida], [Mensagem], [VeiculoId])
OUTPUT INSERTED.[Id]
VALUES (@p0, @p1, @p2, @p3, @p4, @p5);
2026-06-11 17:02:18.431 +01:00 [INF] Executed DbCommand (1ms) [Parameters=[@p0='?' (DbType = DateTime2), @p1='?' (Size = 4000), @p2='?' (Size = 4000), @p3='?' (Size = 4000), @p4='?' (DbType = Int32), @p5='?' (Size = 4000)], CommandType='"Text"', CommandTimeout='30']
SET IMPLICIT_TRANSACTIONS OFF;
SET NOCOUNT ON;
INSERT INTO [LogsSistema] ([Data], [Descricao], [MetodoHttp], [Rota], [StatusCode], [Utilizador])
OUTPUT INSERTED.[Id]
VALUES (@p0, @p1, @p2, @p3, @p4, @p5);
2026-06-11 17:02:18.434 +01:00 [INF] Request finished HTTP/2 POST https://localhost:7231/api/Viagens/3/prorrogacao?horas=2 - 400 null application/json; charset=utf-8 180.1422ms
2026-06-11 17:02:25.883 +01:00 [INF] Request starting HTTP/2 POST https://localhost:7231/api/Viagens/finalizar/3 - application/json 30
2026-06-11 17:02:25.887 +01:00 [INF] Executing endpoint 'GestoreDeFrotas.Controllers.ViagensController.Finalizar (GestoreDeFrotas)'
2026-06-11 17:02:25.889 +01:00 [INF] Route matched with {action = "Finalizar", controller = "Viagens"}. Executing controller action with signature System.Threading.Tasks.Task`1[Microsoft.AspNetCore.Mvc.IActionResult] Finalizar(Int32, GestoreDeFrotas.Controllers.EntregaViagemDto) on controller GestoreDeFrotas.Controllers.ViagensController (GestoreDeFrotas).
2026-06-11 17:02:25.894 +01:00 [INF] Executing BadRequestObjectResult, writing value of type 'Microsoft.AspNetCore.Mvc.ValidationProblemDetails'.
2026-06-11 17:02:25.896 +01:00 [INF] Executed action GestoreDeFrotas.Controllers.ViagensController.Finalizar (GestoreDeFrotas) in 4.0158ms
2026-06-11 17:02:25.898 +01:00 [INF] Executed endpoint 'GestoreDeFrotas.Controllers.ViagensController.Finalizar (GestoreDeFrotas)'
2026-06-11 17:02:25.908 +01:00 [INF] Executed DbCommand (5ms) [Parameters=[@p0='?' (DbType = DateTime2), @p1='?' (Size = 4000), @p2='?' (Size = 4000), @p3='?' (DbType = Boolean), @p4='?' (Size = 4000), @p5='?' (DbType = Int32)], CommandType='"Text"', CommandTimeout='30']
SET IMPLICIT_TRANSACTIONS OFF;
SET NOCOUNT ON;
INSERT INTO [Notificacoes] ([DataCriacao], [DestinatarioId], [Grau], [Lida], [Mensagem], [VeiculoId])
OUTPUT INSERTED.[Id]
VALUES (@p0, @p1, @p2, @p3, @p4, @p5);
2026-06-11 17:02:25.914 +01:00 [INF] Executed DbCommand (1ms) [Parameters=[@p0='?' (DbType = DateTime2), @p1='?' (Size = 4000), @p2='?' (Size = 4000), @p3='?' (Size = 4000), @p4='?' (DbType = Int32), @p5='?' (Size = 4000)], CommandType='"Text"', CommandTimeout='30']
SET IMPLICIT_TRANSACTIONS OFF;
SET NOCOUNT ON;
INSERT INTO [LogsSistema] ([Data], [Descricao], [MetodoHttp], [Rota], [StatusCode], [Utilizador])
OUTPUT INSERTED.[Id]
VALUES (@p0, @p1, @p2, @p3, @p4, @p5);
2026-06-11 17:02:25.917 +01:00 [INF] Request finished HTTP/2 POST https://localhost:7231/api/Viagens/finalizar/3 - 400 null application/problem+json; charset=utf-8 33.6634ms
2026-06-11 17:05:00.788 +01:00 [INF] Request starting HTTP/2 POST https://localhost:7231/api/Viagens/finalizar/3 - application/json 34
2026-06-11 17:05:00.796 +01:00 [INF] Executing endpoint 'GestoreDeFrotas.Controllers.ViagensController.Finalizar (GestoreDeFrotas)'
2026-06-11 17:05:00.797 +01:00 [INF] Route matched with {action = "Finalizar", controller = "Viagens"}. Executing controller action with signature System.Threading.Tasks.Task`1[Microsoft.AspNetCore.Mvc.IActionResult] Finalizar(Int32, GestoreDeFrotas.Controllers.EntregaViagemDto) on controller GestoreDeFrotas.Controllers.ViagensController (GestoreDeFrotas).
2026-06-11 17:05:01.244 +01:00 [INF] Executed DbCommand (346ms) [Parameters=[@__p_0='?' (DbType = Int32)], CommandType='"Text"', CommandTimeout='30']
SELECT TOP(1) [v].[Id], [v].[CondutorPrincipalId], [v].[CondutorSecundarioId], [v].[DataFim], [v].[DataInicio], [v].[DataLimitePrevista], [v].[EstaAtiva], [v].[ObservacoesEntrega], [v].[PediuProrrogacao], [v].[VeiculoId]
FROM [Viagens] AS [v]
WHERE [v].[Id] = @__p_0
2026-06-11 17:05:01.309 +01:00 [INF] Executed DbCommand (3ms) [Parameters=[@p0='?' (DbType = DateTime2), @p1='?' (Size = 4000), @p2='?' (Size = 4000), @p3='?' (Size = 4000), @p4='?' (DbType = Int32), @p5='?' (Size = 4000)], CommandType='"Text"', CommandTimeout='30']
SET IMPLICIT_TRANSACTIONS OFF;
SET NOCOUNT ON;
INSERT INTO [LogsSistema] ([Data], [Descricao], [MetodoHttp], [Rota], [StatusCode], [Utilizador])
OUTPUT INSERTED.[Id]
VALUES (@p0, @p1, @p2, @p3, @p4, @p5);
2026-06-11 17:05:01.312 +01:00 [INF] Executing BadRequestObjectResult, writing value of type '<>f__AnonymousType4`1[[System.String, System.Private.CoreLib, Version=9.0.0.0, Culture=neutral, PublicKeyToken=7cec85d7bea7798e]]'.
2026-06-11 17:05:01.314 +01:00 [INF] Executed action GestoreDeFrotas.Controllers.ViagensController.Finalizar (GestoreDeFrotas) in 419.361ms
2026-06-11 17:05:01.316 +01:00 [INF] Executed endpoint 'GestoreDeFrotas.Controllers.ViagensController.Finalizar (GestoreDeFrotas)'
2026-06-11 17:05:01.320 +01:00 [INF] Executed DbCommand (3ms) [Parameters=[@p0='?' (DbType = DateTime2), @p1='?' (Size = 4000), @p2='?' (Size = 4000), @p3='?' (DbType = Boolean), @p4='?' (Size = 4000), @p5='?' (DbType = Int32)], CommandType='"Text"', CommandTimeout='30']
SET IMPLICIT_TRANSACTIONS OFF;
SET NOCOUNT ON;
INSERT INTO [Notificacoes] ([DataCriacao], [DestinatarioId], [Grau], [Lida], [Mensagem], [VeiculoId])
OUTPUT INSERTED.[Id]
VALUES (@p0, @p1, @p2, @p3, @p4, @p5);
2026-06-11 17:05:01.332 +01:00 [INF] Executed DbCommand (7ms) [Parameters=[@p0='?' (DbType = DateTime2), @p1='?' (Size = 4000), @p2='?' (Size = 4000), @p3='?' (Size = 4000), @p4='?' (DbType = Int32), @p5='?' (Size = 4000)], CommandType='"Text"', CommandTimeout='30']
SET IMPLICIT_TRANSACTIONS OFF;
SET NOCOUNT ON;
INSERT INTO [LogsSistema] ([Data], [Descricao], [MetodoHttp], [Rota], [StatusCode], [Utilizador])
OUTPUT INSERTED.[Id]
VALUES (@p0, @p1, @p2, @p3, @p4, @p5);
2026-06-11 17:05:01.336 +01:00 [INF] Request finished HTTP/2 POST https://localhost:7231/api/Viagens/finalizar/3 - 400 null application/json; charset=utf-8 547.6581ms
2026-06-11 17:05:13.785 +01:00 [INF] Request starting HTTP/2 POST https://localhost:7231/api/Viagens/finalizar/2 - application/json 34
2026-06-11 17:05:13.788 +01:00 [INF] Executing endpoint 'GestoreDeFrotas.Controllers.ViagensController.Finalizar (GestoreDeFrotas)'
2026-06-11 17:05:13.791 +01:00 [INF] Route matched with {action = "Finalizar", controller = "Viagens"}. Executing controller action with signature System.Threading.Tasks.Task`1[Microsoft.AspNetCore.Mvc.IActionResult] Finalizar(Int32, GestoreDeFrotas.Controllers.EntregaViagemDto) on controller GestoreDeFrotas.Controllers.ViagensController (GestoreDeFrotas).
2026-06-11 17:05:13.868 +01:00 [INF] Executed DbCommand (1ms) [Parameters=[@__p_0='?' (DbType = Int32)], CommandType='"Text"', CommandTimeout='30']
SELECT TOP(1) [v].[Id], [v].[CondutorPrincipalId], [v].[CondutorSecundarioId], [v].[DataFim], [v].[DataInicio], [v].[DataLimitePrevista], [v].[EstaAtiva], [v].[ObservacoesEntrega], [v].[PediuProrrogacao], [v].[VeiculoId]
FROM [Viagens] AS [v]
WHERE [v].[Id] = @__p_0
2026-06-11 17:05:14.340 +01:00 [INF] Executed DbCommand (6ms) [Parameters=[@__p_0='?' (DbType = Int32)], CommandType='"Text"', CommandTimeout='30']
SELECT TOP(1) [v].[Id], [v].[Ano], [v].[CategoriaUsuario], [v].[CondutorHabitualId], [v].[Cor], [v].[DataProximaIpo], [v].[EstaAtivo], [v].[Estado], [v].[IntervaloManutencaoKm], [v].[KmAtual], [v].[Marca], [v].[Matricula], [v].[Modelo], [v].[TecnicoResponsavelId], [v].[UltimaManutencaoData], [v].[UltimaManutencaoKm]
FROM [Veiculos] AS [v]
WHERE [v].[Id] = @__p_0
2026-06-11 17:05:14.354 +01:00 [INF] Executed DbCommand (4ms) [Parameters=[@__veiculoId_Value_0='?' (DbType = Int32)], CommandType='"Text"', CommandTimeout='30']
SELECT TOP(1) [v].[Id], [v].[Ano], [v].[CategoriaUsuario], [v].[CondutorHabitualId], [v].[Cor], [v].[DataProximaIpo], [v].[EstaAtivo], [v].[Estado], [v].[IntervaloManutencaoKm], [v].[KmAtual], [v].[Marca], [v].[Matricula], [v].[Modelo], [v].[TecnicoResponsavelId], [v].[UltimaManutencaoData], [v].[UltimaManutencaoKm]
FROM [Veiculos] AS [v]
WHERE [v].[Id] = @__veiculoId_Value_0
2026-06-11 17:05:14.368 +01:00 [INF] Executed DbCommand (8ms) [Parameters=[@p0='?' (DbType = DateTime2), @p1='?' (Size = 4000), @p2='?' (Size = 4000), @p3='?' (DbType = Boolean), @p4='?' (Size = 4000), @p5='?' (DbType = Int32), @p7='?' (DbType = Int32), @p6='?' (Size = 4000), @p11='?' (DbType = Int32), @p8='?' (DbType = DateTime2), @p9='?' (DbType = Boolean), @p10='?' (Size = 4000)], CommandType='"Text"', CommandTimeout='30']
SET NOCOUNT ON;
INSERT INTO [Notificacoes] ([DataCriacao], [DestinatarioId], [Grau], [Lida], [Mensagem], [VeiculoId])
OUTPUT INSERTED.[Id]
VALUES (@p0, @p1, @p2, @p3, @p4, @p5);
UPDATE [Veiculos] SET [Estado] = @p6
OUTPUT 1
WHERE [Id] = @p7;
UPDATE [Viagens] SET [DataFim] = @p8, [EstaAtiva] = @p9, [ObservacoesEntrega] = @p10
OUTPUT 1
WHERE [Id] = @p11;
2026-06-11 17:05:14.395 +01:00 [INF] Executed DbCommand (20ms) [Parameters=[@p0='?' (DbType = DateTime2), @p1='?' (Size = 4000), @p2='?' (Size = 4000), @p3='?' (DbType = Boolean), @p4='?' (Size = 4000), @p5='?' (DbType = Int32)], CommandType='"Text"', CommandTimeout='30']
SET IMPLICIT_TRANSACTIONS OFF;
SET NOCOUNT ON;
INSERT INTO [Notificacoes] ([DataCriacao], [DestinatarioId], [Grau], [Lida], [Mensagem], [VeiculoId])
OUTPUT INSERTED.[Id]
VALUES (@p0, @p1, @p2, @p3, @p4, @p5);
2026-06-11 17:05:14.497 +01:00 [ERR] An exception occurred in the database while saving changes for context type 'GestoreDeFrotas.Data.AppDbContext'.
Microsoft.EntityFrameworkCore.DbUpdateException: An error occurred while saving the entity changes. See the inner exception for details.
 ---> Microsoft.Data.SqlClient.SqlException (0x80131904): Cannot insert the value NULL into column 'DestinatarioId', table 'GestaoFrotasDB.dbo.Notificacoes'; column does not allow nulls. INSERT fails.
   at Microsoft.Data.SqlClient.SqlConnection.OnError(SqlException exception, Boolean breakConnection, Action`1 wrapCloseInAction)
   at Microsoft.Data.SqlClient.SqlInternalConnection.OnError(SqlException exception, Boolean breakConnection, Action`1 wrapCloseInAction)
   at Microsoft.Data.SqlClient.TdsParser.ThrowExceptionAndWarning(TdsParserStateObject stateObj, Boolean callerHasConnectionLock, Boolean asyncClose)
   at Microsoft.Data.SqlClient.TdsParser.TryRun(RunBehavior runBehavior, SqlCommand cmdHandler, SqlDataReader dataStream, BulkCopySimpleResultSet bulkCopyHandler, TdsParserStateObject stateObj, Boolean& dataReady)
   at Microsoft.Data.SqlClient.SqlDataReader.TryHasMoreRows(Boolean& moreRows)
   at Microsoft.Data.SqlClient.SqlDataReader.TryReadInternal(Boolean setTimeout, Boolean& more)
   at Microsoft.Data.SqlClient.SqlDataReader.ReadAsyncExecute(Task task, Object state)
   at Microsoft.Data.SqlClient.SqlDataReader.InvokeAsyncCall[T](SqlDataReaderBaseAsyncCallContext`1 context)
--- End of stack trace from previous location ---
   at Microsoft.EntityFrameworkCore.Update.AffectedCountModificationCommandBatch.ConsumeResultSetAsync(Int32 startCommandIndex, RelationalDataReader reader, CancellationToken cancellationToken)
ClientConnectionId:8a10a647-13cc-4e89-92fb-da9c579ef31d
Error Number:515,State:2,Class:16
   --- End of inner exception stack trace ---
   at Microsoft.EntityFrameworkCore.Update.AffectedCountModificationCommandBatch.ConsumeResultSetAsync(Int32 startCommandIndex, RelationalDataReader reader, CancellationToken cancellationToken)
   at Microsoft.EntityFrameworkCore.Update.AffectedCountModificationCommandBatch.ConsumeAsync(RelationalDataReader reader, CancellationToken cancellationToken)
   at Microsoft.EntityFrameworkCore.Update.ReaderModificationCommandBatch.ExecuteAsync(IRelationalConnection connection, CancellationToken cancellationToken)
   at Microsoft.EntityFrameworkCore.Update.ReaderModificationCommandBatch.ExecuteAsync(IRelationalConnection connection, CancellationToken cancellationToken)
   at Microsoft.EntityFrameworkCore.SqlServer.Update.Internal.SqlServerModificationCommandBatch.ExecuteAsync(IRelationalConnection connection, CancellationToken cancellationToken)
   at Microsoft.EntityFrameworkCore.Update.Internal.BatchExecutor.ExecuteAsync(IEnumerable`1 commandBatches, IRelationalConnection connection, CancellationToken cancellationToken)
   at Microsoft.EntityFrameworkCore.Update.Internal.BatchExecutor.ExecuteAsync(IEnumerable`1 commandBatches, IRelationalConnection connection, CancellationToken cancellationToken)
   at Microsoft.EntityFrameworkCore.Update.Internal.BatchExecutor.ExecuteAsync(IEnumerable`1 commandBatches, IRelationalConnection connection, CancellationToken cancellationToken)
   at Microsoft.EntityFrameworkCore.Storage.RelationalDatabase.SaveChangesAsync(IList`1 entries, CancellationToken cancellationToken)
   at Microsoft.EntityFrameworkCore.ChangeTracking.Internal.StateManager.SaveChangesAsync(IList`1 entriesToSave, CancellationToken cancellationToken)
   at Microsoft.EntityFrameworkCore.ChangeTracking.Internal.StateManager.SaveChangesAsync(StateManager stateManager, Boolean acceptAllChangesOnSuccess, CancellationToken cancellationToken)
   at Microsoft.EntityFrameworkCore.SqlServer.Storage.Internal.SqlServerExecutionStrategy.ExecuteAsync[TState,TResult](TState state, Func`4 operation, Func`4 verifySucceeded, CancellationToken cancellationToken)
   at Microsoft.EntityFrameworkCore.DbContext.SaveChangesAsync(Boolean acceptAllChangesOnSuccess, CancellationToken cancellationToken)
Microsoft.EntityFrameworkCore.DbUpdateException: An error occurred while saving the entity changes. See the inner exception for details.
 ---> Microsoft.Data.SqlClient.SqlException (0x80131904): Cannot insert the value NULL into column 'DestinatarioId', table 'GestaoFrotasDB.dbo.Notificacoes'; column does not allow nulls. INSERT fails.
   at Microsoft.Data.SqlClient.SqlConnection.OnError(SqlException exception, Boolean breakConnection, Action`1 wrapCloseInAction)
   at Microsoft.Data.SqlClient.SqlInternalConnection.OnError(SqlException exception, Boolean breakConnection, Action`1 wrapCloseInAction)
   at Microsoft.Data.SqlClient.TdsParser.ThrowExceptionAndWarning(TdsParserStateObject stateObj, Boolean callerHasConnectionLock, Boolean asyncClose)
   at Microsoft.Data.SqlClient.TdsParser.TryRun(RunBehavior runBehavior, SqlCommand cmdHandler, SqlDataReader dataStream, BulkCopySimpleResultSet bulkCopyHandler, TdsParserStateObject stateObj, Boolean& dataReady)
   at Microsoft.Data.SqlClient.SqlDataReader.TryHasMoreRows(Boolean& moreRows)
   at Microsoft.Data.SqlClient.SqlDataReader.TryReadInternal(Boolean setTimeout, Boolean& more)
   at Microsoft.Data.SqlClient.SqlDataReader.ReadAsyncExecute(Task task, Object state)
   at Microsoft.Data.SqlClient.SqlDataReader.InvokeAsyncCall[T](SqlDataReaderBaseAsyncCallContext`1 context)
--- End of stack trace from previous location ---
   at Microsoft.EntityFrameworkCore.Update.AffectedCountModificationCommandBatch.ConsumeResultSetAsync(Int32 startCommandIndex, RelationalDataReader reader, CancellationToken cancellationToken)
ClientConnectionId:8a10a647-13cc-4e89-92fb-da9c579ef31d
Error Number:515,State:2,Class:16
   --- End of inner exception stack trace ---
   at Microsoft.EntityFrameworkCore.Update.AffectedCountModificationCommandBatch.ConsumeResultSetAsync(Int32 startCommandIndex, RelationalDataReader reader, CancellationToken cancellationToken)
   at Microsoft.EntityFrameworkCore.Update.AffectedCountModificationCommandBatch.ConsumeAsync(RelationalDataReader reader, CancellationToken cancellationToken)
   at Microsoft.EntityFrameworkCore.Update.ReaderModificationCommandBatch.ExecuteAsync(IRelationalConnection connection, CancellationToken cancellationToken)
   at Microsoft.EntityFrameworkCore.Update.ReaderModificationCommandBatch.ExecuteAsync(IRelationalConnection connection, CancellationToken cancellationToken)
   at Microsoft.EntityFrameworkCore.SqlServer.Update.Internal.SqlServerModificationCommandBatch.ExecuteAsync(IRelationalConnection connection, CancellationToken cancellationToken)
   at Microsoft.EntityFrameworkCore.Update.Internal.BatchExecutor.ExecuteAsync(IEnumerable`1 commandBatches, IRelationalConnection connection, CancellationToken cancellationToken)
   at Microsoft.EntityFrameworkCore.Update.Internal.BatchExecutor.ExecuteAsync(IEnumerable`1 commandBatches, IRelationalConnection connection, CancellationToken cancellationToken)
   at Microsoft.EntityFrameworkCore.Update.Internal.BatchExecutor.ExecuteAsync(IEnumerable`1 commandBatches, IRelationalConnection connection, CancellationToken cancellationToken)
   at Microsoft.EntityFrameworkCore.Storage.RelationalDatabase.SaveChangesAsync(IList`1 entries, CancellationToken cancellationToken)
   at Microsoft.EntityFrameworkCore.ChangeTracking.Internal.StateManager.SaveChangesAsync(IList`1 entriesToSave, CancellationToken cancellationToken)
   at Microsoft.EntityFrameworkCore.ChangeTracking.Internal.StateManager.SaveChangesAsync(StateManager stateManager, Boolean acceptAllChangesOnSuccess, CancellationToken cancellationToken)
   at Microsoft.EntityFrameworkCore.SqlServer.Storage.Internal.SqlServerExecutionStrategy.ExecuteAsync[TState,TResult](TState state, Func`4 operation, Func`4 verifySucceeded, CancellationToken cancellationToken)
   at Microsoft.EntityFrameworkCore.DbContext.SaveChangesAsync(Boolean acceptAllChangesOnSuccess, CancellationToken cancellationToken)
2026-06-11 17:05:15.651 +01:00 [INF] Executed DbCommand (200ms) [Parameters=[@p0='?' (DbType = DateTime2), @p1='?' (Size = 4000), @p2='?' (Size = 4000), @p3='?' (Size = 4000), @p4='?' (DbType = Int32), @p5='?' (Size = 4000), @p6='?' (DbType = DateTime2), @p7='?' (Size = 4000), @p8='?' (Size = 4000), @p9='?' (DbType = Boolean), @p10='?' (Size = 4000), @p11='?' (DbType = Int32)], CommandType='"Text"', CommandTimeout='30']
SET NOCOUNT ON;
INSERT INTO [LogsSistema] ([Data], [Descricao], [MetodoHttp], [Rota], [StatusCode], [Utilizador])
OUTPUT INSERTED.[Id]
VALUES (@p0, @p1, @p2, @p3, @p4, @p5);
INSERT INTO [Notificacoes] ([DataCriacao], [DestinatarioId], [Grau], [Lida], [Mensagem], [VeiculoId])
OUTPUT INSERTED.[Id]
VALUES (@p6, @p7, @p8, @p9, @p10, @p11);
2026-06-11 17:05:15.668 +01:00 [ERR] An exception occurred in the database while saving changes for context type 'GestoreDeFrotas.Data.AppDbContext'.
Microsoft.EntityFrameworkCore.DbUpdateException: An error occurred while saving the entity changes. See the inner exception for details.
 ---> Microsoft.Data.SqlClient.SqlException (0x80131904): Cannot insert the value NULL into column 'DestinatarioId', table 'GestaoFrotasDB.dbo.Notificacoes'; column does not allow nulls. INSERT fails.
   at Microsoft.Data.SqlClient.SqlConnection.OnError(SqlException exception, Boolean breakConnection, Action`1 wrapCloseInAction)
   at Microsoft.Data.SqlClient.SqlInternalConnection.OnError(SqlException exception, Boolean breakConnection, Action`1 wrapCloseInAction)
   at Microsoft.Data.SqlClient.TdsParser.ThrowExceptionAndWarning(TdsParserStateObject stateObj, Boolean callerHasConnectionLock, Boolean asyncClose)
   at Microsoft.Data.SqlClient.TdsParser.TryRun(RunBehavior runBehavior, SqlCommand cmdHandler, SqlDataReader dataStream, BulkCopySimpleResultSet bulkCopyHandler, TdsParserStateObject stateObj, Boolean& dataReady)
   at Microsoft.Data.SqlClient.SqlDataReader.TryHasMoreRows(Boolean& moreRows)
   at Microsoft.Data.SqlClient.SqlDataReader.TryReadInternal(Boolean setTimeout, Boolean& more)
   at Microsoft.Data.SqlClient.SqlDataReader.ReadAsyncExecute(Task task, Object state)
   at Microsoft.Data.SqlClient.SqlDataReader.InvokeAsyncCall[T](SqlDataReaderBaseAsyncCallContext`1 context)
--- End of stack trace from previous location ---
   at Microsoft.EntityFrameworkCore.Update.AffectedCountModificationCommandBatch.ConsumeResultSetAsync(Int32 startCommandIndex, RelationalDataReader reader, CancellationToken cancellationToken)
ClientConnectionId:8a10a647-13cc-4e89-92fb-da9c579ef31d
Error Number:515,State:2,Class:16
   --- End of inner exception stack trace ---
   at Microsoft.EntityFrameworkCore.Update.AffectedCountModificationCommandBatch.ConsumeResultSetAsync(Int32 startCommandIndex, RelationalDataReader reader, CancellationToken cancellationToken)
   at Microsoft.EntityFrameworkCore.Update.AffectedCountModificationCommandBatch.ConsumeAsync(RelationalDataReader reader, CancellationToken cancellationToken)
   at Microsoft.EntityFrameworkCore.Update.ReaderModificationCommandBatch.ExecuteAsync(IRelationalConnection connection, CancellationToken cancellationToken)
   at Microsoft.EntityFrameworkCore.Update.ReaderModificationCommandBatch.ExecuteAsync(IRelationalConnection connection, CancellationToken cancellationToken)
   at Microsoft.EntityFrameworkCore.SqlServer.Update.Internal.SqlServerModificationCommandBatch.ExecuteAsync(IRelationalConnection connection, CancellationToken cancellationToken)
   at Microsoft.EntityFrameworkCore.Update.Internal.BatchExecutor.ExecuteAsync(IEnumerable`1 commandBatches, IRelationalConnection connection, CancellationToken cancellationToken)
   at Microsoft.EntityFrameworkCore.Update.Internal.BatchExecutor.ExecuteAsync(IEnumerable`1 commandBatches, IRelationalConnection connection, CancellationToken cancellationToken)
   at Microsoft.EntityFrameworkCore.Update.Internal.BatchExecutor.ExecuteAsync(IEnumerable`1 commandBatches, IRelationalConnection connection, CancellationToken cancellationToken)
   at Microsoft.EntityFrameworkCore.Storage.RelationalDatabase.SaveChangesAsync(IList`1 entries, CancellationToken cancellationToken)
   at Microsoft.EntityFrameworkCore.ChangeTracking.Internal.StateManager.SaveChangesAsync(IList`1 entriesToSave, CancellationToken cancellationToken)
   at Microsoft.EntityFrameworkCore.ChangeTracking.Internal.StateManager.SaveChangesAsync(StateManager stateManager, Boolean acceptAllChangesOnSuccess, CancellationToken cancellationToken)
   at Microsoft.EntityFrameworkCore.SqlServer.Storage.Internal.SqlServerExecutionStrategy.ExecuteAsync[TState,TResult](TState state, Func`4 operation, Func`4 verifySucceeded, CancellationToken cancellationToken)
   at Microsoft.EntityFrameworkCore.DbContext.SaveChangesAsync(Boolean acceptAllChangesOnSuccess, CancellationToken cancellationToken)
Microsoft.EntityFrameworkCore.DbUpdateException: An error occurred while saving the entity changes. See the inner exception for details.
 ---> Microsoft.Data.SqlClient.SqlException (0x80131904): Cannot insert the value NULL into column 'DestinatarioId', table 'GestaoFrotasDB.dbo.Notificacoes'; column does not allow nulls. INSERT fails.
   at Microsoft.Data.SqlClient.SqlConnection.OnError(SqlException exception, Boolean breakConnection, Action`1 wrapCloseInAction)
   at Microsoft.Data.SqlClient.SqlInternalConnection.OnError(SqlException exception, Boolean breakConnection, Action`1 wrapCloseInAction)
   at Microsoft.Data.SqlClient.TdsParser.ThrowExceptionAndWarning(TdsParserStateObject stateObj, Boolean callerHasConnectionLock, Boolean asyncClose)
   at Microsoft.Data.SqlClient.TdsParser.TryRun(RunBehavior runBehavior, SqlCommand cmdHandler, SqlDataReader dataStream, BulkCopySimpleResultSet bulkCopyHandler, TdsParserStateObject stateObj, Boolean& dataReady)
   at Microsoft.Data.SqlClient.SqlDataReader.TryHasMoreRows(Boolean& moreRows)
   at Microsoft.Data.SqlClient.SqlDataReader.TryReadInternal(Boolean setTimeout, Boolean& more)
   at Microsoft.Data.SqlClient.SqlDataReader.ReadAsyncExecute(Task task, Object state)
   at Microsoft.Data.SqlClient.SqlDataReader.InvokeAsyncCall[T](SqlDataReaderBaseAsyncCallContext`1 context)
--- End of stack trace from previous location ---
   at Microsoft.EntityFrameworkCore.Update.AffectedCountModificationCommandBatch.ConsumeResultSetAsync(Int32 startCommandIndex, RelationalDataReader reader, CancellationToken cancellationToken)
ClientConnectionId:8a10a647-13cc-4e89-92fb-da9c579ef31d
Error Number:515,State:2,Class:16
   --- End of inner exception stack trace ---
   at Microsoft.EntityFrameworkCore.Update.AffectedCountModificationCommandBatch.ConsumeResultSetAsync(Int32 startCommandIndex, RelationalDataReader reader, CancellationToken cancellationToken)
   at Microsoft.EntityFrameworkCore.Update.AffectedCountModificationCommandBatch.ConsumeAsync(RelationalDataReader reader, CancellationToken cancellationToken)
   at Microsoft.EntityFrameworkCore.Update.ReaderModificationCommandBatch.ExecuteAsync(IRelationalConnection connection, CancellationToken cancellationToken)
   at Microsoft.EntityFrameworkCore.Update.ReaderModificationCommandBatch.ExecuteAsync(IRelationalConnection connection, CancellationToken cancellationToken)
   at Microsoft.EntityFrameworkCore.SqlServer.Update.Internal.SqlServerModificationCommandBatch.ExecuteAsync(IRelationalConnection connection, CancellationToken cancellationToken)
   at Microsoft.EntityFrameworkCore.Update.Internal.BatchExecutor.ExecuteAsync(IEnumerable`1 commandBatches, IRelationalConnection connection, CancellationToken cancellationToken)
   at Microsoft.EntityFrameworkCore.Update.Internal.BatchExecutor.ExecuteAsync(IEnumerable`1 commandBatches, IRelationalConnection connection, CancellationToken cancellationToken)
   at Microsoft.EntityFrameworkCore.Update.Internal.BatchExecutor.ExecuteAsync(IEnumerable`1 commandBatches, IRelationalConnection connection, CancellationToken cancellationToken)
   at Microsoft.EntityFrameworkCore.Storage.RelationalDatabase.SaveChangesAsync(IList`1 entries, CancellationToken cancellationToken)
   at Microsoft.EntityFrameworkCore.ChangeTracking.Internal.StateManager.SaveChangesAsync(IList`1 entriesToSave, CancellationToken cancellationToken)
   at Microsoft.EntityFrameworkCore.ChangeTracking.Internal.StateManager.SaveChangesAsync(StateManager stateManager, Boolean acceptAllChangesOnSuccess, CancellationToken cancellationToken)
   at Microsoft.EntityFrameworkCore.SqlServer.Storage.Internal.SqlServerExecutionStrategy.ExecuteAsync[TState,TResult](TState state, Func`4 operation, Func`4 verifySucceeded, CancellationToken cancellationToken)
   at Microsoft.EntityFrameworkCore.DbContext.SaveChangesAsync(Boolean acceptAllChangesOnSuccess, CancellationToken cancellationToken)
2026-06-11 17:08:54.277 +01:00 [INF] Executed DbCommand (36ms) [Parameters=[], CommandType='"Text"', CommandTimeout='30']
SELECT 1
2026-06-11 17:08:54.389 +01:00 [INF] Acquiring an exclusive lock for migration application. See https://aka.ms/efcore-docs-migrations-lock for more information if this takes too long.
2026-06-11 17:08:54.492 +01:00 [INF] Executed DbCommand (97ms) [Parameters=[], CommandType='"Text"', CommandTimeout='30']
DECLARE @result int;
EXEC @result = sp_getapplock @Resource = '__EFMigrationsLock', @LockOwner = 'Session', @LockMode = 'Exclusive';
SELECT @result
2026-06-11 17:08:54.627 +01:00 [INF] Executed DbCommand (24ms) [Parameters=[], CommandType='"Text"', CommandTimeout='30']
IF OBJECT_ID(N'[__EFMigrationsHistory]') IS NULL
BEGIN
    CREATE TABLE [__EFMigrationsHistory] (
        [MigrationId] nvarchar(150) NOT NULL,
        [ProductVersion] nvarchar(32) NOT NULL,
        CONSTRAINT [PK___EFMigrationsHistory] PRIMARY KEY ([MigrationId])
    );
END;
2026-06-11 17:08:54.642 +01:00 [INF] Executed DbCommand (2ms) [Parameters=[], CommandType='"Text"', CommandTimeout='30']
SELECT 1
2026-06-11 17:08:54.651 +01:00 [INF] Executed DbCommand (3ms) [Parameters=[], CommandType='"Text"', CommandTimeout='30']
SELECT OBJECT_ID(N'[__EFMigrationsHistory]');
2026-06-11 17:08:54.685 +01:00 [INF] Executed DbCommand (26ms) [Parameters=[], CommandType='"Text"', CommandTimeout='30']
SELECT [MigrationId], [ProductVersion]
FROM [__EFMigrationsHistory]
ORDER BY [MigrationId];
2026-06-11 17:08:54.697 +01:00 [INF] No migrations were applied. The database is already up to date.
2026-06-11 17:08:54.714 +01:00 [INF] Executed DbCommand (15ms) [Parameters=[], CommandType='"Text"', CommandTimeout='30']
DECLARE @result int;
EXEC @result = sp_releaseapplock @Resource = '__EFMigrationsLock', @LockOwner = 'Session';
SELECT @result
2026-06-11 17:08:55.090 +01:00 [INF] Executed DbCommand (15ms) [Parameters=[], CommandType='"Text"', CommandTimeout='30']
SELECT CASE
    WHEN EXISTS (
        SELECT 1
        FROM [Veiculos] AS [v]) THEN CAST(1 AS bit)
    ELSE CAST(0 AS bit)
END
2026-06-11 17:08:55.102 +01:00 [INF] Executed DbCommand (2ms) [Parameters=[], CommandType='"Text"', CommandTimeout='30']
SELECT CASE
    WHEN EXISTS (
        SELECT 1
        FROM [RegistosManutencao] AS [r]) THEN CAST(1 AS bit)
    ELSE CAST(0 AS bit)
END
2026-06-11 17:08:55.220 +01:00 [INF] Executed DbCommand (1ms) [Parameters=[], CommandType='"Text"', CommandTimeout='30']
SELECT 1
2026-06-11 17:08:55.391 +01:00 [INF] Executed DbCommand (166ms) [Parameters=[], CommandType='"Text"', CommandTimeout='30']

IF EXISTS
    (SELECT *
     FROM [sys].[objects] o
     WHERE [o].[type] = 'U'
     AND [o].[is_ms_shipped] = 0
     AND NOT EXISTS (SELECT *
         FROM [sys].[extended_properties] AS [ep]
         WHERE [ep].[major_id] = [o].[object_id]
             AND [ep].[minor_id] = 0
             AND [ep].[class] = 1
             AND [ep].[name] = N'microsoft_database_tools_support'
    )
)
SELECT 1 ELSE SELECT 0
2026-06-11 17:08:55.412 +01:00 [INF] Executed DbCommand (15ms) [Parameters=[], CommandType='"Text"', CommandTimeout='30']
SELECT CASE
    WHEN EXISTS (
        SELECT 1
        FROM [Veiculos] AS [v]) THEN CAST(1 AS bit)
    ELSE CAST(0 AS bit)
END
2026-06-11 17:08:55.430 +01:00 [INF] Executed DbCommand (9ms) [Parameters=[], CommandType='"Text"', CommandTimeout='30']
SELECT CASE
    WHEN EXISTS (
        SELECT 1
        FROM [Viagens] AS [v]) THEN CAST(1 AS bit)
    ELSE CAST(0 AS bit)
END
2026-06-11 17:08:55.712 +01:00 [INF] User profile is available. Using 'C:\Users\harri\AppData\Local\ASP.NET\DataProtection-Keys' as key repository and Windows DPAPI to encrypt keys at rest.
2026-06-11 17:08:56.438 +01:00 [INF] Now listening on: https://localhost:7231
2026-06-11 17:08:56.440 +01:00 [INF] Now listening on: http://localhost:5256
2026-06-11 17:08:56.603 +01:00 [INF] Application started. Press Ctrl+C to shut down.
2026-06-11 17:08:56.605 +01:00 [INF] Hosting environment: Development
2026-06-11 17:08:56.613 +01:00 [INF] Content root path: C:\Users\harri\OneDrive\Escritorio\Visual Studio\GestoreDeFrotas\Src
2026-06-11 17:10:21.416 +01:00 [INF] Request starting HTTP/2 GET https://localhost:7231/swagger/index.html - null null
2026-06-11 17:10:21.782 +01:00 [INF] Request finished HTTP/2 GET https://localhost:7231/swagger/index.html - 200 null text/html;charset=utf-8 386.6706ms
2026-06-11 17:10:21.899 +01:00 [INF] Request starting HTTP/2 GET https://localhost:7231/_framework/aspnetcore-browser-refresh.js - null null
2026-06-11 17:10:21.900 +01:00 [INF] Request starting HTTP/2 GET https://localhost:7231/_vs/browserLink - null null
2026-06-11 17:10:21.901 +01:00 [INF] Request starting HTTP/2 GET https://localhost:7231/swagger/index.js - null null
2026-06-11 17:10:21.942 +01:00 [INF] Request finished HTTP/2 GET https://localhost:7231/swagger/index.js - 200 null application/javascript;charset=utf-8 41.3516ms
2026-06-11 17:10:21.959 +01:00 [INF] Request finished HTTP/2 GET https://localhost:7231/_framework/aspnetcore-browser-refresh.js - 200 14935 application/javascript; charset=utf-8 61.0512ms
2026-06-11 17:10:22.024 +01:00 [INF] Request finished HTTP/2 GET https://localhost:7231/_vs/browserLink - 200 null text/javascript; charset=UTF-8 119.9912ms
2026-06-11 17:10:24.466 +01:00 [INF] Request starting HTTP/2 GET https://localhost:7231/swagger/v1/swagger.json - null null
2026-06-11 17:10:24.481 +01:00 [INF] Request starting HTTP/2 GET https://localhost:7231/swagger/favicon-32x32.png - null null
2026-06-11 17:10:24.619 +01:00 [INF] Request finished HTTP/2 GET https://localhost:7231/swagger/v1/swagger.json - 200 null application/json;charset=utf-8 153.5428ms
2026-06-11 17:10:24.625 +01:00 [INF] Sending file. Request path: '/favicon-32x32.png'. Physical path: 'N/A'
2026-06-11 17:10:24.630 +01:00 [INF] Request finished HTTP/2 GET https://localhost:7231/swagger/favicon-32x32.png - 200 628 image/png 149.0819ms
2026-06-11 17:10:37.733 +01:00 [INF] Request starting HTTP/2 POST https://localhost:7231/api/auth/teste-token?cargo=Admin - null 0
2026-06-11 17:10:37.926 +01:00 [INF] Executing endpoint 'HTTP: POST /api/auth/teste-token'
2026-06-11 17:10:38.006 +01:00 [INF] Setting HTTP status code 200.
2026-06-11 17:10:38.011 +01:00 [INF] Writing value of type '<>f__AnonymousType17`1' as Json.
2026-06-11 17:10:38.015 +01:00 [INF] Executed endpoint 'HTTP: POST /api/auth/teste-token'
2026-06-11 17:10:38.021 +01:00 [INF] Request finished HTTP/2 POST https://localhost:7231/api/auth/teste-token?cargo=Admin - 200 null application/json; charset=utf-8 288.1575ms
2026-06-11 17:11:28.423 +01:00 [INF] Request starting HTTP/2 POST https://localhost:7231/api/Viagens/iniciar/2 - null 0
2026-06-11 17:11:28.498 +01:00 [INF] Executing endpoint 'GestoreDeFrotas.Controllers.ViagensController.Iniciar (GestoreDeFrotas)'
2026-06-11 17:11:28.537 +01:00 [INF] Route matched with {action = "Iniciar", controller = "Viagens"}. Executing controller action with signature System.Threading.Tasks.Task`1[Microsoft.AspNetCore.Mvc.IActionResult] Iniciar(Int32) on controller GestoreDeFrotas.Controllers.ViagensController (GestoreDeFrotas).
2026-06-11 17:11:28.774 +01:00 [INF] Executed DbCommand (62ms) [Parameters=[@__veiculoId_0='?' (DbType = Int32)], CommandType='"Text"', CommandTimeout='30']
SELECT CASE
    WHEN EXISTS (
        SELECT 1
        FROM [Viagens] AS [v]
        WHERE [v].[VeiculoId] = @__veiculoId_0 AND [v].[EstaAtiva] = CAST(1 AS bit)) THEN CAST(1 AS bit)
    ELSE CAST(0 AS bit)
END
2026-06-11 17:11:29.292 +01:00 [INF] Executed DbCommand (15ms) [Parameters=[@p0='?' (DbType = DateTime2), @p1='?' (Size = 4000), @p2='?' (Size = 4000), @p3='?' (Size = 4000), @p4='?' (DbType = Int32), @p5='?' (Size = 4000)], CommandType='"Text"', CommandTimeout='30']
SET IMPLICIT_TRANSACTIONS OFF;
SET NOCOUNT ON;
INSERT INTO [LogsSistema] ([Data], [Descricao], [MetodoHttp], [Rota], [StatusCode], [Utilizador])
OUTPUT INSERTED.[Id]
VALUES (@p0, @p1, @p2, @p3, @p4, @p5);
2026-06-11 17:11:29.325 +01:00 [INF] Executing BadRequestObjectResult, writing value of type '<>f__AnonymousType4`1[[System.String, System.Private.CoreLib, Version=9.0.0.0, Culture=neutral, PublicKeyToken=7cec85d7bea7798e]]'.
2026-06-11 17:11:29.335 +01:00 [INF] Executed action GestoreDeFrotas.Controllers.ViagensController.Iniciar (GestoreDeFrotas) in 790.1629ms
2026-06-11 17:11:29.339 +01:00 [INF] Executed endpoint 'GestoreDeFrotas.Controllers.ViagensController.Iniciar (GestoreDeFrotas)'
2026-06-11 17:11:29.372 +01:00 [INF] Executed DbCommand (4ms) [Parameters=[@p0='?' (DbType = DateTime2), @p1='?' (Size = 4000), @p2='?' (Size = 4000), @p3='?' (DbType = Boolean), @p4='?' (Size = 4000), @p5='?' (DbType = Int32)], CommandType='"Text"', CommandTimeout='30']
SET IMPLICIT_TRANSACTIONS OFF;
SET NOCOUNT ON;
INSERT INTO [Notificacoes] ([DataCriacao], [DestinatarioId], [Grau], [Lida], [Mensagem], [VeiculoId])
OUTPUT INSERTED.[Id]
VALUES (@p0, @p1, @p2, @p3, @p4, @p5);
2026-06-11 17:11:29.379 +01:00 [INF] Executed DbCommand (1ms) [Parameters=[@p0='?' (DbType = DateTime2), @p1='?' (Size = 4000), @p2='?' (Size = 4000), @p3='?' (Size = 4000), @p4='?' (DbType = Int32), @p5='?' (Size = 4000)], CommandType='"Text"', CommandTimeout='30']
SET IMPLICIT_TRANSACTIONS OFF;
SET NOCOUNT ON;
INSERT INTO [LogsSistema] ([Data], [Descricao], [MetodoHttp], [Rota], [StatusCode], [Utilizador])
OUTPUT INSERTED.[Id]
VALUES (@p0, @p1, @p2, @p3, @p4, @p5);
2026-06-11 17:11:29.390 +01:00 [INF] Request finished HTTP/2 POST https://localhost:7231/api/Viagens/iniciar/2 - 400 null application/json; charset=utf-8 966.9402ms
2026-06-11 17:11:54.197 +01:00 [INF] Request starting HTTP/2 POST https://localhost:7231/api/vehicles - application/json 433
2026-06-11 17:11:54.209 +01:00 [INF] Executing endpoint 'GestoreDeFrotas.Controllers.VeiculosController.Create (GestoreDeFrotas)'
2026-06-11 17:11:54.235 +01:00 [INF] Route matched with {action = "Create", controller = "Veiculos"}. Executing controller action with signature System.Threading.Tasks.Task`1[Microsoft.AspNetCore.Mvc.IActionResult] Create(GestoreDeFrotas.Models.Veiculo) on controller GestoreDeFrotas.Controllers.VeiculosController (GestoreDeFrotas).
2026-06-11 17:11:54.353 +01:00 [INF] Executing BadRequestObjectResult, writing value of type 'System.Linq.Enumerable+ListSelectIterator`2[[FluentValidation.Results.ValidationFailure, FluentValidation, Version=11.0.0.0, Culture=neutral, PublicKeyToken=7de548da2fbae0f0],[System.String, System.Private.CoreLib, Version=9.0.0.0, Culture=neutral, PublicKeyToken=7cec85d7bea7798e]]'.
2026-06-11 17:11:54.358 +01:00 [INF] Executed action GestoreDeFrotas.Controllers.VeiculosController.Create (GestoreDeFrotas) in 119.661ms
2026-06-11 17:11:54.368 +01:00 [INF] Executed endpoint 'GestoreDeFrotas.Controllers.VeiculosController.Create (GestoreDeFrotas)'
2026-06-11 17:11:54.381 +01:00 [INF] Executed DbCommand (6ms) [Parameters=[@p0='?' (DbType = DateTime2), @p1='?' (Size = 4000), @p2='?' (Size = 4000), @p3='?' (DbType = Boolean), @p4='?' (Size = 4000), @p5='?' (DbType = Int32)], CommandType='"Text"', CommandTimeout='30']
SET IMPLICIT_TRANSACTIONS OFF;
SET NOCOUNT ON;
INSERT INTO [Notificacoes] ([DataCriacao], [DestinatarioId], [Grau], [Lida], [Mensagem], [VeiculoId])
OUTPUT INSERTED.[Id]
VALUES (@p0, @p1, @p2, @p3, @p4, @p5);
2026-06-11 17:11:54.397 +01:00 [INF] Executed DbCommand (4ms) [Parameters=[@p0='?' (DbType = DateTime2), @p1='?' (Size = 4000), @p2='?' (Size = 4000), @p3='?' (Size = 4000), @p4='?' (DbType = Int32), @p5='?' (Size = 4000)], CommandType='"Text"', CommandTimeout='30']
SET IMPLICIT_TRANSACTIONS OFF;
SET NOCOUNT ON;
INSERT INTO [LogsSistema] ([Data], [Descricao], [MetodoHttp], [Rota], [StatusCode], [Utilizador])
OUTPUT INSERTED.[Id]
VALUES (@p0, @p1, @p2, @p3, @p4, @p5);
2026-06-11 17:11:54.410 +01:00 [INF] Request finished HTTP/2 POST https://localhost:7231/api/vehicles - 400 null application/json; charset=utf-8 212.3856ms
2026-06-11 17:12:07.060 +01:00 [INF] Request starting HTTP/2 POST https://localhost:7231/api/vehicles - application/json 432
2026-06-11 17:12:07.148 +01:00 [INF] Executing endpoint 'GestoreDeFrotas.Controllers.VeiculosController.Create (GestoreDeFrotas)'
2026-06-11 17:12:07.153 +01:00 [INF] Route matched with {action = "Create", controller = "Veiculos"}. Executing controller action with signature System.Threading.Tasks.Task`1[Microsoft.AspNetCore.Mvc.IActionResult] Create(GestoreDeFrotas.Models.Veiculo) on controller GestoreDeFrotas.Controllers.VeiculosController (GestoreDeFrotas).
2026-06-11 17:12:07.159 +01:00 [INF] Executing BadRequestObjectResult, writing value of type 'System.Linq.Enumerable+ListSelectIterator`2[[FluentValidation.Results.ValidationFailure, FluentValidation, Version=11.0.0.0, Culture=neutral, PublicKeyToken=7de548da2fbae0f0],[System.String, System.Private.CoreLib, Version=9.0.0.0, Culture=neutral, PublicKeyToken=7cec85d7bea7798e]]'.
2026-06-11 17:12:07.161 +01:00 [INF] Executed action GestoreDeFrotas.Controllers.VeiculosController.Create (GestoreDeFrotas) in 4.2247ms
2026-06-11 17:12:07.163 +01:00 [INF] Executed endpoint 'GestoreDeFrotas.Controllers.VeiculosController.Create (GestoreDeFrotas)'
2026-06-11 17:12:07.188 +01:00 [INF] Executed DbCommand (20ms) [Parameters=[@p0='?' (DbType = DateTime2), @p1='?' (Size = 4000), @p2='?' (Size = 4000), @p3='?' (DbType = Boolean), @p4='?' (Size = 4000), @p5='?' (DbType = Int32)], CommandType='"Text"', CommandTimeout='30']
SET IMPLICIT_TRANSACTIONS OFF;
SET NOCOUNT ON;
INSERT INTO [Notificacoes] ([DataCriacao], [DestinatarioId], [Grau], [Lida], [Mensagem], [VeiculoId])
OUTPUT INSERTED.[Id]
VALUES (@p0, @p1, @p2, @p3, @p4, @p5);
2026-06-11 17:12:07.196 +01:00 [INF] Executed DbCommand (3ms) [Parameters=[@p0='?' (DbType = DateTime2), @p1='?' (Size = 4000), @p2='?' (Size = 4000), @p3='?' (Size = 4000), @p4='?' (DbType = Int32), @p5='?' (Size = 4000)], CommandType='"Text"', CommandTimeout='30']
SET IMPLICIT_TRANSACTIONS OFF;
SET NOCOUNT ON;
INSERT INTO [LogsSistema] ([Data], [Descricao], [MetodoHttp], [Rota], [StatusCode], [Utilizador])
OUTPUT INSERTED.[Id]
VALUES (@p0, @p1, @p2, @p3, @p4, @p5);
2026-06-11 17:12:07.201 +01:00 [INF] Request finished HTTP/2 POST https://localhost:7231/api/vehicles - 400 null application/json; charset=utf-8 141.173ms
2026-06-11 17:12:51.732 +01:00 [INF] Request starting HTTP/2 POST https://localhost:7231/api/vehicles - application/json 436
2026-06-11 17:12:51.774 +01:00 [INF] Executing endpoint 'GestoreDeFrotas.Controllers.VeiculosController.Create (GestoreDeFrotas)'
2026-06-11 17:12:51.777 +01:00 [INF] Route matched with {action = "Create", controller = "Veiculos"}. Executing controller action with signature System.Threading.Tasks.Task`1[Microsoft.AspNetCore.Mvc.IActionResult] Create(GestoreDeFrotas.Models.Veiculo) on controller GestoreDeFrotas.Controllers.VeiculosController (GestoreDeFrotas).
2026-06-11 17:12:51.783 +01:00 [INF] Executing BadRequestObjectResult, writing value of type 'System.Linq.Enumerable+ListSelectIterator`2[[FluentValidation.Results.ValidationFailure, FluentValidation, Version=11.0.0.0, Culture=neutral, PublicKeyToken=7de548da2fbae0f0],[System.String, System.Private.CoreLib, Version=9.0.0.0, Culture=neutral, PublicKeyToken=7cec85d7bea7798e]]'.
2026-06-11 17:12:51.785 +01:00 [INF] Executed action GestoreDeFrotas.Controllers.VeiculosController.Create (GestoreDeFrotas) in 5.6036ms
2026-06-11 17:12:51.787 +01:00 [INF] Executed endpoint 'GestoreDeFrotas.Controllers.VeiculosController.Create (GestoreDeFrotas)'
2026-06-11 17:12:51.794 +01:00 [INF] Executed DbCommand (4ms) [Parameters=[@p0='?' (DbType = DateTime2), @p1='?' (Size = 4000), @p2='?' (Size = 4000), @p3='?' (DbType = Boolean), @p4='?' (Size = 4000), @p5='?' (DbType = Int32)], CommandType='"Text"', CommandTimeout='30']
SET IMPLICIT_TRANSACTIONS OFF;
SET NOCOUNT ON;
INSERT INTO [Notificacoes] ([DataCriacao], [DestinatarioId], [Grau], [Lida], [Mensagem], [VeiculoId])
OUTPUT INSERTED.[Id]
VALUES (@p0, @p1, @p2, @p3, @p4, @p5);
2026-06-11 17:12:51.804 +01:00 [INF] Executed DbCommand (3ms) [Parameters=[@p0='?' (DbType = DateTime2), @p1='?' (Size = 4000), @p2='?' (Size = 4000), @p3='?' (Size = 4000), @p4='?' (DbType = Int32), @p5='?' (Size = 4000)], CommandType='"Text"', CommandTimeout='30']
SET IMPLICIT_TRANSACTIONS OFF;
SET NOCOUNT ON;
INSERT INTO [LogsSistema] ([Data], [Descricao], [MetodoHttp], [Rota], [StatusCode], [Utilizador])
OUTPUT INSERTED.[Id]
VALUES (@p0, @p1, @p2, @p3, @p4, @p5);
2026-06-11 17:12:51.809 +01:00 [INF] Request finished HTTP/2 POST https://localhost:7231/api/vehicles - 400 null application/json; charset=utf-8 76.8773ms
2026-06-11 17:13:12.277 +01:00 [INF] Request starting HTTP/2 POST https://localhost:7231/api/vehicles - application/json 437
2026-06-11 17:13:12.352 +01:00 [INF] Executing endpoint 'GestoreDeFrotas.Controllers.VeiculosController.Create (GestoreDeFrotas)'
2026-06-11 17:13:12.355 +01:00 [INF] Route matched with {action = "Create", controller = "Veiculos"}. Executing controller action with signature System.Threading.Tasks.Task`1[Microsoft.AspNetCore.Mvc.IActionResult] Create(GestoreDeFrotas.Models.Veiculo) on controller GestoreDeFrotas.Controllers.VeiculosController (GestoreDeFrotas).
2026-06-11 17:13:12.484 +01:00 [ERR] Failed executing DbCommand (30ms) [Parameters=[@p0='?' (DbType = Int32), @p1='?' (DbType = Int32), @p2='?' (Size = 4000), @p3='?' (Size = 4000), @p4='?' (Size = 4000), @p5='?' (DbType = DateTime2), @p6='?' (DbType = Boolean), @p7='?' (Size = 4000), @p8='?' (DbType = Int32), @p9='?' (DbType = Int32), @p10='?' (Size = 4000), @p11='?' (Size = 4000), @p12='?' (Size = 4000), @p13='?' (Size = 4000), @p14='?' (DbType = DateTime2), @p15='?' (DbType = Int32)], CommandType='"Text"', CommandTimeout='30']
SET IMPLICIT_TRANSACTIONS OFF;
SET NOCOUNT ON;
INSERT INTO [Veiculos] ([Id], [Ano], [CategoriaUsuario], [CondutorHabitualId], [Cor], [DataProximaIpo], [EstaAtivo], [Estado], [IntervaloManutencaoKm], [KmAtual], [Marca], [Matricula], [Modelo], [TecnicoResponsavelId], [UltimaManutencaoData], [UltimaManutencaoKm])
VALUES (@p0, @p1, @p2, @p3, @p4, @p5, @p6, @p7, @p8, @p9, @p10, @p11, @p12, @p13, @p14, @p15);
2026-06-11 17:13:12.561 +01:00 [ERR] An exception occurred in the database while saving changes for context type 'GestoreDeFrotas.Data.AppDbContext'.
Microsoft.EntityFrameworkCore.DbUpdateException: An error occurred while saving the entity changes. See the inner exception for details.
 ---> Microsoft.Data.SqlClient.SqlException (0x80131904): Cannot insert explicit value for identity column in table 'Veiculos' when IDENTITY_INSERT is set to OFF.
   at Microsoft.Data.SqlClient.SqlCommand.<>c.<ExecuteDbDataReaderAsync>b__211_0(Task`1 result)
   at System.Threading.Tasks.ContinuationResultTaskFromResultTask`2.InnerInvoke()
   at System.Threading.ExecutionContext.RunInternal(ExecutionContext executionContext, ContextCallback callback, Object state)
--- End of stack trace from previous location ---
   at System.Threading.ExecutionContext.RunInternal(ExecutionContext executionContext, ContextCallback callback, Object state)
   at System.Threading.Tasks.Task.ExecuteWithThreadLocal(Task& currentTaskSlot, Thread threadPoolThread)
--- End of stack trace from previous location ---
   at Microsoft.EntityFrameworkCore.Storage.RelationalCommand.ExecuteReaderAsync(RelationalCommandParameterObject parameterObject, CancellationToken cancellationToken)
   at Microsoft.EntityFrameworkCore.Storage.RelationalCommand.ExecuteReaderAsync(RelationalCommandParameterObject parameterObject, CancellationToken cancellationToken)
   at Microsoft.EntityFrameworkCore.Update.ReaderModificationCommandBatch.ExecuteAsync(IRelationalConnection connection, CancellationToken cancellationToken)
ClientConnectionId:46c2810a-0df1-4028-a7ae-017aec217c69
Error Number:544,State:1,Class:16
   --- End of inner exception stack trace ---
   at Microsoft.EntityFrameworkCore.Update.ReaderModificationCommandBatch.ExecuteAsync(IRelationalConnection connection, CancellationToken cancellationToken)
   at Microsoft.EntityFrameworkCore.SqlServer.Update.Internal.SqlServerModificationCommandBatch.ExecuteAsync(IRelationalConnection connection, CancellationToken cancellationToken)
   at Microsoft.EntityFrameworkCore.Update.Internal.BatchExecutor.ExecuteAsync(IEnumerable`1 commandBatches, IRelationalConnection connection, CancellationToken cancellationToken)
   at Microsoft.EntityFrameworkCore.Update.Internal.BatchExecutor.ExecuteAsync(IEnumerable`1 commandBatches, IRelationalConnection connection, CancellationToken cancellationToken)
   at Microsoft.EntityFrameworkCore.Update.Internal.BatchExecutor.ExecuteAsync(IEnumerable`1 commandBatches, IRelationalConnection connection, CancellationToken cancellationToken)
   at Microsoft.EntityFrameworkCore.Storage.RelationalDatabase.SaveChangesAsync(IList`1 entries, CancellationToken cancellationToken)
   at Microsoft.EntityFrameworkCore.ChangeTracking.Internal.StateManager.SaveChangesAsync(IList`1 entriesToSave, CancellationToken cancellationToken)
   at Microsoft.EntityFrameworkCore.ChangeTracking.Internal.StateManager.SaveChangesAsync(StateManager stateManager, Boolean acceptAllChangesOnSuccess, CancellationToken cancellationToken)
   at Microsoft.EntityFrameworkCore.SqlServer.Storage.Internal.SqlServerExecutionStrategy.ExecuteAsync[TState,TResult](TState state, Func`4 operation, Func`4 verifySucceeded, CancellationToken cancellationToken)
   at Microsoft.EntityFrameworkCore.DbContext.SaveChangesAsync(Boolean acceptAllChangesOnSuccess, CancellationToken cancellationToken)
Microsoft.EntityFrameworkCore.DbUpdateException: An error occurred while saving the entity changes. See the inner exception for details.
 ---> Microsoft.Data.SqlClient.SqlException (0x80131904): Cannot insert explicit value for identity column in table 'Veiculos' when IDENTITY_INSERT is set to OFF.
   at Microsoft.Data.SqlClient.SqlCommand.<>c.<ExecuteDbDataReaderAsync>b__211_0(Task`1 result)
   at System.Threading.Tasks.ContinuationResultTaskFromResultTask`2.InnerInvoke()
   at System.Threading.ExecutionContext.RunInternal(ExecutionContext executionContext, ContextCallback callback, Object state)
--- End of stack trace from previous location ---
   at System.Threading.ExecutionContext.RunInternal(ExecutionContext executionContext, ContextCallback callback, Object state)
   at System.Threading.Tasks.Task.ExecuteWithThreadLocal(Task& currentTaskSlot, Thread threadPoolThread)
--- End of stack trace from previous location ---
   at Microsoft.EntityFrameworkCore.Storage.RelationalCommand.ExecuteReaderAsync(RelationalCommandParameterObject parameterObject, CancellationToken cancellationToken)
   at Microsoft.EntityFrameworkCore.Storage.RelationalCommand.ExecuteReaderAsync(RelationalCommandParameterObject parameterObject, CancellationToken cancellationToken)
   at Microsoft.EntityFrameworkCore.Update.ReaderModificationCommandBatch.ExecuteAsync(IRelationalConnection connection, CancellationToken cancellationToken)
ClientConnectionId:46c2810a-0df1-4028-a7ae-017aec217c69
Error Number:544,State:1,Class:16
   --- End of inner exception stack trace ---
   at Microsoft.EntityFrameworkCore.Update.ReaderModificationCommandBatch.ExecuteAsync(IRelationalConnection connection, CancellationToken cancellationToken)
   at Microsoft.EntityFrameworkCore.SqlServer.Update.Internal.SqlServerModificationCommandBatch.ExecuteAsync(IRelationalConnection connection, CancellationToken cancellationToken)
   at Microsoft.EntityFrameworkCore.Update.Internal.BatchExecutor.ExecuteAsync(IEnumerable`1 commandBatches, IRelationalConnection connection, CancellationToken cancellationToken)
   at Microsoft.EntityFrameworkCore.Update.Internal.BatchExecutor.ExecuteAsync(IEnumerable`1 commandBatches, IRelationalConnection connection, CancellationToken cancellationToken)
   at Microsoft.EntityFrameworkCore.Update.Internal.BatchExecutor.ExecuteAsync(IEnumerable`1 commandBatches, IRelationalConnection connection, CancellationToken cancellationToken)
   at Microsoft.EntityFrameworkCore.Storage.RelationalDatabase.SaveChangesAsync(IList`1 entries, CancellationToken cancellationToken)
   at Microsoft.EntityFrameworkCore.ChangeTracking.Internal.StateManager.SaveChangesAsync(IList`1 entriesToSave, CancellationToken cancellationToken)
   at Microsoft.EntityFrameworkCore.ChangeTracking.Internal.StateManager.SaveChangesAsync(StateManager stateManager, Boolean acceptAllChangesOnSuccess, CancellationToken cancellationToken)
   at Microsoft.EntityFrameworkCore.SqlServer.Storage.Internal.SqlServerExecutionStrategy.ExecuteAsync[TState,TResult](TState state, Func`4 operation, Func`4 verifySucceeded, CancellationToken cancellationToken)
   at Microsoft.EntityFrameworkCore.DbContext.SaveChangesAsync(Boolean acceptAllChangesOnSuccess, CancellationToken cancellationToken)
2026-06-11 17:15:34.804 +01:00 [INF] Executed DbCommand (16ms) [Parameters=[], CommandType='"Text"', CommandTimeout='30']
SELECT 1
2026-06-11 17:15:34.885 +01:00 [INF] Acquiring an exclusive lock for migration application. See https://aka.ms/efcore-docs-migrations-lock for more information if this takes too long.
2026-06-11 17:15:34.942 +01:00 [INF] Executed DbCommand (51ms) [Parameters=[], CommandType='"Text"', CommandTimeout='30']
DECLARE @result int;
EXEC @result = sp_getapplock @Resource = '__EFMigrationsLock', @LockOwner = 'Session', @LockMode = 'Exclusive';
SELECT @result
2026-06-11 17:15:35.043 +01:00 [INF] Executed DbCommand (26ms) [Parameters=[], CommandType='"Text"', CommandTimeout='30']
IF OBJECT_ID(N'[__EFMigrationsHistory]') IS NULL
BEGIN
    CREATE TABLE [__EFMigrationsHistory] (
        [MigrationId] nvarchar(150) NOT NULL,
        [ProductVersion] nvarchar(32) NOT NULL,
        CONSTRAINT [PK___EFMigrationsHistory] PRIMARY KEY ([MigrationId])
    );
END;
2026-06-11 17:15:35.056 +01:00 [INF] Executed DbCommand (0ms) [Parameters=[], CommandType='"Text"', CommandTimeout='30']
SELECT 1
2026-06-11 17:15:35.059 +01:00 [INF] Executed DbCommand (1ms) [Parameters=[], CommandType='"Text"', CommandTimeout='30']
SELECT OBJECT_ID(N'[__EFMigrationsHistory]');
2026-06-11 17:15:35.091 +01:00 [INF] Executed DbCommand (25ms) [Parameters=[], CommandType='"Text"', CommandTimeout='30']
SELECT [MigrationId], [ProductVersion]
FROM [__EFMigrationsHistory]
ORDER BY [MigrationId];
2026-06-11 17:15:35.104 +01:00 [INF] No migrations were applied. The database is already up to date.
2026-06-11 17:15:35.113 +01:00 [INF] Executed DbCommand (7ms) [Parameters=[], CommandType='"Text"', CommandTimeout='30']
DECLARE @result int;
EXEC @result = sp_releaseapplock @Resource = '__EFMigrationsLock', @LockOwner = 'Session';
SELECT @result
2026-06-11 17:15:35.476 +01:00 [INF] Executed DbCommand (38ms) [Parameters=[], CommandType='"Text"', CommandTimeout='30']
SELECT CASE
    WHEN EXISTS (
        SELECT 1
        FROM [Veiculos] AS [v]) THEN CAST(1 AS bit)
    ELSE CAST(0 AS bit)
END
2026-06-11 17:15:35.495 +01:00 [INF] Executed DbCommand (5ms) [Parameters=[], CommandType='"Text"', CommandTimeout='30']
SELECT CASE
    WHEN EXISTS (
        SELECT 1
        FROM [RegistosManutencao] AS [r]) THEN CAST(1 AS bit)
    ELSE CAST(0 AS bit)
END
2026-06-11 17:15:35.533 +01:00 [INF] Executed DbCommand (1ms) [Parameters=[], CommandType='"Text"', CommandTimeout='30']
SELECT 1
2026-06-11 17:15:35.579 +01:00 [INF] Executed DbCommand (43ms) [Parameters=[], CommandType='"Text"', CommandTimeout='30']

IF EXISTS
    (SELECT *
     FROM [sys].[objects] o
     WHERE [o].[type] = 'U'
     AND [o].[is_ms_shipped] = 0
     AND NOT EXISTS (SELECT *
         FROM [sys].[extended_properties] AS [ep]
         WHERE [ep].[major_id] = [o].[object_id]
             AND [ep].[minor_id] = 0
             AND [ep].[class] = 1
             AND [ep].[name] = N'microsoft_database_tools_support'
    )
)
SELECT 1 ELSE SELECT 0
2026-06-11 17:15:35.586 +01:00 [INF] Executed DbCommand (2ms) [Parameters=[], CommandType='"Text"', CommandTimeout='30']
SELECT CASE
    WHEN EXISTS (
        SELECT 1
        FROM [Veiculos] AS [v]) THEN CAST(1 AS bit)
    ELSE CAST(0 AS bit)
END
2026-06-11 17:15:35.596 +01:00 [INF] Executed DbCommand (4ms) [Parameters=[], CommandType='"Text"', CommandTimeout='30']
SELECT CASE
    WHEN EXISTS (
        SELECT 1
        FROM [Viagens] AS [v]) THEN CAST(1 AS bit)
    ELSE CAST(0 AS bit)
END
2026-06-11 17:15:35.779 +01:00 [INF] User profile is available. Using 'C:\Users\harri\AppData\Local\ASP.NET\DataProtection-Keys' as key repository and Windows DPAPI to encrypt keys at rest.
2026-06-11 17:15:36.168 +01:00 [INF] Now listening on: https://localhost:7231
2026-06-11 17:15:36.169 +01:00 [INF] Now listening on: http://localhost:5256
2026-06-11 17:15:36.275 +01:00 [INF] Application started. Press Ctrl+C to shut down.
2026-06-11 17:15:36.277 +01:00 [INF] Hosting environment: Development
2026-06-11 17:15:36.278 +01:00 [INF] Content root path: C:\Users\harri\OneDrive\Escritorio\Visual Studio\GestoreDeFrotas\Src
2026-06-11 17:22:09.686 +01:00 [INF] Request starting HTTP/2 GET https://localhost:7231/swagger/index.html - null null
2026-06-11 17:22:10.023 +01:00 [INF] Request finished HTTP/2 GET https://localhost:7231/swagger/index.html - 200 null text/html;charset=utf-8 352.5014ms
2026-06-11 17:22:10.077 +01:00 [INF] Request starting HTTP/2 GET https://localhost:7231/swagger/index.js - null null
2026-06-11 17:22:10.077 +01:00 [INF] Request starting HTTP/2 GET https://localhost:7231/_framework/aspnetcore-browser-refresh.js - null null
2026-06-11 17:22:10.080 +01:00 [INF] Request starting HTTP/2 GET https://localhost:7231/_vs/browserLink - null null
2026-06-11 17:22:10.086 +01:00 [INF] Request finished HTTP/2 GET https://localhost:7231/swagger/index.js - 200 null application/javascript;charset=utf-8 8.3941ms
2026-06-11 17:22:10.114 +01:00 [INF] Request finished HTTP/2 GET https://localhost:7231/_framework/aspnetcore-browser-refresh.js - 200 14935 application/javascript; charset=utf-8 36.6083ms
2026-06-11 17:22:10.214 +01:00 [INF] Request finished HTTP/2 GET https://localhost:7231/_vs/browserLink - 200 null text/javascript; charset=UTF-8 133.7595ms
2026-06-11 17:22:11.972 +01:00 [INF] Request starting HTTP/2 GET https://localhost:7231/swagger/v1/swagger.json - null null
2026-06-11 17:22:12.097 +01:00 [INF] Request finished HTTP/2 GET https://localhost:7231/swagger/v1/swagger.json - 200 null application/json;charset=utf-8 125.2111ms
2026-06-11 17:37:49.080 +01:00 [INF] Application is shutting down...
