2026-06-15 13:45:54.437 +01:00 [INF] Executed DbCommand (27ms) [Parameters=[], CommandType='"Text"', CommandTimeout='30']
SELECT 1
2026-06-15 13:45:54.538 +01:00 [INF] Acquiring an exclusive lock for migration application. See https://aka.ms/efcore-docs-migrations-lock for more information if this takes too long.
2026-06-15 13:45:54.587 +01:00 [INF] Executed DbCommand (44ms) [Parameters=[], CommandType='"Text"', CommandTimeout='30']
DECLARE @result int;
EXEC @result = sp_getapplock @Resource = '__EFMigrationsLock', @LockOwner = 'Session', @LockMode = 'Exclusive';
SELECT @result
2026-06-15 13:45:54.693 +01:00 [INF] Executed DbCommand (2ms) [Parameters=[], CommandType='"Text"', CommandTimeout='30']
IF OBJECT_ID(N'[__EFMigrationsHistory]') IS NULL
BEGIN
    CREATE TABLE [__EFMigrationsHistory] (
        [MigrationId] nvarchar(150) NOT NULL,
        [ProductVersion] nvarchar(32) NOT NULL,
        CONSTRAINT [PK___EFMigrationsHistory] PRIMARY KEY ([MigrationId])
    );
END;
2026-06-15 13:45:54.708 +01:00 [INF] Executed DbCommand (0ms) [Parameters=[], CommandType='"Text"', CommandTimeout='30']
SELECT 1
2026-06-15 13:45:54.711 +01:00 [INF] Executed DbCommand (1ms) [Parameters=[], CommandType='"Text"', CommandTimeout='30']
SELECT OBJECT_ID(N'[__EFMigrationsHistory]');
2026-06-15 13:45:54.729 +01:00 [INF] Executed DbCommand (13ms) [Parameters=[], CommandType='"Text"', CommandTimeout='30']
SELECT [MigrationId], [ProductVersion]
FROM [__EFMigrationsHistory]
ORDER BY [MigrationId];
2026-06-15 13:45:54.744 +01:00 [INF] No migrations were applied. The database is already up to date.
2026-06-15 13:45:54.755 +01:00 [INF] Executed DbCommand (8ms) [Parameters=[], CommandType='"Text"', CommandTimeout='30']
DECLARE @result int;
EXEC @result = sp_releaseapplock @Resource = '__EFMigrationsLock', @LockOwner = 'Session';
SELECT @result
2026-06-15 13:45:55.238 +01:00 [INF] Executed DbCommand (10ms) [Parameters=[], CommandType='"Text"', CommandTimeout='30']
SELECT CASE
    WHEN EXISTS (
        SELECT 1
        FROM [Veiculos] AS [v]) THEN CAST(1 AS bit)
    ELSE CAST(0 AS bit)
END
2026-06-15 13:45:55.254 +01:00 [INF] Executed DbCommand (4ms) [Parameters=[], CommandType='"Text"', CommandTimeout='30']
SELECT CASE
    WHEN EXISTS (
        SELECT 1
        FROM [RegistosManutencao] AS [r]) THEN CAST(1 AS bit)
    ELSE CAST(0 AS bit)
END
2026-06-15 13:45:55.362 +01:00 [INF] Executed DbCommand (0ms) [Parameters=[], CommandType='"Text"', CommandTimeout='30']
SELECT 1
2026-06-15 13:45:55.448 +01:00 [INF] Executed DbCommand (79ms) [Parameters=[], CommandType='"Text"', CommandTimeout='30']

IF EXISTS
    (SELECT *
     FROM [sys].[objects] o
     WHERE [o].[type] = 'U'
     AND [o].[is_ms_shipped] = 0
     AND NOT EXISTS (SELECT *
         FROM [sys].[extended_properties] AS [ep]
         WHERE [ep].[major_id] = [o].[object_id]
             AND [ep].[minor_id] = 0
             AND [ep].[class] = 1
             AND [ep].[name] = N'microsoft_database_tools_support'
    )
)
SELECT 1 ELSE SELECT 0
2026-06-15 13:45:55.457 +01:00 [INF] Executed DbCommand (1ms) [Parameters=[], CommandType='"Text"', CommandTimeout='30']
SELECT CASE
    WHEN EXISTS (
        SELECT 1
        FROM [Veiculos] AS [v]) THEN CAST(1 AS bit)
    ELSE CAST(0 AS bit)
END
2026-06-15 13:45:55.470 +01:00 [INF] Executed DbCommand (4ms) [Parameters=[], CommandType='"Text"', CommandTimeout='30']
SELECT CASE
    WHEN EXISTS (
        SELECT 1
        FROM [Viagens] AS [v]) THEN CAST(1 AS bit)
    ELSE CAST(0 AS bit)
END
2026-06-15 13:45:55.809 +01:00 [INF] User profile is available. Using 'C:\Users\harri\AppData\Local\ASP.NET\DataProtection-Keys' as key repository and Windows DPAPI to encrypt keys at rest.
2026-06-15 13:45:56.730 +01:00 [INF] Now listening on: https://localhost:7231
2026-06-15 13:45:56.734 +01:00 [INF] Now listening on: http://localhost:5256
2026-06-15 13:45:56.873 +01:00 [INF] Application started. Press Ctrl+C to shut down.
2026-06-15 13:45:56.880 +01:00 [INF] Hosting environment: Development
2026-06-15 13:45:56.887 +01:00 [INF] Content root path: C:\Users\harri\OneDrive\Escritorio\Visual Studio\GestoreDeFrotas\Src
2026-06-15 13:46:08.396 +01:00 [INF] Request starting HTTP/2 GET https://localhost:7231/swagger/index.html - null null
2026-06-15 13:46:09.220 +01:00 [INF] Request finished HTTP/2 GET https://localhost:7231/swagger/index.html - 200 null text/html;charset=utf-8 828.1844ms
2026-06-15 13:46:09.598 +01:00 [INF] Request starting HTTP/2 GET https://localhost:7231/_framework/aspnetcore-browser-refresh.js - null null
2026-06-15 13:46:09.600 +01:00 [INF] Request starting HTTP/2 GET https://localhost:7231/swagger/index.js - null null
2026-06-15 13:46:09.619 +01:00 [INF] Request finished HTTP/2 GET https://localhost:7231/swagger/index.js - 200 null application/javascript;charset=utf-8 19.1512ms
2026-06-15 13:46:09.631 +01:00 [INF] Request finished HTTP/2 GET https://localhost:7231/_framework/aspnetcore-browser-refresh.js - 200 14935 application/javascript; charset=utf-8 33.9815ms
2026-06-15 13:46:11.106 +01:00 [INF] Request starting HTTP/2 GET https://localhost:7231/_vs/browserLink - null null
2026-06-15 13:46:11.271 +01:00 [INF] Request finished HTTP/2 GET https://localhost:7231/_vs/browserLink - 200 null text/javascript; charset=UTF-8 164.5683ms
2026-06-15 13:46:16.407 +01:00 [INF] Request starting HTTP/2 GET https://localhost:7231/swagger/v1/swagger.json - null null
2026-06-15 13:46:16.493 +01:00 [INF] Request finished HTTP/2 GET https://localhost:7231/swagger/v1/swagger.json - 200 null application/json;charset=utf-8 86.1803ms
2026-06-15 13:47:11.337 +01:00 [INF] Request starting HTTP/2 POST https://localhost:7231/api/auth/teste-token?cargo=Admin - null 0
2026-06-15 13:47:11.485 +01:00 [INF] Executing endpoint 'HTTP: POST /api/auth/teste-token'
2026-06-15 13:47:11.577 +01:00 [INF] Setting HTTP status code 200.
2026-06-15 13:47:11.584 +01:00 [INF] Writing value of type '<>f__AnonymousType22`1' as Json.
2026-06-15 13:47:11.590 +01:00 [INF] Executed endpoint 'HTTP: POST /api/auth/teste-token'
2026-06-15 13:47:11.597 +01:00 [INF] Request finished HTTP/2 POST https://localhost:7231/api/auth/teste-token?cargo=Admin - 200 null application/json; charset=utf-8 325.5748ms
2026-06-15 13:48:16.903 +01:00 [INF] Request starting HTTP/2 GET https://localhost:7231/api/Viagens/historico/32 - null null
2026-06-15 13:48:17.027 +01:00 [INF] Executing endpoint 'GestoreDeFrotas.Controllers.ViagensController.ObterHistorico (GestoreDeFrotas)'
2026-06-15 13:48:17.082 +01:00 [INF] Route matched with {action = "ObterHistorico", controller = "Viagens"}. Executing controller action with signature System.Threading.Tasks.Task`1[Microsoft.AspNetCore.Mvc.IActionResult] ObterHistorico(Int32) on controller GestoreDeFrotas.Controllers.ViagensController (GestoreDeFrotas).
2026-06-15 13:48:17.539 +01:00 [INF] Executed DbCommand (141ms) [Parameters=[@__veiculoId_0='?' (DbType = Int32)], CommandType='"Text"', CommandTimeout='30']
SELECT [v].[Id], [v].[CondutorPrincipalId], [v].[CondutorSecundarioId], [v].[DataFim], [v].[DataInicio], [v].[DataLimitePrevista], [v].[EstaAtiva], [v].[KmFinais], [v].[KmIniciais], [v].[ObservacoesEntrega], [v].[PediuProrrogacao], [v].[TecnicoLevantamentoId], [v].[TecnicoRecebimentoId], [v].[VeiculoId]
FROM [Viagens] AS [v]
WHERE [v].[VeiculoId] = @__veiculoId_0
ORDER BY [v].[DataInicio] DESC
2026-06-15 13:48:17.596 +01:00 [INF] Executing OkObjectResult, writing value of type 'System.Collections.Generic.List`1[[System.Object, System.Private.CoreLib, Version=9.0.0.0, Culture=neutral, PublicKeyToken=7cec85d7bea7798e]]'.
2026-06-15 13:48:17.614 +01:00 [INF] Executed action GestoreDeFrotas.Controllers.ViagensController.ObterHistorico (GestoreDeFrotas) in 520.1699ms
2026-06-15 13:48:17.617 +01:00 [INF] Executed endpoint 'GestoreDeFrotas.Controllers.ViagensController.ObterHistorico (GestoreDeFrotas)'
2026-06-15 13:48:17.627 +01:00 [INF] Request finished HTTP/2 GET https://localhost:7231/api/Viagens/historico/32 - 200 null application/json; charset=utf-8 724.3685ms
2026-06-15 13:48:25.603 +01:00 [INF] Request starting HTTP/2 GET https://localhost:7231/api/Viagens/historico/36 - null null
2026-06-15 13:48:25.618 +01:00 [INF] Executing endpoint 'GestoreDeFrotas.Controllers.ViagensController.ObterHistorico (GestoreDeFrotas)'
2026-06-15 13:48:25.621 +01:00 [INF] Route matched with {action = "ObterHistorico", controller = "Viagens"}. Executing controller action with signature System.Threading.Tasks.Task`1[Microsoft.AspNetCore.Mvc.IActionResult] ObterHistorico(Int32) on controller GestoreDeFrotas.Controllers.ViagensController (GestoreDeFrotas).
2026-06-15 13:48:25.671 +01:00 [INF] Executed DbCommand (21ms) [Parameters=[@__veiculoId_0='?' (DbType = Int32)], CommandType='"Text"', CommandTimeout='30']
SELECT [v].[Id], [v].[CondutorPrincipalId], [v].[CondutorSecundarioId], [v].[DataFim], [v].[DataInicio], [v].[DataLimitePrevista], [v].[EstaAtiva], [v].[KmFinais], [v].[KmIniciais], [v].[ObservacoesEntrega], [v].[PediuProrrogacao], [v].[TecnicoLevantamentoId], [v].[TecnicoRecebimentoId], [v].[VeiculoId]
FROM [Viagens] AS [v]
WHERE [v].[VeiculoId] = @__veiculoId_0
ORDER BY [v].[DataInicio] DESC
2026-06-15 13:48:25.789 +01:00 [INF] Executing OkObjectResult, writing value of type 'System.Collections.Generic.List`1[[System.Object, System.Private.CoreLib, Version=9.0.0.0, Culture=neutral, PublicKeyToken=7cec85d7bea7798e]]'.
2026-06-15 13:48:25.859 +01:00 [INF] Executed action GestoreDeFrotas.Controllers.ViagensController.ObterHistorico (GestoreDeFrotas) in 230.9682ms
2026-06-15 13:48:25.862 +01:00 [INF] Executed endpoint 'GestoreDeFrotas.Controllers.ViagensController.ObterHistorico (GestoreDeFrotas)'
2026-06-15 13:48:25.865 +01:00 [INF] Request finished HTTP/2 GET https://localhost:7231/api/Viagens/historico/36 - 200 null application/json; charset=utf-8 261.8422ms
2026-06-15 13:49:10.319 +01:00 [INF] Request starting HTTP/2 GET https://localhost:7231/api/Viagens/relatorio/visualizar/36?formato=pdf - null null
2026-06-15 13:49:10.391 +01:00 [INF] Executing endpoint 'GestoreDeFrotas.Controllers.ViagensController.VisualizarRelatorio (GestoreDeFrotas)'
2026-06-15 13:49:10.400 +01:00 [INF] Route matched with {action = "VisualizarRelatorio", controller = "Viagens"}. Executing controller action with signature System.Threading.Tasks.Task`1[Microsoft.AspNetCore.Mvc.IActionResult] VisualizarRelatorio(Int32, System.String) on controller GestoreDeFrotas.Controllers.ViagensController (GestoreDeFrotas).
2026-06-15 13:49:10.417 +01:00 [INF] Executing FileContentResult, sending file with download name '' ...
2026-06-15 13:49:10.428 +01:00 [INF] Executed action GestoreDeFrotas.Controllers.ViagensController.VisualizarRelatorio (GestoreDeFrotas) in 24.1587ms
2026-06-15 13:49:10.429 +01:00 [INF] Executed endpoint 'GestoreDeFrotas.Controllers.ViagensController.VisualizarRelatorio (GestoreDeFrotas)'
2026-06-15 13:49:10.431 +01:00 [INF] Request finished HTTP/2 GET https://localhost:7231/api/Viagens/relatorio/visualizar/36?formato=pdf - 200 0 application/pdf 111.9445ms
2026-06-15 13:49:17.992 +01:00 [INF] Request starting HTTP/2 GET https://localhost:7231/api/Viagens/relatorio/visualizar/12?formato=pdf - null null
2026-06-15 13:49:18.092 +01:00 [INF] Executing endpoint 'GestoreDeFrotas.Controllers.ViagensController.VisualizarRelatorio (GestoreDeFrotas)'
2026-06-15 13:49:18.094 +01:00 [INF] Route matched with {action = "VisualizarRelatorio", controller = "Viagens"}. Executing controller action with signature System.Threading.Tasks.Task`1[Microsoft.AspNetCore.Mvc.IActionResult] VisualizarRelatorio(Int32, System.String) on controller GestoreDeFrotas.Controllers.ViagensController (GestoreDeFrotas).
2026-06-15 13:49:18.119 +01:00 [INF] Executing FileContentResult, sending file with download name '' ...
2026-06-15 13:49:18.129 +01:00 [INF] Executed action GestoreDeFrotas.Controllers.ViagensController.VisualizarRelatorio (GestoreDeFrotas) in 31.3881ms
2026-06-15 13:49:18.132 +01:00 [INF] Executed endpoint 'GestoreDeFrotas.Controllers.ViagensController.VisualizarRelatorio (GestoreDeFrotas)'
2026-06-15 13:49:18.135 +01:00 [INF] Request finished HTTP/2 GET https://localhost:7231/api/Viagens/relatorio/visualizar/12?formato=pdf - 200 0 application/pdf 142.8058ms
2026-06-15 13:49:25.241 +01:00 [INF] Request starting HTTP/2 GET https://localhost:7231/api/Viagens/relatorio/visualizar/1?formato=pdf - null null
2026-06-15 13:49:25.247 +01:00 [INF] Executing endpoint 'GestoreDeFrotas.Controllers.ViagensController.VisualizarRelatorio (GestoreDeFrotas)'
2026-06-15 13:49:25.253 +01:00 [INF] Route matched with {action = "VisualizarRelatorio", controller = "Viagens"}. Executing controller action with signature System.Threading.Tasks.Task`1[Microsoft.AspNetCore.Mvc.IActionResult] VisualizarRelatorio(Int32, System.String) on controller GestoreDeFrotas.Controllers.ViagensController (GestoreDeFrotas).
2026-06-15 13:49:25.263 +01:00 [INF] Executing FileContentResult, sending file with download name '' ...
2026-06-15 13:49:25.265 +01:00 [INF] Executed action GestoreDeFrotas.Controllers.ViagensController.VisualizarRelatorio (GestoreDeFrotas) in 2.3809ms
2026-06-15 13:49:25.267 +01:00 [INF] Executed endpoint 'GestoreDeFrotas.Controllers.ViagensController.VisualizarRelatorio (GestoreDeFrotas)'
2026-06-15 13:49:25.269 +01:00 [INF] Request finished HTTP/2 GET https://localhost:7231/api/Viagens/relatorio/visualizar/1?formato=pdf - 200 0 application/pdf 27.6897ms
2026-06-15 13:49:33.412 +01:00 [INF] Request starting HTTP/2 GET https://localhost:7231/api/Viagens/relatorio/visualizar/4?formato=pdf - null null
2026-06-15 13:49:33.420 +01:00 [INF] Executing endpoint 'GestoreDeFrotas.Controllers.ViagensController.VisualizarRelatorio (GestoreDeFrotas)'
2026-06-15 13:49:33.433 +01:00 [INF] Route matched with {action = "VisualizarRelatorio", controller = "Viagens"}. Executing controller action with signature System.Threading.Tasks.Task`1[Microsoft.AspNetCore.Mvc.IActionResult] VisualizarRelatorio(Int32, System.String) on controller GestoreDeFrotas.Controllers.ViagensController (GestoreDeFrotas).
2026-06-15 13:49:33.444 +01:00 [INF] Executing FileContentResult, sending file with download name '' ...
2026-06-15 13:49:33.447 +01:00 [INF] Executed action GestoreDeFrotas.Controllers.ViagensController.VisualizarRelatorio (GestoreDeFrotas) in 2.9637ms
2026-06-15 13:49:33.449 +01:00 [INF] Executed endpoint 'GestoreDeFrotas.Controllers.ViagensController.VisualizarRelatorio (GestoreDeFrotas)'
2026-06-15 13:49:33.451 +01:00 [INF] Request finished HTTP/2 GET https://localhost:7231/api/Viagens/relatorio/visualizar/4?formato=pdf - 200 0 application/pdf 39.1504ms
2026-06-15 13:50:19.260 +01:00 [INF] Request starting HTTP/2 GET https://localhost:7231/api/documentos/36/download - null null
2026-06-15 13:50:19.273 +01:00 [INF] Executing endpoint 'GestoreDeFrotas.Controllers.DocumentosController.DescarregarDocumento (GestoreDeFrotas)'
2026-06-15 13:50:19.280 +01:00 [INF] Route matched with {action = "DescarregarDocumento", controller = "Documentos"}. Executing controller action with signature System.Threading.Tasks.Task`1[Microsoft.AspNetCore.Mvc.IActionResult] DescarregarDocumento(Int32) on controller GestoreDeFrotas.Controllers.DocumentosController (GestoreDeFrotas).
2026-06-15 13:50:19.617 +01:00 [INF] Executed DbCommand (71ms) [Parameters=[@__p_0='?' (DbType = Int32)], CommandType='"Text"', CommandTimeout='30']
SELECT TOP(1) [d].[Id], [d].[CaminhoFicheiro], [d].[DataUpload], [d].[DataValidade], [d].[NomeFicheiroOriginal], [d].[TipoDocumento], [d].[VeiculoId]
FROM [DocumentosVeiculos] AS [d]
WHERE [d].[Id] = @__p_0
2026-06-15 13:50:19.630 +01:00 [INF] Executing NotFoundObjectResult, writing value of type 'System.String'.
2026-06-15 13:50:19.633 +01:00 [INF] Executed action GestoreDeFrotas.Controllers.DocumentosController.DescarregarDocumento (GestoreDeFrotas) in 344.6041ms
2026-06-15 13:50:19.639 +01:00 [INF] Executed endpoint 'GestoreDeFrotas.Controllers.DocumentosController.DescarregarDocumento (GestoreDeFrotas)'
2026-06-15 13:50:19.641 +01:00 [INF] Request finished HTTP/2 GET https://localhost:7231/api/documentos/36/download - 404 null text/plain; charset=utf-8 382.4959ms
2026-06-15 13:50:26.563 +01:00 [INF] Request starting HTTP/2 GET https://localhost:7231/api/documentos/32/download - null null
2026-06-15 13:50:26.675 +01:00 [INF] Executing endpoint 'GestoreDeFrotas.Controllers.DocumentosController.DescarregarDocumento (GestoreDeFrotas)'
2026-06-15 13:50:26.676 +01:00 [INF] Route matched with {action = "DescarregarDocumento", controller = "Documentos"}. Executing controller action with signature System.Threading.Tasks.Task`1[Microsoft.AspNetCore.Mvc.IActionResult] DescarregarDocumento(Int32) on controller GestoreDeFrotas.Controllers.DocumentosController (GestoreDeFrotas).
2026-06-15 13:50:26.712 +01:00 [INF] Executed DbCommand (4ms) [Parameters=[@__p_0='?' (DbType = Int32)], CommandType='"Text"', CommandTimeout='30']
SELECT TOP(1) [d].[Id], [d].[CaminhoFicheiro], [d].[DataUpload], [d].[DataValidade], [d].[NomeFicheiroOriginal], [d].[TipoDocumento], [d].[VeiculoId]
FROM [DocumentosVeiculos] AS [d]
WHERE [d].[Id] = @__p_0
2026-06-15 13:50:26.716 +01:00 [INF] Executing NotFoundObjectResult, writing value of type 'System.String'.
2026-06-15 13:50:26.723 +01:00 [INF] Executed action GestoreDeFrotas.Controllers.DocumentosController.DescarregarDocumento (GestoreDeFrotas) in 23.6242ms
2026-06-15 13:50:26.726 +01:00 [INF] Executed endpoint 'GestoreDeFrotas.Controllers.DocumentosController.DescarregarDocumento (GestoreDeFrotas)'
2026-06-15 13:50:26.727 +01:00 [INF] Request finished HTTP/2 GET https://localhost:7231/api/documentos/32/download - 404 null text/plain; charset=utf-8 165.0308ms
2026-06-15 13:50:36.666 +01:00 [INF] Request starting HTTP/2 GET https://localhost:7231/api/documentos/veiculo/32 - null null
2026-06-15 13:50:36.748 +01:00 [INF] Executing endpoint 'GestoreDeFrotas.Controllers.DocumentosController.ObterDocumentosPorVeiculo (GestoreDeFrotas)'
2026-06-15 13:50:36.759 +01:00 [INF] Route matched with {action = "ObterDocumentosPorVeiculo", controller = "Documentos"}. Executing controller action with signature System.Threading.Tasks.Task`1[Microsoft.AspNetCore.Mvc.IActionResult] ObterDocumentosPorVeiculo(Int32) on controller GestoreDeFrotas.Controllers.DocumentosController (GestoreDeFrotas).
2026-06-15 13:50:36.777 +01:00 [INF] Executed DbCommand (3ms) [Parameters=[@__veiculoId_0='?' (DbType = Int32)], CommandType='"Text"', CommandTimeout='30']
SELECT [d].[Id], [d].[CaminhoFicheiro], [d].[DataUpload], [d].[DataValidade], [d].[NomeFicheiroOriginal], [d].[TipoDocumento], [d].[VeiculoId]
FROM [DocumentosVeiculos] AS [d]
WHERE [d].[VeiculoId] = @__veiculoId_0
ORDER BY [d].[DataUpload] DESC
2026-06-15 13:50:36.782 +01:00 [INF] Executing OkObjectResult, writing value of type 'System.Collections.Generic.List`1[[GestoreDeFrotas.Models.DocumentoVeiculo, GestoreDeFrotas, Version=1.0.0.0, Culture=neutral, PublicKeyToken=null]]'.
2026-06-15 13:50:36.791 +01:00 [INF] Executed action GestoreDeFrotas.Controllers.DocumentosController.ObterDocumentosPorVeiculo (GestoreDeFrotas) in 29.0608ms
2026-06-15 13:50:36.796 +01:00 [INF] Executed endpoint 'GestoreDeFrotas.Controllers.DocumentosController.ObterDocumentosPorVeiculo (GestoreDeFrotas)'
2026-06-15 13:50:36.799 +01:00 [INF] Request finished HTTP/2 GET https://localhost:7231/api/documentos/veiculo/32 - 200 null application/json; charset=utf-8 133.5139ms
2026-06-15 13:50:42.166 +01:00 [INF] Request starting HTTP/2 GET https://localhost:7231/api/documentos/veiculo/34 - null null
2026-06-15 13:50:42.175 +01:00 [INF] Executing endpoint 'GestoreDeFrotas.Controllers.DocumentosController.ObterDocumentosPorVeiculo (GestoreDeFrotas)'
2026-06-15 13:50:42.176 +01:00 [INF] Route matched with {action = "ObterDocumentosPorVeiculo", controller = "Documentos"}. Executing controller action with signature System.Threading.Tasks.Task`1[Microsoft.AspNetCore.Mvc.IActionResult] ObterDocumentosPorVeiculo(Int32) on controller GestoreDeFrotas.Controllers.DocumentosController (GestoreDeFrotas).
2026-06-15 13:50:42.190 +01:00 [INF] Executed DbCommand (9ms) [Parameters=[@__veiculoId_0='?' (DbType = Int32)], CommandType='"Text"', CommandTimeout='30']
SELECT [d].[Id], [d].[CaminhoFicheiro], [d].[DataUpload], [d].[DataValidade], [d].[NomeFicheiroOriginal], [d].[TipoDocumento], [d].[VeiculoId]
FROM [DocumentosVeiculos] AS [d]
WHERE [d].[VeiculoId] = @__veiculoId_0
ORDER BY [d].[DataUpload] DESC
2026-06-15 13:50:42.193 +01:00 [INF] Executing OkObjectResult, writing value of type 'System.Collections.Generic.List`1[[GestoreDeFrotas.Models.DocumentoVeiculo, GestoreDeFrotas, Version=1.0.0.0, Culture=neutral, PublicKeyToken=null]]'.
2026-06-15 13:50:42.195 +01:00 [INF] Executed action GestoreDeFrotas.Controllers.DocumentosController.ObterDocumentosPorVeiculo (GestoreDeFrotas) in 15.9107ms
2026-06-15 13:50:42.196 +01:00 [INF] Executed endpoint 'GestoreDeFrotas.Controllers.DocumentosController.ObterDocumentosPorVeiculo (GestoreDeFrotas)'
2026-06-15 13:50:42.198 +01:00 [INF] Request finished HTTP/2 GET https://localhost:7231/api/documentos/veiculo/34 - 200 null application/json; charset=utf-8 32.685ms
2026-06-15 13:53:11.596 +01:00 [INF] Application is shutting down...
2026-06-15 13:58:13.354 +01:00 [INF] Executed DbCommand (29ms) [Parameters=[], CommandType='"Text"', CommandTimeout='30']
SELECT 1
2026-06-15 13:58:13.508 +01:00 [INF] Acquiring an exclusive lock for migration application. See https://aka.ms/efcore-docs-migrations-lock for more information if this takes too long.
2026-06-15 13:58:13.979 +01:00 [INF] Executed DbCommand (463ms) [Parameters=[], CommandType='"Text"', CommandTimeout='30']
DECLARE @result int;
EXEC @result = sp_getapplock @Resource = '__EFMigrationsLock', @LockOwner = 'Session', @LockMode = 'Exclusive';
SELECT @result
2026-06-15 13:58:14.214 +01:00 [INF] Executed DbCommand (14ms) [Parameters=[], CommandType='"Text"', CommandTimeout='30']
IF OBJECT_ID(N'[__EFMigrationsHistory]') IS NULL
BEGIN
    CREATE TABLE [__EFMigrationsHistory] (
        [MigrationId] nvarchar(150) NOT NULL,
        [ProductVersion] nvarchar(32) NOT NULL,
        CONSTRAINT [PK___EFMigrationsHistory] PRIMARY KEY ([MigrationId])
    );
END;
2026-06-15 13:58:14.232 +01:00 [INF] Executed DbCommand (0ms) [Parameters=[], CommandType='"Text"', CommandTimeout='30']
SELECT 1
2026-06-15 13:58:14.235 +01:00 [INF] Executed DbCommand (1ms) [Parameters=[], CommandType='"Text"', CommandTimeout='30']
SELECT OBJECT_ID(N'[__EFMigrationsHistory]');
2026-06-15 13:58:14.397 +01:00 [INF] Executed DbCommand (156ms) [Parameters=[], CommandType='"Text"', CommandTimeout='30']
SELECT [MigrationId], [ProductVersion]
FROM [__EFMigrationsHistory]
ORDER BY [MigrationId];
2026-06-15 13:58:14.407 +01:00 [INF] No migrations were applied. The database is already up to date.
2026-06-15 13:58:14.485 +01:00 [INF] Executed DbCommand (76ms) [Parameters=[], CommandType='"Text"', CommandTimeout='30']
DECLARE @result int;
EXEC @result = sp_releaseapplock @Resource = '__EFMigrationsLock', @LockOwner = 'Session';
SELECT @result
2026-06-15 13:58:15.004 +01:00 [INF] Executed DbCommand (7ms) [Parameters=[], CommandType='"Text"', CommandTimeout='30']
SELECT CASE
    WHEN EXISTS (
        SELECT 1
        FROM [Veiculos] AS [v]) THEN CAST(1 AS bit)
    ELSE CAST(0 AS bit)
END
2026-06-15 13:58:15.023 +01:00 [INF] Executed DbCommand (3ms) [Parameters=[], CommandType='"Text"', CommandTimeout='30']
SELECT CASE
    WHEN EXISTS (
        SELECT 1
        FROM [RegistosManutencao] AS [r]) THEN CAST(1 AS bit)
    ELSE CAST(0 AS bit)
END
2026-06-15 13:58:15.148 +01:00 [INF] Executed DbCommand (1ms) [Parameters=[], CommandType='"Text"', CommandTimeout='30']
SELECT 1
2026-06-15 13:58:15.233 +01:00 [INF] Executed DbCommand (78ms) [Parameters=[], CommandType='"Text"', CommandTimeout='30']

IF EXISTS
    (SELECT *
     FROM [sys].[objects] o
     WHERE [o].[type] = 'U'
     AND [o].[is_ms_shipped] = 0
     AND NOT EXISTS (SELECT *
         FROM [sys].[extended_properties] AS [ep]
         WHERE [ep].[major_id] = [o].[object_id]
             AND [ep].[minor_id] = 0
             AND [ep].[class] = 1
             AND [ep].[name] = N'microsoft_database_tools_support'
    )
)
SELECT 1 ELSE SELECT 0
2026-06-15 13:58:15.239 +01:00 [INF] Executed DbCommand (1ms) [Parameters=[], CommandType='"Text"', CommandTimeout='30']
SELECT CASE
    WHEN EXISTS (
        SELECT 1
        FROM [Veiculos] AS [v]) THEN CAST(1 AS bit)
    ELSE CAST(0 AS bit)
END
2026-06-15 13:58:15.253 +01:00 [INF] Executed DbCommand (5ms) [Parameters=[], CommandType='"Text"', CommandTimeout='30']
SELECT CASE
    WHEN EXISTS (
        SELECT 1
        FROM [Viagens] AS [v]) THEN CAST(1 AS bit)
    ELSE CAST(0 AS bit)
END
2026-06-15 13:58:15.531 +01:00 [INF] User profile is available. Using 'C:\Users\harri\AppData\Local\ASP.NET\DataProtection-Keys' as key repository and Windows DPAPI to encrypt keys at rest.
2026-06-15 13:58:16.188 +01:00 [INF] Now listening on: https://localhost:7231
2026-06-15 13:58:16.190 +01:00 [INF] Now listening on: http://localhost:5256
2026-06-15 13:58:16.349 +01:00 [INF] Application started. Press Ctrl+C to shut down.
2026-06-15 13:58:16.351 +01:00 [INF] Hosting environment: Development
2026-06-15 13:58:16.352 +01:00 [INF] Content root path: C:\Users\harri\OneDrive\Escritorio\Visual Studio\GestoreDeFrotas\Src
2026-06-15 13:58:16.481 +01:00 [INF] Request starting HTTP/2 GET https://localhost:7231/swagger/index.html - null null
2026-06-15 13:58:16.819 +01:00 [INF] Request finished HTTP/2 GET https://localhost:7231/swagger/index.html - 200 null text/html;charset=utf-8 350.6867ms
2026-06-15 13:58:16.855 +01:00 [INF] Request starting HTTP/2 GET https://localhost:7231/_framework/aspnetcore-browser-refresh.js - null null
2026-06-15 13:58:16.877 +01:00 [INF] Request starting HTTP/2 GET https://localhost:7231/swagger/index.js - null null
2026-06-15 13:58:16.878 +01:00 [INF] Request starting HTTP/2 GET https://localhost:7231/_vs/browserLink - null null
2026-06-15 13:58:16.925 +01:00 [INF] Request finished HTTP/2 GET https://localhost:7231/swagger/index.js - 200 null application/javascript;charset=utf-8 48.4506ms
2026-06-15 13:58:16.938 +01:00 [INF] Request finished HTTP/2 GET https://localhost:7231/_framework/aspnetcore-browser-refresh.js - 200 14935 application/javascript; charset=utf-8 83.1922ms
2026-06-15 13:58:17.005 +01:00 [INF] Request finished HTTP/2 GET https://localhost:7231/_vs/browserLink - 200 null text/javascript; charset=UTF-8 127.6914ms
2026-06-15 13:58:18.913 +01:00 [INF] Request starting HTTP/2 GET https://localhost:7231/swagger/v1/swagger.json - null null
2026-06-15 13:58:18.965 +01:00 [INF] Request finished HTTP/2 GET https://localhost:7231/swagger/v1/swagger.json - 200 null application/json;charset=utf-8 52.7846ms
2026-06-15 13:58:49.456 +01:00 [INF] Request starting HTTP/2 GET https://localhost:7231/api/Dashboard/resumo - null null
2026-06-15 13:58:49.625 +01:00 [INF] Executing endpoint 'GestoreDeFrotas.Controllers.DashboardController.ObterResumoGeral (GestoreDeFrotas)'
2026-06-15 13:58:49.646 +01:00 [INF] Route matched with {action = "ObterResumoGeral", controller = "Dashboard"}. Executing controller action with signature System.Threading.Tasks.Task`1[Microsoft.AspNetCore.Mvc.IActionResult] ObterResumoGeral() on controller GestoreDeFrotas.Controllers.DashboardController (GestoreDeFrotas).
2026-06-15 13:58:49.838 +01:00 [INF] Executed DbCommand (27ms) [Parameters=[], CommandType='"Text"', CommandTimeout='30']
SELECT COUNT(*)
FROM [Veiculos] AS [v]
2026-06-15 13:58:49.915 +01:00 [INF] Executed DbCommand (4ms) [Parameters=[], CommandType='"Text"', CommandTimeout='30']
SELECT COUNT(*)
FROM [Veiculos] AS [v]
WHERE [v].[Estado] = N'Disponível'
2026-06-15 13:58:49.931 +01:00 [INF] Executed DbCommand (5ms) [Parameters=[], CommandType='"Text"', CommandTimeout='30']
SELECT COUNT(*)
FROM [Veiculos] AS [v]
WHERE [v].[Estado] = N'Alugado'
2026-06-15 13:58:49.945 +01:00 [INF] Executed DbCommand (4ms) [Parameters=[], CommandType='"Text"', CommandTimeout='30']
SELECT COUNT(*)
FROM [Veiculos] AS [v]
WHERE [v].[Estado] = N'Em Manutenção'
2026-06-15 13:58:49.962 +01:00 [INF] Executed DbCommand (7ms) [Parameters=[], CommandType='"Text"', CommandTimeout='30']
SELECT COUNT(*)
FROM [Abastecimentos] AS [a]
2026-06-15 13:58:49.995 +01:00 [INF] Executed DbCommand (6ms) [Parameters=[], CommandType='"Text"', CommandTimeout='30']
SELECT COALESCE(SUM([a].[CustoTotal]), 0.0E0)
FROM [Abastecimentos] AS [a]
2026-06-15 13:58:50.055 +01:00 [INF] Executed DbCommand (26ms) [Parameters=[@__inicioMes_0='?' (DbType = DateTime2)], CommandType='"Text"', CommandTimeout='30']
SELECT COALESCE(SUM([a].[CustoTotal]), 0.0E0)
FROM [Abastecimentos] AS [a]
WHERE [a].[Data] >= @__inicioMes_0
2026-06-15 13:58:50.065 +01:00 [INF] Executed DbCommand (3ms) [Parameters=[], CommandType='"Text"', CommandTimeout='30']
SELECT COUNT(*)
FROM [RegistosManutencao] AS [r]
2026-06-15 13:58:50.084 +01:00 [INF] Executed DbCommand (2ms) [Parameters=[], CommandType='"Text"', CommandTimeout='30']
SELECT COALESCE(SUM([r].[Custo]), 0.0)
FROM [RegistosManutencao] AS [r]
2026-06-15 13:58:50.104 +01:00 [INF] Executed DbCommand (2ms) [Parameters=[@__inicioMes_0='?' (DbType = DateTime2)], CommandType='"Text"', CommandTimeout='30']
SELECT COALESCE(SUM([r].[Custo]), 0.0)
FROM [RegistosManutencao] AS [r]
WHERE [r].[Data] >= @__inicioMes_0
2026-06-15 13:58:50.132 +01:00 [INF] Executed DbCommand (17ms) [Parameters=[], CommandType='"Text"', CommandTimeout='30']
SELECT COUNT(*)
FROM [DocumentosVeiculos] AS [d]
2026-06-15 13:58:50.155 +01:00 [INF] Executed DbCommand (3ms) [Parameters=[@__hoje_0='?' (DbType = DateTime2)], CommandType='"Text"', CommandTimeout='30']
SELECT COUNT(*)
FROM [DocumentosVeiculos] AS [d]
WHERE [d].[DataValidade] IS NOT NULL AND [d].[DataValidade] < @__hoje_0
2026-06-15 13:58:50.173 +01:00 [INF] Executed DbCommand (4ms) [Parameters=[], CommandType='"Text"', CommandTimeout='30']
SELECT CASE
    WHEN EXISTS (
        SELECT 1
        FROM [Veiculos] AS [v]) THEN CAST(1 AS bit)
    ELSE CAST(0 AS bit)
END
2026-06-15 13:58:50.191 +01:00 [INF] Executed DbCommand (3ms) [Parameters=[], CommandType='"Text"', CommandTimeout='30']
SELECT AVG(CAST([v].[KmAtual] AS float))
FROM [Veiculos] AS [v]
2026-06-15 13:58:50.212 +01:00 [INF] Executing OkObjectResult, writing value of type '<>f__AnonymousType32`13[[System.Int32, System.Private.CoreLib, Version=9.0.0.0, Culture=neutral, PublicKeyToken=7cec85d7bea7798e],[System.Int32, System.Private.CoreLib, Version=9.0.0.0, Culture=neutral, PublicKeyToken=7cec85d7bea7798e],[System.Int32, System.Private.CoreLib, Version=9.0.0.0, Culture=neutral, PublicKeyToken=7cec85d7bea7798e],[System.Int32, System.Private.CoreLib, Version=9.0.0.0, Culture=neutral, PublicKeyToken=7cec85d7bea7798e],[System.Int32, System.Private.CoreLib, Version=9.0.0.0, Culture=neutral, PublicKeyToken=7cec85d7bea7798e],[System.Double, System.Private.CoreLib, Version=9.0.0.0, Culture=neutral, PublicKeyToken=7cec85d7bea7798e],[System.Double, System.Private.CoreLib, Version=9.0.0.0, Culture=neutral, PublicKeyToken=7cec85d7bea7798e],[System.Int32, System.Private.CoreLib, Version=9.0.0.0, Culture=neutral, PublicKeyToken=7cec85d7bea7798e],[System.Decimal, System.Private.CoreLib, Version=9.0.0.0, Culture=neutral, PublicKeyToken=7cec85d7bea7798e],[System.Decimal, System.Private.CoreLib, Version=9.0.0.0, Culture=neutral, PublicKeyToken=7cec85d7bea7798e],[System.Int32, System.Private.CoreLib, Version=9.0.0.0, Culture=neutral, PublicKeyToken=7cec85d7bea7798e],[System.Int32, System.Private.CoreLib, Version=9.0.0.0, Culture=neutral, PublicKeyToken=7cec85d7bea7798e],[System.Double, System.Private.CoreLib, Version=9.0.0.0, Culture=neutral, PublicKeyToken=7cec85d7bea7798e]]'.
2026-06-15 13:58:50.255 +01:00 [INF] Executed action GestoreDeFrotas.Controllers.DashboardController.ObterResumoGeral (GestoreDeFrotas) in 601.0762ms
2026-06-15 13:58:50.258 +01:00 [INF] Executed endpoint 'GestoreDeFrotas.Controllers.DashboardController.ObterResumoGeral (GestoreDeFrotas)'
2026-06-15 13:58:50.269 +01:00 [INF] Request finished HTTP/2 GET https://localhost:7231/api/Dashboard/resumo - 200 null application/json; charset=utf-8 874.1842ms
2026-06-15 13:59:01.149 +01:00 [INF] Request starting HTTP/2 GET https://localhost:7231/api/Dashboard/veiculos-em-uso - null null
2026-06-15 13:59:01.163 +01:00 [INF] Executing endpoint 'GestoreDeFrotas.Controllers.DashboardController.ObterVeiculosEmUso (GestoreDeFrotas)'
2026-06-15 13:59:01.167 +01:00 [INF] Route matched with {action = "ObterVeiculosEmUso", controller = "Dashboard"}. Executing controller action with signature System.Threading.Tasks.Task`1[Microsoft.AspNetCore.Mvc.IActionResult] ObterVeiculosEmUso() on controller GestoreDeFrotas.Controllers.DashboardController (GestoreDeFrotas).
2026-06-15 13:59:01.248 +01:00 [INF] Executed DbCommand (6ms) [Parameters=[], CommandType='"Text"', CommandTimeout='30']
SELECT [v].[Id] AS [ViagemId], [v].[VeiculoId], [v0].[Matricula], [v0].[Marca] + N' ' + [v0].[Modelo] AS [ModeloInfo], [v].[CondutorPrincipalId] AS [CondutorPrincipal], [v].[CondutorSecundarioId] AS [CondutorSecundario], [v].[DataInicio] AS [DataInicioReal], [v].[DataLimitePrevista] AS [DataPrazoPrevisto], [v].[PediuProrrogacao]
FROM [Viagens] AS [v]
INNER JOIN [Veiculos] AS [v0] ON [v].[VeiculoId] = [v0].[Id]
WHERE [v].[EstaAtiva] = CAST(1 AS bit)
ORDER BY [v].[DataInicio]
2026-06-15 13:59:01.256 +01:00 [INF] Executing OkObjectResult, writing value of type 'System.Collections.Generic.List`1[[<>f__AnonymousType35`11[[System.Int32, System.Private.CoreLib, Version=9.0.0.0, Culture=neutral, PublicKeyToken=7cec85d7bea7798e],[System.Int32, System.Private.CoreLib, Version=9.0.0.0, Culture=neutral, PublicKeyToken=7cec85d7bea7798e],[System.String, System.Private.CoreLib, Version=9.0.0.0, Culture=neutral, PublicKeyToken=7cec85d7bea7798e],[System.String, System.Private.CoreLib, Version=9.0.0.0, Culture=neutral, PublicKeyToken=7cec85d7bea7798e],[System.String, System.Private.CoreLib, Version=9.0.0.0, Culture=neutral, PublicKeyToken=7cec85d7bea7798e],[System.String, System.Private.CoreLib, Version=9.0.0.0, Culture=neutral, PublicKeyToken=7cec85d7bea7798e],[System.DateTime, System.Private.CoreLib, Version=9.0.0.0, Culture=neutral, PublicKeyToken=7cec85d7bea7798e],[System.DateTime, System.Private.CoreLib, Version=9.0.0.0, Culture=neutral, PublicKeyToken=7cec85d7bea7798e],[System.Double, System.Private.CoreLib, Version=9.0.0.0, Culture=neutral, PublicKeyToken=7cec85d7bea7798e],[System.Boolean, System.Private.CoreLib, Version=9.0.0.0, Culture=neutral, PublicKeyToken=7cec85d7bea7798e],[System.Boolean, System.Private.CoreLib, Version=9.0.0.0, Culture=neutral, PublicKeyToken=7cec85d7bea7798e]], GestoreDeFrotas, Version=1.0.0.0, Culture=neutral, PublicKeyToken=null]]'.
2026-06-15 13:59:01.274 +01:00 [INF] Executed action GestoreDeFrotas.Controllers.DashboardController.ObterVeiculosEmUso (GestoreDeFrotas) in 104.1444ms
2026-06-15 13:59:01.277 +01:00 [INF] Executed endpoint 'GestoreDeFrotas.Controllers.DashboardController.ObterVeiculosEmUso (GestoreDeFrotas)'
2026-06-15 13:59:01.280 +01:00 [INF] Request finished HTTP/2 GET https://localhost:7231/api/Dashboard/veiculos-em-uso - 200 null application/json; charset=utf-8 131.2471ms
2026-06-15 14:01:40.073 +01:00 [INF] Application is shutting down...
