2026-06-01 10:33:50.726 +01:00 [INF] Executed DbCommand (76ms) [Parameters=[], CommandType='"Text"', CommandTimeout='30']
SELECT 1
2026-06-01 10:33:51.060 +01:00 [INF] Acquiring an exclusive lock for migration application. See https://aka.ms/efcore-docs-migrations-lock for more information if this takes too long.
2026-06-01 10:33:51.257 +01:00 [INF] Executed DbCommand (125ms) [Parameters=[], CommandType='"Text"', CommandTimeout='30']
DECLARE @result int;
EXEC @result = sp_getapplock @Resource = '__EFMigrationsLock', @LockOwner = 'Session', @LockMode = 'Exclusive';
SELECT @result
2026-06-01 10:33:51.583 +01:00 [INF] Executed DbCommand (14ms) [Parameters=[], CommandType='"Text"', CommandTimeout='30']
IF OBJECT_ID(N'[__EFMigrationsHistory]') IS NULL
BEGIN
    CREATE TABLE [__EFMigrationsHistory] (
        [MigrationId] nvarchar(150) NOT NULL,
        [ProductVersion] nvarchar(32) NOT NULL,
        CONSTRAINT [PK___EFMigrationsHistory] PRIMARY KEY ([MigrationId])
    );
END;
2026-06-01 10:33:51.647 +01:00 [INF] Executed DbCommand (18ms) [Parameters=[], CommandType='"Text"', CommandTimeout='30']
SELECT 1
2026-06-01 10:33:51.684 +01:00 [INF] Executed DbCommand (2ms) [Parameters=[], CommandType='"Text"', CommandTimeout='30']
SELECT OBJECT_ID(N'[__EFMigrationsHistory]');
2026-06-01 10:33:51.765 +01:00 [INF] Executed DbCommand (57ms) [Parameters=[], CommandType='"Text"', CommandTimeout='30']
SELECT [MigrationId], [ProductVersion]
FROM [__EFMigrationsHistory]
ORDER BY [MigrationId];
2026-06-01 10:33:51.820 +01:00 [INF] Applying migration '20260529141401_AdicionarLogsENotificacoesBD'.
2026-06-01 10:33:51.986 +01:00 [INF] Executed DbCommand (94ms) [Parameters=[], CommandType='"Text"', CommandTimeout='30']
CREATE TABLE [LogsSistema] (
    [Id] int NOT NULL IDENTITY,
    [Utilizador] nvarchar(max) NULL,
    [MetodoHttp] nvarchar(max) NOT NULL,
    [Rota] nvarchar(max) NOT NULL,
    [Descricao] nvarchar(max) NOT NULL,
    [StatusCode] int NOT NULL,
    [Data] datetime2 NOT NULL,
    CONSTRAINT [PK_LogsSistema] PRIMARY KEY ([Id])
);
2026-06-01 10:33:51.993 +01:00 [INF] Executed DbCommand (2ms) [Parameters=[], CommandType='"Text"', CommandTimeout='30']
CREATE TABLE [Notificacoes] (
    [Id] int NOT NULL IDENTITY,
    [Titulo] nvarchar(max) NOT NULL,
    [Mensagem] nvarchar(max) NOT NULL,
    [Tipo] nvarchar(max) NOT NULL,
    [DataCriacao] datetime2 NOT NULL,
    [Lida] bit NOT NULL,
    CONSTRAINT [PK_Notificacoes] PRIMARY KEY ([Id])
);
2026-06-01 10:33:52.003 +01:00 [INF] Executed DbCommand (5ms) [Parameters=[], CommandType='"Text"', CommandTimeout='30']
INSERT INTO [__EFMigrationsHistory] ([MigrationId], [ProductVersion])
VALUES (N'20260529141401_AdicionarLogsENotificacoesBD', N'9.0.16');
2026-06-01 10:33:52.066 +01:00 [INF] Executed DbCommand (45ms) [Parameters=[], CommandType='"Text"', CommandTimeout='30']
DECLARE @result int;
EXEC @result = sp_releaseapplock @Resource = '__EFMigrationsLock', @LockOwner = 'Session';
SELECT @result
2026-06-01 10:33:52.597 +01:00 [INF] Executed DbCommand (12ms) [Parameters=[], CommandType='"Text"', CommandTimeout='30']
SELECT CASE
    WHEN EXISTS (
        SELECT 1
        FROM [Veiculos] AS [v]) THEN CAST(1 AS bit)
    ELSE CAST(0 AS bit)
END
2026-06-01 10:33:52.612 +01:00 [INF] Executed DbCommand (3ms) [Parameters=[], CommandType='"Text"', CommandTimeout='30']
SELECT CASE
    WHEN EXISTS (
        SELECT 1
        FROM [RegistosManutencao] AS [r]) THEN CAST(1 AS bit)
    ELSE CAST(0 AS bit)
END
2026-06-01 10:33:52.940 +01:00 [INF] User profile is available. Using 'C:\Users\migro\AppData\Local\ASP.NET\DataProtection-Keys' as key repository and Windows DPAPI to encrypt keys at rest.
2026-06-01 10:33:53.516 +01:00 [INF] Now listening on: https://localhost:7231
2026-06-01 10:33:53.518 +01:00 [INF] Now listening on: http://localhost:5256
2026-06-01 10:33:53.737 +01:00 [INF] Application started. Press Ctrl+C to shut down.
2026-06-01 10:33:53.746 +01:00 [INF] Hosting environment: Development
2026-06-01 10:33:53.748 +01:00 [INF] Content root path: C:\Users\migro\OneDrive\Desktop\codigosM11\gestaofrota\GestoreDeFrotas
2026-06-01 10:34:46.623 +01:00 [INF] Request starting HTTP/2 GET https://localhost:7231/swagger/index.html - null null
2026-06-01 10:34:46.995 +01:00 [INF] Request finished HTTP/2 GET https://localhost:7231/swagger/index.html - 200 null text/html;charset=utf-8 385.7435ms
2026-06-01 10:34:47.630 +01:00 [INF] Request starting HTTP/2 GET https://localhost:7231/swagger/index.js - null null
2026-06-01 10:34:47.630 +01:00 [INF] Request starting HTTP/2 GET https://localhost:7231/_framework/aspnetcore-browser-refresh.js - null null
2026-06-01 10:34:47.645 +01:00 [INF] Request finished HTTP/2 GET https://localhost:7231/swagger/index.js - 200 null application/javascript;charset=utf-8 14.1379ms
2026-06-01 10:34:47.711 +01:00 [INF] Request finished HTTP/2 GET https://localhost:7231/_framework/aspnetcore-browser-refresh.js - 200 16515 application/javascript; charset=utf-8 80.8748ms
2026-06-01 10:34:47.753 +01:00 [INF] Request starting HTTP/2 GET https://localhost:7231/_vs/browserLink - null null
2026-06-01 10:34:47.963 +01:00 [INF] Request finished HTTP/2 GET https://localhost:7231/_vs/browserLink - 200 null text/javascript; charset=UTF-8 209.7745ms
2026-06-01 10:34:48.072 +01:00 [INF] Request starting HTTP/2 GET https://localhost:7231/swagger/v1/swagger.json - null null
2026-06-01 10:34:48.143 +01:00 [INF] Request finished HTTP/2 GET https://localhost:7231/swagger/v1/swagger.json - 200 null application/json;charset=utf-8 70.5553ms
2026-06-01 11:11:21.662 +01:00 [INF] Executed DbCommand (16ms) [Parameters=[], CommandType='"Text"', CommandTimeout='30']
SELECT 1
2026-06-01 11:11:21.729 +01:00 [INF] Acquiring an exclusive lock for migration application. See https://aka.ms/efcore-docs-migrations-lock for more information if this takes too long.
2026-06-01 11:11:21.756 +01:00 [INF] Executed DbCommand (21ms) [Parameters=[], CommandType='"Text"', CommandTimeout='30']
DECLARE @result int;
EXEC @result = sp_getapplock @Resource = '__EFMigrationsLock', @LockOwner = 'Session', @LockMode = 'Exclusive';
SELECT @result
2026-06-01 11:11:21.830 +01:00 [INF] Executed DbCommand (2ms) [Parameters=[], CommandType='"Text"', CommandTimeout='30']
IF OBJECT_ID(N'[__EFMigrationsHistory]') IS NULL
BEGIN
    CREATE TABLE [__EFMigrationsHistory] (
        [MigrationId] nvarchar(150) NOT NULL,
        [ProductVersion] nvarchar(32) NOT NULL,
        CONSTRAINT [PK___EFMigrationsHistory] PRIMARY KEY ([MigrationId])
    );
END;
2026-06-01 11:11:21.847 +01:00 [INF] Executed DbCommand (1ms) [Parameters=[], CommandType='"Text"', CommandTimeout='30']
SELECT 1
2026-06-01 11:11:21.855 +01:00 [INF] Executed DbCommand (1ms) [Parameters=[], CommandType='"Text"', CommandTimeout='30']
SELECT OBJECT_ID(N'[__EFMigrationsHistory]');
2026-06-01 11:11:21.869 +01:00 [INF] Executed DbCommand (4ms) [Parameters=[], CommandType='"Text"', CommandTimeout='30']
SELECT [MigrationId], [ProductVersion]
FROM [__EFMigrationsHistory]
ORDER BY [MigrationId];
2026-06-01 11:11:21.891 +01:00 [INF] Applying migration '20260601100150_AtualizarNotificacoesELogs'.
2026-06-01 11:11:22.096 +01:00 [INF] Executed DbCommand (186ms) [Parameters=[], CommandType='"Text"', CommandTimeout='30']
EXEC sp_rename N'[Notificacoes].[DataCriacao]', N'Data', 'COLUMN';
2026-06-01 11:11:22.103 +01:00 [INF] Executed DbCommand (2ms) [Parameters=[], CommandType='"Text"', CommandTimeout='30']
INSERT INTO [__EFMigrationsHistory] ([MigrationId], [ProductVersion])
VALUES (N'20260601100150_AtualizarNotificacoesELogs', N'9.0.16');
2026-06-01 11:11:22.118 +01:00 [INF] Executed DbCommand (2ms) [Parameters=[], CommandType='"Text"', CommandTimeout='30']
DECLARE @result int;
EXEC @result = sp_releaseapplock @Resource = '__EFMigrationsLock', @LockOwner = 'Session';
SELECT @result
2026-06-01 11:12:06.369 +01:00 [INF] Executed DbCommand (28ms) [Parameters=[], CommandType='"Text"', CommandTimeout='30']
SELECT 1
2026-06-01 11:12:06.449 +01:00 [INF] Acquiring an exclusive lock for migration application. See https://aka.ms/efcore-docs-migrations-lock for more information if this takes too long.
2026-06-01 11:12:06.476 +01:00 [INF] Executed DbCommand (21ms) [Parameters=[], CommandType='"Text"', CommandTimeout='30']
DECLARE @result int;
EXEC @result = sp_getapplock @Resource = '__EFMigrationsLock', @LockOwner = 'Session', @LockMode = 'Exclusive';
SELECT @result
2026-06-01 11:12:06.573 +01:00 [INF] Executed DbCommand (3ms) [Parameters=[], CommandType='"Text"', CommandTimeout='30']
IF OBJECT_ID(N'[__EFMigrationsHistory]') IS NULL
BEGIN
    CREATE TABLE [__EFMigrationsHistory] (
        [MigrationId] nvarchar(150) NOT NULL,
        [ProductVersion] nvarchar(32) NOT NULL,
        CONSTRAINT [PK___EFMigrationsHistory] PRIMARY KEY ([MigrationId])
    );
END;
2026-06-01 11:12:06.591 +01:00 [INF] Executed DbCommand (1ms) [Parameters=[], CommandType='"Text"', CommandTimeout='30']
SELECT 1
2026-06-01 11:12:06.595 +01:00 [INF] Executed DbCommand (1ms) [Parameters=[], CommandType='"Text"', CommandTimeout='30']
SELECT OBJECT_ID(N'[__EFMigrationsHistory]');
2026-06-01 11:12:06.606 +01:00 [INF] Executed DbCommand (5ms) [Parameters=[], CommandType='"Text"', CommandTimeout='30']
SELECT [MigrationId], [ProductVersion]
FROM [__EFMigrationsHistory]
ORDER BY [MigrationId];
2026-06-01 11:12:06.641 +01:00 [INF] No migrations were applied. The database is already up to date.
2026-06-01 11:12:06.750 +01:00 [INF] Executed DbCommand (39ms) [Parameters=[], CommandType='"Text"', CommandTimeout='30']
DECLARE @result int;
EXEC @result = sp_releaseapplock @Resource = '__EFMigrationsLock', @LockOwner = 'Session';
SELECT @result
2026-06-01 11:12:07.314 +01:00 [INF] Executed DbCommand (4ms) [Parameters=[], CommandType='"Text"', CommandTimeout='30']
SELECT CASE
    WHEN EXISTS (
        SELECT 1
        FROM [Veiculos] AS [v]) THEN CAST(1 AS bit)
    ELSE CAST(0 AS bit)
END
2026-06-01 11:12:07.334 +01:00 [INF] Executed DbCommand (9ms) [Parameters=[], CommandType='"Text"', CommandTimeout='30']
SELECT CASE
    WHEN EXISTS (
        SELECT 1
        FROM [RegistosManutencao] AS [r]) THEN CAST(1 AS bit)
    ELSE CAST(0 AS bit)
END
2026-06-01 11:12:07.627 +01:00 [INF] User profile is available. Using 'C:\Users\migro\AppData\Local\ASP.NET\DataProtection-Keys' as key repository and Windows DPAPI to encrypt keys at rest.
2026-06-01 11:12:08.035 +01:00 [INF] Now listening on: https://localhost:7231
2026-06-01 11:12:08.037 +01:00 [INF] Now listening on: http://localhost:5256
2026-06-01 11:12:08.203 +01:00 [INF] Application started. Press Ctrl+C to shut down.
2026-06-01 11:12:08.226 +01:00 [INF] Hosting environment: Development
2026-06-01 11:12:08.236 +01:00 [INF] Content root path: C:\Users\migro\OneDrive\Desktop\codigosM11\gestaofrota\GestoreDeFrotas
2026-06-01 11:14:07.833 +01:00 [INF] Request starting HTTP/2 GET https://localhost:7231/swagger/index.html - null null
2026-06-01 11:14:08.196 +01:00 [INF] Request finished HTTP/2 GET https://localhost:7231/swagger/index.html - 200 null text/html;charset=utf-8 384.7521ms
2026-06-01 11:14:08.262 +01:00 [INF] Request starting HTTP/2 GET https://localhost:7231/_framework/aspnetcore-browser-refresh.js - null null
2026-06-01 11:14:08.262 +01:00 [INF] Request starting HTTP/2 GET https://localhost:7231/swagger/index.js - null null
2026-06-01 11:14:08.410 +01:00 [INF] Request finished HTTP/2 GET https://localhost:7231/swagger/index.js - 200 null application/javascript;charset=utf-8 148.2207ms
2026-06-01 11:14:08.415 +01:00 [INF] Request starting HTTP/2 GET https://localhost:7231/_vs/browserLink - null null
2026-06-01 11:14:08.436 +01:00 [INF] Request finished HTTP/2 GET https://localhost:7231/_framework/aspnetcore-browser-refresh.js - 200 16515 application/javascript; charset=utf-8 174.2922ms
2026-06-01 11:14:08.538 +01:00 [INF] Request finished HTTP/2 GET https://localhost:7231/_vs/browserLink - 200 null text/javascript; charset=UTF-8 122.8191ms
2026-06-01 11:14:08.778 +01:00 [INF] Request starting HTTP/2 GET https://localhost:7231/swagger/v1/swagger.json - null null
2026-06-01 11:14:08.838 +01:00 [INF] Request finished HTTP/2 GET https://localhost:7231/swagger/v1/swagger.json - 200 null application/json;charset=utf-8 59.8797ms
2026-06-01 11:14:28.793 +01:00 [INF] Request starting HTTP/2 GET https://localhost:7231/ - null null
2026-06-01 11:14:28.933 +01:00 [INF] Request finished HTTP/2 GET https://localhost:7231/ - 404 0 null 139.3423ms
2026-06-01 11:14:28.943 +01:00 [INF] Request reached the end of the middleware pipeline without being handled by application code. Request path: GET https://localhost:7231/, Response status code: 404
2026-06-01 11:14:36.589 +01:00 [INF] Request starting HTTP/2 GET https://localhost:7231/swagger/index.html - null null
2026-06-01 11:14:36.632 +01:00 [INF] Request finished HTTP/2 GET https://localhost:7231/swagger/index.html - 200 null text/html;charset=utf-8 42.4515ms
2026-06-01 11:14:36.724 +01:00 [INF] Request starting HTTP/2 GET https://localhost:7231/swagger/index.js - null null
2026-06-01 11:14:36.728 +01:00 [INF] Request starting HTTP/2 GET https://localhost:7231/_framework/aspnetcore-browser-refresh.js - null null
2026-06-01 11:14:36.743 +01:00 [INF] Request finished HTTP/2 GET https://localhost:7231/swagger/index.js - 200 null application/javascript;charset=utf-8 18.1383ms
2026-06-01 11:14:36.777 +01:00 [INF] Request finished HTTP/2 GET https://localhost:7231/_framework/aspnetcore-browser-refresh.js - 200 16515 application/javascript; charset=utf-8 45.5075ms
2026-06-01 11:14:36.859 +01:00 [INF] Request starting HTTP/2 GET https://localhost:7231/_vs/browserLink - null null
2026-06-01 11:14:36.909 +01:00 [INF] Request finished HTTP/2 GET https://localhost:7231/_vs/browserLink - 200 null text/javascript; charset=UTF-8 50.4622ms
2026-06-01 11:14:37.126 +01:00 [INF] Request starting HTTP/2 GET https://localhost:7231/swagger/v1/swagger.json - null null
2026-06-01 11:14:37.144 +01:00 [INF] Request finished HTTP/2 GET https://localhost:7231/swagger/v1/swagger.json - 200 null application/json;charset=utf-8 17.4876ms
2026-06-01 11:14:48.431 +01:00 [INF] Request starting HTTP/2 GET https://localhost:7231/api/logs - null null
2026-06-01 11:14:48.490 +01:00 [INF] Executing endpoint 'GestaoDeFrotas.Controllers.LogsController.GetLogs (GestoreDeFrotas)'
2026-06-01 11:14:48.525 +01:00 [INF] Route matched with {action = "GetLogs", controller = "Logs"}. Executing controller action with signature System.Threading.Tasks.Task`1[Microsoft.AspNetCore.Mvc.IActionResult] GetLogs() on controller GestaoDeFrotas.Controllers.LogsController (GestoreDeFrotas).
2026-06-01 11:14:48.798 +01:00 [INF] Executed DbCommand (98ms) [Parameters=[@__p_0='?' (DbType = Int32)], CommandType='"Text"', CommandTimeout='30']
SELECT TOP(@__p_0) [l].[Id], [l].[Data], [l].[Descricao], [l].[MetodoHttp], [l].[Rota], [l].[StatusCode], [l].[Utilizador]
FROM [LogsSistema] AS [l]
ORDER BY [l].[Data] DESC
2026-06-01 11:14:48.831 +01:00 [INF] Executing OkObjectResult, writing value of type 'System.Collections.Generic.List`1[[GestaoDeFrotas.Models.LogSistema, GestoreDeFrotas, Version=1.0.0.0, Culture=neutral, PublicKeyToken=null]]'.
2026-06-01 11:14:48.857 +01:00 [INF] Executed action GestaoDeFrotas.Controllers.LogsController.GetLogs (GestoreDeFrotas) in 324.0758ms
2026-06-01 11:14:48.860 +01:00 [INF] Executed endpoint 'GestaoDeFrotas.Controllers.LogsController.GetLogs (GestoreDeFrotas)'
2026-06-01 11:14:48.869 +01:00 [INF] Request finished HTTP/2 GET https://localhost:7231/api/logs - 200 null application/json; charset=utf-8 437.8014ms
2026-06-01 11:15:13.689 +01:00 [INF] Request starting HTTP/2 POST https://localhost:7231/api/auth/teste-token?cargo=Admin - null 0
2026-06-01 11:15:13.701 +01:00 [INF] Executing endpoint 'HTTP: POST /api/auth/teste-token'
2026-06-01 11:15:13.796 +01:00 [INF] Setting HTTP status code 200.
2026-06-01 11:15:13.802 +01:00 [INF] Writing value of type '<>f__AnonymousType7`1' as Json.
2026-06-01 11:15:13.807 +01:00 [INF] Executed endpoint 'HTTP: POST /api/auth/teste-token'
2026-06-01 11:15:14.125 +01:00 [INF] Executed DbCommand (19ms) [Parameters=[@p0='?' (DbType = DateTime2), @p1='?' (Size = 4000), @p2='?' (Size = 4000), @p3='?' (Size = 4000), @p4='?' (DbType = Int32), @p5='?' (Size = 4000)], CommandType='"Text"', CommandTimeout='30']
SET IMPLICIT_TRANSACTIONS OFF;
SET NOCOUNT ON;
INSERT INTO [LogsSistema] ([Data], [Descricao], [MetodoHttp], [Rota], [StatusCode], [Utilizador])
OUTPUT INSERTED.[Id]
VALUES (@p0, @p1, @p2, @p3, @p4, @p5);
2026-06-01 11:15:14.158 +01:00 [INF] Request finished HTTP/2 POST https://localhost:7231/api/auth/teste-token?cargo=Admin - 200 null application/json; charset=utf-8 469.0835ms
2026-06-01 11:15:29.244 +01:00 [INF] Request starting HTTP/2 GET https://localhost:7231/api/logs - null null
2026-06-01 11:15:29.350 +01:00 [INF] Executing endpoint 'GestaoDeFrotas.Controllers.LogsController.GetLogs (GestoreDeFrotas)'
2026-06-01 11:15:29.352 +01:00 [INF] Route matched with {action = "GetLogs", controller = "Logs"}. Executing controller action with signature System.Threading.Tasks.Task`1[Microsoft.AspNetCore.Mvc.IActionResult] GetLogs() on controller GestaoDeFrotas.Controllers.LogsController (GestoreDeFrotas).
2026-06-01 11:15:29.366 +01:00 [INF] Executed DbCommand (6ms) [Parameters=[@__p_0='?' (DbType = Int32)], CommandType='"Text"', CommandTimeout='30']
SELECT TOP(@__p_0) [l].[Id], [l].[Data], [l].[Descricao], [l].[MetodoHttp], [l].[Rota], [l].[StatusCode], [l].[Utilizador]
FROM [LogsSistema] AS [l]
ORDER BY [l].[Data] DESC
2026-06-01 11:15:29.382 +01:00 [INF] Executing OkObjectResult, writing value of type 'System.Collections.Generic.List`1[[GestaoDeFrotas.Models.LogSistema, GestoreDeFrotas, Version=1.0.0.0, Culture=neutral, PublicKeyToken=null]]'.
2026-06-01 11:15:29.394 +01:00 [INF] Executed action GestaoDeFrotas.Controllers.LogsController.GetLogs (GestoreDeFrotas) in 38.7648ms
2026-06-01 11:15:29.397 +01:00 [INF] Executed endpoint 'GestaoDeFrotas.Controllers.LogsController.GetLogs (GestoreDeFrotas)'
2026-06-01 11:15:29.401 +01:00 [INF] Request finished HTTP/2 GET https://localhost:7231/api/logs - 200 null application/json; charset=utf-8 157.3941ms
2026-06-01 11:27:33.256 +01:00 [INF] Executed DbCommand (28ms) [Parameters=[], CommandType='"Text"', CommandTimeout='30']
SELECT 1
2026-06-01 11:27:33.655 +01:00 [INF] Acquiring an exclusive lock for migration application. See https://aka.ms/efcore-docs-migrations-lock for more information if this takes too long.
2026-06-01 11:27:34.159 +01:00 [INF] Executed DbCommand (484ms) [Parameters=[], CommandType='"Text"', CommandTimeout='30']
DECLARE @result int;
EXEC @result = sp_getapplock @Resource = '__EFMigrationsLock', @LockOwner = 'Session', @LockMode = 'Exclusive';
SELECT @result
2026-06-01 11:27:34.424 +01:00 [INF] Executed DbCommand (25ms) [Parameters=[], CommandType='"Text"', CommandTimeout='30']
IF OBJECT_ID(N'[__EFMigrationsHistory]') IS NULL
BEGIN
    CREATE TABLE [__EFMigrationsHistory] (
        [MigrationId] nvarchar(150) NOT NULL,
        [ProductVersion] nvarchar(32) NOT NULL,
        CONSTRAINT [PK___EFMigrationsHistory] PRIMARY KEY ([MigrationId])
    );
END;
2026-06-01 11:27:34.456 +01:00 [INF] Executed DbCommand (1ms) [Parameters=[], CommandType='"Text"', CommandTimeout='30']
SELECT 1
2026-06-01 11:27:34.457 +01:00 [INF] Executed DbCommand (1ms) [Parameters=[], CommandType='"Text"', CommandTimeout='30']
SELECT OBJECT_ID(N'[__EFMigrationsHistory]');
2026-06-01 11:27:34.510 +01:00 [INF] Executed DbCommand (43ms) [Parameters=[], CommandType='"Text"', CommandTimeout='30']
SELECT [MigrationId], [ProductVersion]
FROM [__EFMigrationsHistory]
ORDER BY [MigrationId];
2026-06-01 11:27:34.523 +01:00 [INF] Applying migration '20260601100150_AtualizarNotificacoesELogs'.
2026-06-01 11:27:35.086 +01:00 [INF] Executed DbCommand (551ms) [Parameters=[], CommandType='"Text"', CommandTimeout='30']
EXEC sp_rename N'[Notificacoes].[DataCriacao]', N'Data', 'COLUMN';
2026-06-01 11:27:35.089 +01:00 [INF] Executed DbCommand (3ms) [Parameters=[], CommandType='"Text"', CommandTimeout='30']
INSERT INTO [__EFMigrationsHistory] ([MigrationId], [ProductVersion])
VALUES (N'20260601100150_AtualizarNotificacoesELogs', N'9.0.16');
2026-06-01 11:27:35.090 +01:00 [INF] Applying migration '20260601102651_AdicionarDocumentosAnexosBD'.
2026-06-01 11:27:35.109 +01:00 [INF] Executed DbCommand (9ms) [Parameters=[], CommandType='"Text"', CommandTimeout='30']
CREATE TABLE [DocumentosVeiculos] (
    [Id] int NOT NULL IDENTITY,
    [VeiculoId] int NOT NULL,
    [TipoDocumento] nvarchar(max) NOT NULL,
    [NomeFicheiroOriginal] nvarchar(max) NOT NULL,
    [CaminhoFicheiro] nvarchar(max) NOT NULL,
    [DataValidade] datetime2 NULL,
    [DataUpload] datetime2 NOT NULL,
    CONSTRAINT [PK_DocumentosVeiculos] PRIMARY KEY ([Id])
);
2026-06-01 11:27:35.110 +01:00 [INF] Executed DbCommand (0ms) [Parameters=[], CommandType='"Text"', CommandTimeout='30']
INSERT INTO [__EFMigrationsHistory] ([MigrationId], [ProductVersion])
VALUES (N'20260601102651_AdicionarDocumentosAnexosBD', N'9.0.16');
2026-06-01 11:27:35.120 +01:00 [INF] Executed DbCommand (5ms) [Parameters=[], CommandType='"Text"', CommandTimeout='30']
DECLARE @result int;
EXEC @result = sp_releaseapplock @Resource = '__EFMigrationsLock', @LockOwner = 'Session';
SELECT @result
2026-06-01 11:28:40.849 +01:00 [INF] Executed DbCommand (58ms) [Parameters=[], CommandType='"Text"', CommandTimeout='30']
SELECT 1
2026-06-01 11:28:40.955 +01:00 [INF] Acquiring an exclusive lock for migration application. See https://aka.ms/efcore-docs-migrations-lock for more information if this takes too long.
2026-06-01 11:28:40.985 +01:00 [INF] Executed DbCommand (23ms) [Parameters=[], CommandType='"Text"', CommandTimeout='30']
DECLARE @result int;
EXEC @result = sp_getapplock @Resource = '__EFMigrationsLock', @LockOwner = 'Session', @LockMode = 'Exclusive';
SELECT @result
2026-06-01 11:28:41.050 +01:00 [INF] Executed DbCommand (2ms) [Parameters=[], CommandType='"Text"', CommandTimeout='30']
IF OBJECT_ID(N'[__EFMigrationsHistory]') IS NULL
BEGIN
    CREATE TABLE [__EFMigrationsHistory] (
        [MigrationId] nvarchar(150) NOT NULL,
        [ProductVersion] nvarchar(32) NOT NULL,
        CONSTRAINT [PK___EFMigrationsHistory] PRIMARY KEY ([MigrationId])
    );
END;
2026-06-01 11:28:41.069 +01:00 [INF] Executed DbCommand (1ms) [Parameters=[], CommandType='"Text"', CommandTimeout='30']
SELECT 1
2026-06-01 11:28:41.072 +01:00 [INF] Executed DbCommand (0ms) [Parameters=[], CommandType='"Text"', CommandTimeout='30']
SELECT OBJECT_ID(N'[__EFMigrationsHistory]');
2026-06-01 11:28:41.090 +01:00 [INF] Executed DbCommand (15ms) [Parameters=[], CommandType='"Text"', CommandTimeout='30']
SELECT [MigrationId], [ProductVersion]
FROM [__EFMigrationsHistory]
ORDER BY [MigrationId];
2026-06-01 11:28:41.113 +01:00 [INF] No migrations were applied. The database is already up to date.
2026-06-01 11:28:41.120 +01:00 [INF] Executed DbCommand (1ms) [Parameters=[], CommandType='"Text"', CommandTimeout='30']
DECLARE @result int;
EXEC @result = sp_releaseapplock @Resource = '__EFMigrationsLock', @LockOwner = 'Session';
SELECT @result
2026-06-01 11:28:41.443 +01:00 [INF] Executed DbCommand (6ms) [Parameters=[], CommandType='"Text"', CommandTimeout='30']
SELECT CASE
    WHEN EXISTS (
        SELECT 1
        FROM [Veiculos] AS [v]) THEN CAST(1 AS bit)
    ELSE CAST(0 AS bit)
END
2026-06-01 11:28:41.454 +01:00 [INF] Executed DbCommand (3ms) [Parameters=[], CommandType='"Text"', CommandTimeout='30']
SELECT CASE
    WHEN EXISTS (
        SELECT 1
        FROM [RegistosManutencao] AS [r]) THEN CAST(1 AS bit)
    ELSE CAST(0 AS bit)
END
2026-06-01 11:28:41.771 +01:00 [INF] User profile is available. Using 'C:\Users\harri\AppData\Local\ASP.NET\DataProtection-Keys' as key repository and Windows DPAPI to encrypt keys at rest.
2026-06-01 11:28:42.070 +01:00 [WRN] The WebRootPath was not found: C:\Users\harri\OneDrive\Escritorio\Visual Studio\GestoreDeFrotas\GestoreDeFrotas\wwwroot. Static files may be unavailable.
2026-06-01 11:28:42.473 +01:00 [INF] Now listening on: https://localhost:7231
2026-06-01 11:28:42.474 +01:00 [INF] Now listening on: http://localhost:5256
2026-06-01 11:28:42.659 +01:00 [INF] Application started. Press Ctrl+C to shut down.
2026-06-01 11:28:42.661 +01:00 [INF] Hosting environment: Development
2026-06-01 11:28:42.662 +01:00 [INF] Content root path: C:\Users\harri\OneDrive\Escritorio\Visual Studio\GestoreDeFrotas\GestoreDeFrotas
2026-06-01 11:28:51.232 +01:00 [INF] Request starting HTTP/2 GET https://localhost:7231/swagger/index.html - null null
2026-06-01 11:28:51.591 +01:00 [INF] Request finished HTTP/2 GET https://localhost:7231/swagger/index.html - 200 null text/html;charset=utf-8 374.2732ms
2026-06-01 11:28:51.651 +01:00 [INF] Request starting HTTP/2 GET https://localhost:7231/_framework/aspnetcore-browser-refresh.js - null null
2026-06-01 11:28:51.657 +01:00 [INF] Request starting HTTP/2 GET https://localhost:7231/swagger/index.js - null null
2026-06-01 11:28:51.688 +01:00 [INF] Request finished HTTP/2 GET https://localhost:7231/swagger/index.js - 200 null application/javascript;charset=utf-8 31.1346ms
2026-06-01 11:28:51.710 +01:00 [INF] Request finished HTTP/2 GET https://localhost:7231/_framework/aspnetcore-browser-refresh.js - 200 14935 application/javascript; charset=utf-8 58.7328ms
2026-06-01 11:28:52.503 +01:00 [INF] Request starting HTTP/2 GET https://localhost:7231/_vs/browserLink - null null
2026-06-01 11:28:52.594 +01:00 [INF] Request finished HTTP/2 GET https://localhost:7231/_vs/browserLink - 200 null text/javascript; charset=UTF-8 90.8391ms
2026-06-01 11:28:54.642 +01:00 [INF] Request starting HTTP/2 GET https://localhost:7231/swagger/v1/swagger.json - null null
2026-06-01 11:28:54.684 +01:00 [INF] Request finished HTTP/2 GET https://localhost:7231/swagger/v1/swagger.json - 200 null application/json;charset=utf-8 42.5521ms
2026-06-01 11:29:36.538 +01:00 [INF] Request starting HTTP/2 POST https://localhost:7231/api/documentos/upload - multipart/form-data; boundary=----WebKitFormBoundarylAA0GMV2x2p4Os7g 611092
2026-06-01 11:29:36.676 +01:00 [INF] Executing endpoint 'GestaoDeFrotas.Controllers.DocumentosController.UploadDocumento (GestoreDeFrotas)'
2026-06-01 11:29:36.723 +01:00 [INF] Route matched with {action = "UploadDocumento", controller = "Documentos"}. Executing controller action with signature System.Threading.Tasks.Task`1[Microsoft.AspNetCore.Mvc.IActionResult] UploadDocumento(Int32, System.String, System.Nullable`1[System.DateTime], Microsoft.AspNetCore.Http.IFormFile) on controller GestaoDeFrotas.Controllers.DocumentosController (GestoreDeFrotas).
2026-06-01 11:29:37.156 +01:00 [INF] Executed DbCommand (117ms) [Parameters=[@p0='?' (Size = 4000), @p1='?' (DbType = DateTime2), @p2='?' (DbType = DateTime2), @p3='?' (Size = 4000), @p4='?' (Size = 4000), @p5='?' (DbType = Int32)], CommandType='"Text"', CommandTimeout='30']
SET IMPLICIT_TRANSACTIONS OFF;
SET NOCOUNT ON;
INSERT INTO [DocumentosVeiculos] ([CaminhoFicheiro], [DataUpload], [DataValidade], [NomeFicheiroOriginal], [TipoDocumento], [VeiculoId])
OUTPUT INSERTED.[Id]
VALUES (@p0, @p1, @p2, @p3, @p4, @p5);
2026-06-01 11:29:37.231 +01:00 [INF] Executing OkObjectResult, writing value of type 'GestaoDeFrotas.Models.DocumentoVeiculo'.
2026-06-01 11:29:37.267 +01:00 [INF] Executed action GestaoDeFrotas.Controllers.DocumentosController.UploadDocumento (GestoreDeFrotas) in 530.9113ms
2026-06-01 11:29:37.271 +01:00 [INF] Executed endpoint 'GestaoDeFrotas.Controllers.DocumentosController.UploadDocumento (GestoreDeFrotas)'
2026-06-01 11:29:37.325 +01:00 [INF] Executed DbCommand (19ms) [Parameters=[@p0='?' (DbType = DateTime2), @p1='?' (Size = 4000), @p2='?' (Size = 4000), @p3='?' (Size = 4000), @p4='?' (DbType = Int32), @p5='?' (Size = 4000)], CommandType='"Text"', CommandTimeout='30']
SET IMPLICIT_TRANSACTIONS OFF;
SET NOCOUNT ON;
INSERT INTO [LogsSistema] ([Data], [Descricao], [MetodoHttp], [Rota], [StatusCode], [Utilizador])
OUTPUT INSERTED.[Id]
VALUES (@p0, @p1, @p2, @p3, @p4, @p5);
2026-06-01 13:44:32.231 +01:00 [INF] Executed DbCommand (31ms) [Parameters=[], CommandType='"Text"', CommandTimeout='30']
SELECT 1
2026-06-01 13:44:32.337 +01:00 [INF] Acquiring an exclusive lock for migration application. See https://aka.ms/efcore-docs-migrations-lock for more information if this takes too long.
2026-06-01 13:44:32.382 +01:00 [INF] Executed DbCommand (41ms) [Parameters=[], CommandType='"Text"', CommandTimeout='30']
DECLARE @result int;
EXEC @result = sp_getapplock @Resource = '__EFMigrationsLock', @LockOwner = 'Session', @LockMode = 'Exclusive';
SELECT @result
2026-06-01 13:44:32.456 +01:00 [INF] Executed DbCommand (2ms) [Parameters=[], CommandType='"Text"', CommandTimeout='30']
IF OBJECT_ID(N'[__EFMigrationsHistory]') IS NULL
BEGIN
    CREATE TABLE [__EFMigrationsHistory] (
        [MigrationId] nvarchar(150) NOT NULL,
        [ProductVersion] nvarchar(32) NOT NULL,
        CONSTRAINT [PK___EFMigrationsHistory] PRIMARY KEY ([MigrationId])
    );
END;
2026-06-01 13:44:32.470 +01:00 [INF] Executed DbCommand (1ms) [Parameters=[], CommandType='"Text"', CommandTimeout='30']
SELECT 1
2026-06-01 13:44:32.474 +01:00 [INF] Executed DbCommand (0ms) [Parameters=[], CommandType='"Text"', CommandTimeout='30']
SELECT OBJECT_ID(N'[__EFMigrationsHistory]');
2026-06-01 13:44:32.495 +01:00 [INF] Executed DbCommand (16ms) [Parameters=[], CommandType='"Text"', CommandTimeout='30']
SELECT [MigrationId], [ProductVersion]
FROM [__EFMigrationsHistory]
ORDER BY [MigrationId];
2026-06-01 13:44:32.509 +01:00 [INF] No migrations were applied. The database is already up to date.
2026-06-01 13:44:32.522 +01:00 [INF] Executed DbCommand (7ms) [Parameters=[], CommandType='"Text"', CommandTimeout='30']
DECLARE @result int;
EXEC @result = sp_releaseapplock @Resource = '__EFMigrationsLock', @LockOwner = 'Session';
SELECT @result
2026-06-01 13:44:32.856 +01:00 [INF] Executed DbCommand (7ms) [Parameters=[], CommandType='"Text"', CommandTimeout='30']
SELECT CASE
    WHEN EXISTS (
        SELECT 1
        FROM [Veiculos] AS [v]) THEN CAST(1 AS bit)
    ELSE CAST(0 AS bit)
END
2026-06-01 13:44:32.867 +01:00 [INF] Executed DbCommand (3ms) [Parameters=[], CommandType='"Text"', CommandTimeout='30']
SELECT CASE
    WHEN EXISTS (
        SELECT 1
        FROM [RegistosManutencao] AS [r]) THEN CAST(1 AS bit)
    ELSE CAST(0 AS bit)
END
2026-06-01 13:44:33.257 +01:00 [INF] User profile is available. Using 'C:\Users\harri\AppData\Local\ASP.NET\DataProtection-Keys' as key repository and Windows DPAPI to encrypt keys at rest.
2026-06-01 13:44:34.008 +01:00 [INF] Now listening on: https://localhost:7231
2026-06-01 13:44:34.009 +01:00 [INF] Now listening on: http://localhost:5256
2026-06-01 13:44:34.257 +01:00 [INF] Application started. Press Ctrl+C to shut down.
2026-06-01 13:44:34.339 +01:00 [INF] Hosting environment: Development
2026-06-01 13:44:34.373 +01:00 [INF] Content root path: C:\Users\harri\OneDrive\Escritorio\Visual Studio\GestoreDeFrotas\GestoreDeFrotas
2026-06-01 13:44:44.685 +01:00 [INF] Request starting HTTP/2 GET https://localhost:7231/swagger/index.html - null null
2026-06-01 13:44:45.074 +01:00 [INF] Request finished HTTP/2 GET https://localhost:7231/swagger/index.html - 200 null text/html;charset=utf-8 393.1448ms
2026-06-01 13:44:45.081 +01:00 [INF] Request starting HTTP/2 GET https://localhost:7231/_framework/aspnetcore-browser-refresh.js - null null
2026-06-01 13:44:45.084 +01:00 [INF] Request starting HTTP/2 GET https://localhost:7231/swagger/index.js - null null
2026-06-01 13:44:45.121 +01:00 [INF] Request finished HTTP/2 GET https://localhost:7231/_framework/aspnetcore-browser-refresh.js - 200 14935 application/javascript; charset=utf-8 39.4414ms
2026-06-01 13:44:45.124 +01:00 [INF] Request finished HTTP/2 GET https://localhost:7231/swagger/index.js - 200 null application/javascript;charset=utf-8 39.8675ms
2026-06-01 13:44:45.935 +01:00 [INF] Request starting HTTP/2 GET https://localhost:7231/_vs/browserLink - null null
2026-06-01 13:44:45.988 +01:00 [INF] Request finished HTTP/2 GET https://localhost:7231/_vs/browserLink - 200 null text/javascript; charset=UTF-8 52.9838ms
2026-06-01 13:44:47.810 +01:00 [INF] Request starting HTTP/2 GET https://localhost:7231/swagger/v1/swagger.json - null null
2026-06-01 13:44:47.845 +01:00 [INF] Request finished HTTP/2 GET https://localhost:7231/swagger/v1/swagger.json - 200 null application/json;charset=utf-8 35.0189ms
2026-06-01 13:45:04.909 +01:00 [INF] Request starting HTTP/2 GET https://localhost:7231/api/documentos/expirados - null null
2026-06-01 13:45:05.037 +01:00 [INF] Executing endpoint 'GestaoDeFrotas.Controllers.DocumentosController.ObterDocumentosExpirados (GestoreDeFrotas)'
2026-06-01 13:45:05.068 +01:00 [INF] Route matched with {action = "ObterDocumentosExpirados", controller = "Documentos"}. Executing controller action with signature System.Threading.Tasks.Task`1[Microsoft.AspNetCore.Mvc.IActionResult] ObterDocumentosExpirados() on controller GestaoDeFrotas.Controllers.DocumentosController (GestoreDeFrotas).
2026-06-01 13:45:05.409 +01:00 [INF] Executed DbCommand (174ms) [Parameters=[@__daquiA30Dias_0='?' (DbType = DateTime2)], CommandType='"Text"', CommandTimeout='30']
SELECT [d].[Id], [d].[CaminhoFicheiro], [d].[DataUpload], [d].[DataValidade], [d].[NomeFicheiroOriginal], [d].[TipoDocumento], [d].[VeiculoId]
FROM [DocumentosVeiculos] AS [d]
WHERE [d].[DataValidade] IS NOT NULL AND [d].[DataValidade] <= @__daquiA30Dias_0
ORDER BY [d].[DataValidade]
2026-06-01 13:45:05.502 +01:00 [INF] Executing OkObjectResult, writing value of type 'System.Collections.Generic.List`1[[GestaoDeFrotas.Models.DocumentoVeiculo, GestoreDeFrotas, Version=1.0.0.0, Culture=neutral, PublicKeyToken=null]]'.
2026-06-01 13:45:05.540 +01:00 [INF] Executed action GestaoDeFrotas.Controllers.DocumentosController.ObterDocumentosExpirados (GestoreDeFrotas) in 464.1458ms
2026-06-01 13:45:05.543 +01:00 [INF] Executed endpoint 'GestaoDeFrotas.Controllers.DocumentosController.ObterDocumentosExpirados (GestoreDeFrotas)'
2026-06-01 13:45:05.556 +01:00 [INF] Request finished HTTP/2 GET https://localhost:7231/api/documentos/expirados - 200 null application/json; charset=utf-8 646.7459ms
2026-06-01 13:45:53.162 +01:00 [INF] Request starting HTTP/2 GET https://localhost:7231/api/documentos/expirados - null null
2026-06-01 13:45:53.174 +01:00 [INF] Executing endpoint 'GestaoDeFrotas.Controllers.DocumentosController.ObterDocumentosExpirados (GestoreDeFrotas)'
2026-06-01 13:45:53.176 +01:00 [INF] Route matched with {action = "ObterDocumentosExpirados", controller = "Documentos"}. Executing controller action with signature System.Threading.Tasks.Task`1[Microsoft.AspNetCore.Mvc.IActionResult] ObterDocumentosExpirados() on controller GestaoDeFrotas.Controllers.DocumentosController (GestoreDeFrotas).
2026-06-01 13:45:53.254 +01:00 [INF] Executed DbCommand (3ms) [Parameters=[@__daquiA30Dias_0='?' (DbType = DateTime2)], CommandType='"Text"', CommandTimeout='30']
SELECT [d].[Id], [d].[CaminhoFicheiro], [d].[DataUpload], [d].[DataValidade], [d].[NomeFicheiroOriginal], [d].[TipoDocumento], [d].[VeiculoId]
FROM [DocumentosVeiculos] AS [d]
WHERE [d].[DataValidade] IS NOT NULL AND [d].[DataValidade] <= @__daquiA30Dias_0
ORDER BY [d].[DataValidade]
2026-06-01 13:45:53.258 +01:00 [INF] Executing OkObjectResult, writing value of type 'System.Collections.Generic.List`1[[GestaoDeFrotas.Models.DocumentoVeiculo, GestoreDeFrotas, Version=1.0.0.0, Culture=neutral, PublicKeyToken=null]]'.
2026-06-01 13:45:53.261 +01:00 [INF] Executed action GestaoDeFrotas.Controllers.DocumentosController.ObterDocumentosExpirados (GestoreDeFrotas) in 82.5039ms
2026-06-01 13:45:53.325 +01:00 [INF] Executed endpoint 'GestaoDeFrotas.Controllers.DocumentosController.ObterDocumentosExpirados (GestoreDeFrotas)'
2026-06-01 13:45:53.328 +01:00 [INF] Request finished HTTP/2 GET https://localhost:7231/api/documentos/expirados - 200 null application/json; charset=utf-8 165.325ms
2026-06-01 13:49:11.419 +01:00 [INF] Application is shutting down...
2026-06-01 13:57:33.688 +01:00 [INF] Executed DbCommand (18ms) [Parameters=[], CommandType='"Text"', CommandTimeout='30']
SELECT 1
2026-06-01 13:57:33.772 +01:00 [INF] Acquiring an exclusive lock for migration application. See https://aka.ms/efcore-docs-migrations-lock for more information if this takes too long.
2026-06-01 13:57:33.811 +01:00 [INF] Executed DbCommand (34ms) [Parameters=[], CommandType='"Text"', CommandTimeout='30']
DECLARE @result int;
EXEC @result = sp_getapplock @Resource = '__EFMigrationsLock', @LockOwner = 'Session', @LockMode = 'Exclusive';
SELECT @result
2026-06-01 13:57:33.891 +01:00 [INF] Executed DbCommand (12ms) [Parameters=[], CommandType='"Text"', CommandTimeout='30']
IF OBJECT_ID(N'[__EFMigrationsHistory]') IS NULL
BEGIN
    CREATE TABLE [__EFMigrationsHistory] (
        [MigrationId] nvarchar(150) NOT NULL,
        [ProductVersion] nvarchar(32) NOT NULL,
        CONSTRAINT [PK___EFMigrationsHistory] PRIMARY KEY ([MigrationId])
    );
END;
2026-06-01 13:57:33.904 +01:00 [INF] Executed DbCommand (1ms) [Parameters=[], CommandType='"Text"', CommandTimeout='30']
SELECT 1
2026-06-01 13:57:33.909 +01:00 [INF] Executed DbCommand (1ms) [Parameters=[], CommandType='"Text"', CommandTimeout='30']
SELECT OBJECT_ID(N'[__EFMigrationsHistory]');
2026-06-01 13:57:33.927 +01:00 [INF] Executed DbCommand (14ms) [Parameters=[], CommandType='"Text"', CommandTimeout='30']
SELECT [MigrationId], [ProductVersion]
FROM [__EFMigrationsHistory]
ORDER BY [MigrationId];
2026-06-01 13:57:33.943 +01:00 [INF] No migrations were applied. The database is already up to date.
2026-06-01 13:57:33.954 +01:00 [INF] Executed DbCommand (6ms) [Parameters=[], CommandType='"Text"', CommandTimeout='30']
DECLARE @result int;
EXEC @result = sp_releaseapplock @Resource = '__EFMigrationsLock', @LockOwner = 'Session';
SELECT @result
2026-06-01 13:57:34.244 +01:00 [INF] Executed DbCommand (23ms) [Parameters=[], CommandType='"Text"', CommandTimeout='30']
SELECT CASE
    WHEN EXISTS (
        SELECT 1
        FROM [Veiculos] AS [v]) THEN CAST(1 AS bit)
    ELSE CAST(0 AS bit)
END
2026-06-01 13:57:34.256 +01:00 [INF] Executed DbCommand (3ms) [Parameters=[], CommandType='"Text"', CommandTimeout='30']
SELECT CASE
    WHEN EXISTS (
        SELECT 1
        FROM [RegistosManutencao] AS [r]) THEN CAST(1 AS bit)
    ELSE CAST(0 AS bit)
END
2026-06-01 13:57:34.427 +01:00 [INF] User profile is available. Using 'C:\Users\harri\AppData\Local\ASP.NET\DataProtection-Keys' as key repository and Windows DPAPI to encrypt keys at rest.
2026-06-01 13:57:34.793 +01:00 [INF] Now listening on: https://localhost:7231
2026-06-01 13:57:34.794 +01:00 [INF] Now listening on: http://localhost:5256
2026-06-01 13:57:34.942 +01:00 [INF] Application started. Press Ctrl+C to shut down.
2026-06-01 13:57:34.947 +01:00 [INF] Hosting environment: Development
2026-06-01 13:57:34.950 +01:00 [INF] Content root path: C:\Users\harri\OneDrive\Escritorio\Visual Studio\GestoreDeFrotas\GestoreDeFrotas
2026-06-01 13:57:44.580 +01:00 [INF] Request starting HTTP/2 GET https://localhost:7231/swagger/index.html - null null
2026-06-01 13:57:44.903 +01:00 [INF] Request finished HTTP/2 GET https://localhost:7231/swagger/index.html - 200 null text/html;charset=utf-8 332.6624ms
2026-06-01 13:57:44.925 +01:00 [INF] Request starting HTTP/2 GET https://localhost:7231/_framework/aspnetcore-browser-refresh.js - null null
2026-06-01 13:57:44.927 +01:00 [INF] Request starting HTTP/2 GET https://localhost:7231/swagger/index.js - null null
2026-06-01 13:57:44.953 +01:00 [INF] Request starting HTTP/2 GET https://localhost:7231/_vs/browserLink - null null
2026-06-01 13:57:44.971 +01:00 [INF] Request finished HTTP/2 GET https://localhost:7231/swagger/index.js - 200 null application/javascript;charset=utf-8 43.7751ms
2026-06-01 13:57:45.027 +01:00 [INF] Request finished HTTP/2 GET https://localhost:7231/_framework/aspnetcore-browser-refresh.js - 200 14935 application/javascript; charset=utf-8 103.2902ms
2026-06-01 13:57:45.094 +01:00 [INF] Request finished HTTP/2 GET https://localhost:7231/_vs/browserLink - 200 null text/javascript; charset=UTF-8 141.5165ms
2026-06-01 13:57:47.075 +01:00 [INF] Request starting HTTP/2 GET https://localhost:7231/swagger/v1/swagger.json - null null
2026-06-01 13:57:47.104 +01:00 [INF] Request finished HTTP/2 GET https://localhost:7231/swagger/v1/swagger.json - 200 null application/json;charset=utf-8 29.5341ms
2026-06-01 13:58:05.597 +01:00 [INF] Request starting HTTP/2 POST https://localhost:7231/api/auth/teste-token?cargo=Admin - null 0
2026-06-01 13:58:05.789 +01:00 [INF] Executing endpoint 'HTTP: POST /api/auth/teste-token'
2026-06-01 13:58:05.890 +01:00 [INF] Setting HTTP status code 200.
2026-06-01 13:58:05.898 +01:00 [INF] Writing value of type '<>f__AnonymousType8`1' as Json.
2026-06-01 13:58:05.904 +01:00 [INF] Executed endpoint 'HTTP: POST /api/auth/teste-token'
2026-06-01 13:58:06.219 +01:00 [INF] Executed DbCommand (63ms) [Parameters=[@p0='?' (DbType = DateTime2), @p1='?' (Size = 4000), @p2='?' (Size = 4000), @p3='?' (Size = 4000), @p4='?' (DbType = Int32), @p5='?' (Size = 4000)], CommandType='"Text"', CommandTimeout='30']
SET IMPLICIT_TRANSACTIONS OFF;
SET NOCOUNT ON;
INSERT INTO [LogsSistema] ([Data], [Descricao], [MetodoHttp], [Rota], [StatusCode], [Utilizador])
OUTPUT INSERTED.[Id]
VALUES (@p0, @p1, @p2, @p3, @p4, @p5);
2026-06-01 13:58:06.312 +01:00 [INF] Request finished HTTP/2 POST https://localhost:7231/api/auth/teste-token?cargo=Admin - 200 null application/json; charset=utf-8 714.3329ms
2026-06-01 13:59:08.565 +01:00 [INF] Request starting HTTP/2 POST https://localhost:7231/api/documentos/upload - multipart/form-data; boundary=----WebKitFormBoundary9DiiAWLFjoqBBsbj 94950
2026-06-01 13:59:08.625 +01:00 [INF] Executing endpoint 'GestaoDeFrotas.Controllers.DocumentosController.UploadDocumento (GestoreDeFrotas)'
2026-06-01 13:59:08.650 +01:00 [INF] Route matched with {action = "UploadDocumento", controller = "Documentos"}. Executing controller action with signature System.Threading.Tasks.Task`1[Microsoft.AspNetCore.Mvc.IActionResult] UploadDocumento(Int32, System.String, System.Nullable`1[System.DateTime], Microsoft.AspNetCore.Http.IFormFile) on controller GestaoDeFrotas.Controllers.DocumentosController (GestoreDeFrotas).
2026-06-01 13:59:08.858 +01:00 [INF] Executed DbCommand (7ms) [Parameters=[@p0='?' (Size = 4000), @p1='?' (DbType = DateTime2), @p2='?' (DbType = DateTime2), @p3='?' (Size = 4000), @p4='?' (Size = 4000), @p5='?' (DbType = Int32)], CommandType='"Text"', CommandTimeout='30']
SET IMPLICIT_TRANSACTIONS OFF;
SET NOCOUNT ON;
INSERT INTO [DocumentosVeiculos] ([CaminhoFicheiro], [DataUpload], [DataValidade], [NomeFicheiroOriginal], [TipoDocumento], [VeiculoId])
OUTPUT INSERTED.[Id]
VALUES (@p0, @p1, @p2, @p3, @p4, @p5);
2026-06-01 13:59:08.874 +01:00 [INF] Executing OkObjectResult, writing value of type 'GestaoDeFrotas.Models.DocumentoVeiculo'.
2026-06-01 13:59:08.893 +01:00 [INF] Executed action GestaoDeFrotas.Controllers.DocumentosController.UploadDocumento (GestoreDeFrotas) in 237.0524ms
2026-06-01 13:59:08.895 +01:00 [INF] Executed endpoint 'GestaoDeFrotas.Controllers.DocumentosController.UploadDocumento (GestoreDeFrotas)'
2026-06-01 13:59:08.904 +01:00 [INF] Executed DbCommand (3ms) [Parameters=[@p0='?' (DbType = DateTime2), @p1='?' (Size = 4000), @p2='?' (Size = 4000), @p3='?' (Size = 4000), @p4='?' (DbType = Int32), @p5='?' (Size = 4000)], CommandType='"Text"', CommandTimeout='30']
SET IMPLICIT_TRANSACTIONS OFF;
SET NOCOUNT ON;
INSERT INTO [LogsSistema] ([Data], [Descricao], [MetodoHttp], [Rota], [StatusCode], [Utilizador])
OUTPUT INSERTED.[Id]
VALUES (@p0, @p1, @p2, @p3, @p4, @p5);
2026-06-01 13:59:08.910 +01:00 [INF] Request finished HTTP/2 POST https://localhost:7231/api/documentos/upload - 200 null application/json; charset=utf-8 344.4547ms
2026-06-01 13:59:28.736 +01:00 [INF] Request starting HTTP/2 GET https://localhost:7231/api/auditoria/notificacoes - null null
2026-06-01 13:59:28.750 +01:00 [INF] Executing endpoint 'GestaoDeFrotas.Controllers.AuditoriaController.GetNotificacoes (GestoreDeFrotas)'
2026-06-01 13:59:28.756 +01:00 [INF] Route matched with {action = "GetNotificacoes", controller = "Auditoria"}. Executing controller action with signature System.Threading.Tasks.Task`1[Microsoft.AspNetCore.Mvc.IActionResult] GetNotificacoes() on controller GestaoDeFrotas.Controllers.AuditoriaController (GestoreDeFrotas).
2026-06-01 13:59:28.842 +01:00 [INF] Executed DbCommand (5ms) [Parameters=[], CommandType='"Text"', CommandTimeout='30']
SELECT [n].[Id], [n].[Data], [n].[Lida], [n].[Mensagem], [n].[Tipo], [n].[Titulo]
FROM [Notificacoes] AS [n]
WHERE [n].[Lida] = CAST(0 AS bit)
ORDER BY [n].[Data] DESC
2026-06-01 13:59:28.863 +01:00 [INF] Executing OkObjectResult, writing value of type 'System.Collections.Generic.List`1[[GestaoDeFrotas.Models.Notificacao, GestoreDeFrotas, Version=1.0.0.0, Culture=neutral, PublicKeyToken=null]]'.
2026-06-01 13:59:28.867 +01:00 [INF] Executed action GestaoDeFrotas.Controllers.AuditoriaController.GetNotificacoes (GestoreDeFrotas) in 109.3688ms
2026-06-01 13:59:28.871 +01:00 [INF] Executed endpoint 'GestaoDeFrotas.Controllers.AuditoriaController.GetNotificacoes (GestoreDeFrotas)'
2026-06-01 13:59:28.873 +01:00 [INF] Request finished HTTP/2 GET https://localhost:7231/api/auditoria/notificacoes - 200 null application/json; charset=utf-8 137.6641ms
2026-06-01 13:59:46.644 +01:00 [INF] Request starting HTTP/2 GET https://localhost:7231/api/auditoria/notificacoes - null null
2026-06-01 13:59:46.650 +01:00 [INF] Executing endpoint 'GestaoDeFrotas.Controllers.AuditoriaController.GetNotificacoes (GestoreDeFrotas)'
2026-06-01 13:59:46.654 +01:00 [INF] Route matched with {action = "GetNotificacoes", controller = "Auditoria"}. Executing controller action with signature System.Threading.Tasks.Task`1[Microsoft.AspNetCore.Mvc.IActionResult] GetNotificacoes() on controller GestaoDeFrotas.Controllers.AuditoriaController (GestoreDeFrotas).
2026-06-01 13:59:46.666 +01:00 [INF] Executed DbCommand (4ms) [Parameters=[], CommandType='"Text"', CommandTimeout='30']
SELECT [n].[Id], [n].[Data], [n].[Lida], [n].[Mensagem], [n].[Tipo], [n].[Titulo]
FROM [Notificacoes] AS [n]
WHERE [n].[Lida] = CAST(0 AS bit)
ORDER BY [n].[Data] DESC
2026-06-01 13:59:46.671 +01:00 [INF] Executing OkObjectResult, writing value of type 'System.Collections.Generic.List`1[[GestaoDeFrotas.Models.Notificacao, GestoreDeFrotas, Version=1.0.0.0, Culture=neutral, PublicKeyToken=null]]'.
2026-06-01 13:59:46.673 +01:00 [INF] Executed action GestaoDeFrotas.Controllers.AuditoriaController.GetNotificacoes (GestoreDeFrotas) in 15.7234ms
2026-06-01 13:59:46.675 +01:00 [INF] Executed endpoint 'GestaoDeFrotas.Controllers.AuditoriaController.GetNotificacoes (GestoreDeFrotas)'
2026-06-01 13:59:46.677 +01:00 [INF] Request finished HTTP/2 GET https://localhost:7231/api/auditoria/notificacoes - 200 null application/json; charset=utf-8 33.2534ms
2026-06-01 13:59:57.538 +01:00 [INF] Request starting HTTP/2 GET https://localhost:7231/api/auditoria/logs - null null
2026-06-01 13:59:57.547 +01:00 [INF] Executing endpoint 'GestaoDeFrotas.Controllers.AuditoriaController.ObterLogs (GestoreDeFrotas)'
2026-06-01 13:59:57.556 +01:00 [INF] Route matched with {action = "ObterLogs", controller = "Auditoria"}. Executing controller action with signature System.Threading.Tasks.Task`1[Microsoft.AspNetCore.Mvc.IActionResult] ObterLogs(GestaoDeFrotas.Data.AppDbContext) on controller GestaoDeFrotas.Controllers.AuditoriaController (GestoreDeFrotas).
2026-06-01 13:59:57.577 +01:00 [INF] Executed DbCommand (2ms) [Parameters=[@__p_0='?' (DbType = Int32)], CommandType='"Text"', CommandTimeout='30']
SELECT TOP(@__p_0) [l].[Id], [l].[Data], [l].[Descricao], [l].[MetodoHttp], [l].[Rota], [l].[StatusCode], [l].[Utilizador]
FROM [LogsSistema] AS [l]
ORDER BY [l].[Id] DESC
2026-06-01 13:59:57.580 +01:00 [INF] Executing OkObjectResult, writing value of type 'System.Collections.Generic.List`1[[GestaoDeFrotas.Models.LogSistema, GestoreDeFrotas, Version=1.0.0.0, Culture=neutral, PublicKeyToken=null]]'.
2026-06-01 13:59:57.584 +01:00 [INF] Executed action GestaoDeFrotas.Controllers.AuditoriaController.ObterLogs (GestoreDeFrotas) in 26.3053ms
2026-06-01 13:59:57.587 +01:00 [INF] Executed endpoint 'GestaoDeFrotas.Controllers.AuditoriaController.ObterLogs (GestoreDeFrotas)'
2026-06-01 13:59:57.589 +01:00 [INF] Request finished HTTP/2 GET https://localhost:7231/api/auditoria/logs - 200 null application/json; charset=utf-8 51.5845ms
2026-06-01 14:00:34.002 +01:00 [INF] Request starting HTTP/2 POST https://localhost:7231/api/documentos/upload - multipart/form-data; boundary=----WebKitFormBoundarygxQmTjy6570I1iEk 94950
2026-06-01 14:00:34.015 +01:00 [INF] Executing endpoint 'GestaoDeFrotas.Controllers.DocumentosController.UploadDocumento (GestoreDeFrotas)'
2026-06-01 14:00:34.017 +01:00 [INF] Route matched with {action = "UploadDocumento", controller = "Documentos"}. Executing controller action with signature System.Threading.Tasks.Task`1[Microsoft.AspNetCore.Mvc.IActionResult] UploadDocumento(Int32, System.String, System.Nullable`1[System.DateTime], Microsoft.AspNetCore.Http.IFormFile) on controller GestaoDeFrotas.Controllers.DocumentosController (GestoreDeFrotas).
2026-06-01 14:00:34.042 +01:00 [INF] Executed DbCommand (17ms) [Parameters=[@p0='?' (Size = 4000), @p1='?' (DbType = DateTime2), @p2='?' (DbType = DateTime2), @p3='?' (Size = 4000), @p4='?' (Size = 4000), @p5='?' (DbType = Int32)], CommandType='"Text"', CommandTimeout='30']
SET IMPLICIT_TRANSACTIONS OFF;
SET NOCOUNT ON;
INSERT INTO [DocumentosVeiculos] ([CaminhoFicheiro], [DataUpload], [DataValidade], [NomeFicheiroOriginal], [TipoDocumento], [VeiculoId])
OUTPUT INSERTED.[Id]
VALUES (@p0, @p1, @p2, @p3, @p4, @p5);
2026-06-01 14:00:34.062 +01:00 [INF] Executed DbCommand (4ms) [Parameters=[@p0='?' (DbType = DateTime2), @p1='?' (DbType = Boolean), @p2='?' (Size = 4000), @p3='?' (Size = 4000), @p4='?' (Size = 4000)], CommandType='"Text"', CommandTimeout='30']
SET IMPLICIT_TRANSACTIONS OFF;
SET NOCOUNT ON;
INSERT INTO [Notificacoes] ([Data], [Lida], [Mensagem], [Tipo], [Titulo])
OUTPUT INSERTED.[Id]
VALUES (@p0, @p1, @p2, @p3, @p4);
2026-06-01 14:00:34.069 +01:00 [INF] Executing OkObjectResult, writing value of type 'GestaoDeFrotas.Models.DocumentoVeiculo'.
2026-06-01 14:00:34.071 +01:00 [INF] Executed action GestaoDeFrotas.Controllers.DocumentosController.UploadDocumento (GestoreDeFrotas) in 50.9851ms
2026-06-01 14:00:34.074 +01:00 [INF] Executed endpoint 'GestaoDeFrotas.Controllers.DocumentosController.UploadDocumento (GestoreDeFrotas)'
2026-06-01 14:00:34.081 +01:00 [INF] Executed DbCommand (3ms) [Parameters=[@p0='?' (DbType = DateTime2), @p1='?' (Size = 4000), @p2='?' (Size = 4000), @p3='?' (Size = 4000), @p4='?' (DbType = Int32), @p5='?' (Size = 4000)], CommandType='"Text"', CommandTimeout='30']
SET IMPLICIT_TRANSACTIONS OFF;
SET NOCOUNT ON;
INSERT INTO [LogsSistema] ([Data], [Descricao], [MetodoHttp], [Rota], [StatusCode], [Utilizador])
OUTPUT INSERTED.[Id]
VALUES (@p0, @p1, @p2, @p3, @p4, @p5);
2026-06-01 14:00:34.096 +01:00 [INF] Request finished HTTP/2 POST https://localhost:7231/api/documentos/upload - 200 null application/json; charset=utf-8 120.0783ms
2026-06-01 14:00:51.111 +01:00 [INF] Request starting HTTP/2 GET https://localhost:7231/api/auditoria/notificacoes - null null
2026-06-01 14:00:51.130 +01:00 [INF] Executing endpoint 'GestaoDeFrotas.Controllers.AuditoriaController.GetNotificacoes (GestoreDeFrotas)'
2026-06-01 14:00:51.131 +01:00 [INF] Route matched with {action = "GetNotificacoes", controller = "Auditoria"}. Executing controller action with signature System.Threading.Tasks.Task`1[Microsoft.AspNetCore.Mvc.IActionResult] GetNotificacoes() on controller GestaoDeFrotas.Controllers.AuditoriaController (GestoreDeFrotas).
2026-06-01 14:00:51.139 +01:00 [INF] Executed DbCommand (4ms) [Parameters=[], CommandType='"Text"', CommandTimeout='30']
SELECT [n].[Id], [n].[Data], [n].[Lida], [n].[Mensagem], [n].[Tipo], [n].[Titulo]
FROM [Notificacoes] AS [n]
WHERE [n].[Lida] = CAST(0 AS bit)
ORDER BY [n].[Data] DESC
2026-06-01 14:00:51.143 +01:00 [INF] Executing OkObjectResult, writing value of type 'System.Collections.Generic.List`1[[GestaoDeFrotas.Models.Notificacao, GestoreDeFrotas, Version=1.0.0.0, Culture=neutral, PublicKeyToken=null]]'.
2026-06-01 14:00:51.146 +01:00 [INF] Executed action GestaoDeFrotas.Controllers.AuditoriaController.GetNotificacoes (GestoreDeFrotas) in 12.0688ms
2026-06-01 14:00:51.148 +01:00 [INF] Executed endpoint 'GestaoDeFrotas.Controllers.AuditoriaController.GetNotificacoes (GestoreDeFrotas)'
2026-06-01 14:00:51.152 +01:00 [INF] Request finished HTTP/2 GET https://localhost:7231/api/auditoria/notificacoes - 200 null application/json; charset=utf-8 41.1394ms
2026-06-01 14:01:50.431 +01:00 [INF] Request starting HTTP/2 GET https://localhost:7231/api/Dashboard - null null
2026-06-01 14:01:50.440 +01:00 [INF] Executing endpoint 'GestaoDeFrotas.Controllers.DashboardController.GetEstatisticas (GestoreDeFrotas)'
2026-06-01 14:01:50.443 +01:00 [INF] Route matched with {action = "GetEstatisticas", controller = "Dashboard"}. Executing controller action with signature Microsoft.AspNetCore.Mvc.IActionResult GetEstatisticas() on controller GestaoDeFrotas.Controllers.DashboardController (GestoreDeFrotas).
2026-06-01 14:01:50.510 +01:00 [INF] Executed DbCommand (8ms) [Parameters=[], CommandType='"Text"', CommandTimeout='30']
SELECT COUNT(*)
FROM [Veiculos] AS [v]
2026-06-01 14:01:50.534 +01:00 [INF] Executed DbCommand (9ms) [Parameters=[], CommandType='"Text"', CommandTimeout='30']
SELECT COUNT(*)
FROM [Veiculos] AS [v]
WHERE [v].[Estado] = N'Disponível'
2026-06-01 14:01:50.540 +01:00 [INF] Executed DbCommand (0ms) [Parameters=[], CommandType='"Text"', CommandTimeout='30']
SELECT COUNT(*)
FROM [Veiculos] AS [v]
WHERE [v].[Estado] = N'Alugado'
2026-06-01 14:01:50.546 +01:00 [INF] Executed DbCommand (1ms) [Parameters=[], CommandType='"Text"', CommandTimeout='30']
SELECT COUNT(*)
FROM [Veiculos] AS [v]
WHERE [v].[Estado] = N'Em Manutenção'
2026-06-01 14:01:50.570 +01:00 [INF] Executed DbCommand (13ms) [Parameters=[], CommandType='"Text"', CommandTimeout='30']
SELECT COALESCE(SUM([r].[Custo]), 0.0)
FROM [RegistosManutencao] AS [r]
2026-06-01 14:01:50.581 +01:00 [INF] Executed DbCommand (4ms) [Parameters=[], CommandType='"Text"', CommandTimeout='30']
SELECT COUNT(*)
FROM [RegistosManutencao] AS [r]
2026-06-01 14:01:50.591 +01:00 [INF] Executed DbCommand (2ms) [Parameters=[], CommandType='"Text"', CommandTimeout='30']
SELECT COUNT(*)
FROM [DocumentosVeiculos] AS [d]
2026-06-01 14:01:50.627 +01:00 [INF] Executed DbCommand (22ms) [Parameters=[@__hoje_0='?' (DbType = DateTime2)], CommandType='"Text"', CommandTimeout='30']
SELECT COUNT(*)
FROM [DocumentosVeiculos] AS [d]
WHERE [d].[DataValidade] IS NOT NULL AND [d].[DataValidade] < @__hoje_0
2026-06-01 14:01:50.631 +01:00 [INF] Executing OkObjectResult, writing value of type '<>f__AnonymousType1`8[[System.Int32, System.Private.CoreLib, Version=9.0.0.0, Culture=neutral, PublicKeyToken=7cec85d7bea7798e],[System.Int32, System.Private.CoreLib, Version=9.0.0.0, Culture=neutral, PublicKeyToken=7cec85d7bea7798e],[System.Int32, System.Private.CoreLib, Version=9.0.0.0, Culture=neutral, PublicKeyToken=7cec85d7bea7798e],[System.Int32, System.Private.CoreLib, Version=9.0.0.0, Culture=neutral, PublicKeyToken=7cec85d7bea7798e],[System.Decimal, System.Private.CoreLib, Version=9.0.0.0, Culture=neutral, PublicKeyToken=7cec85d7bea7798e],[System.Int32, System.Private.CoreLib, Version=9.0.0.0, Culture=neutral, PublicKeyToken=7cec85d7bea7798e],[System.Int32, System.Private.CoreLib, Version=9.0.0.0, Culture=neutral, PublicKeyToken=7cec85d7bea7798e],[System.Int32, System.Private.CoreLib, Version=9.0.0.0, Culture=neutral, PublicKeyToken=7cec85d7bea7798e]]'.
2026-06-01 14:01:50.642 +01:00 [INF] Executed action GestaoDeFrotas.Controllers.DashboardController.GetEstatisticas (GestoreDeFrotas) in 195.0609ms
2026-06-01 14:01:50.671 +01:00 [INF] Executed endpoint 'GestaoDeFrotas.Controllers.DashboardController.GetEstatisticas (GestoreDeFrotas)'
2026-06-01 14:01:50.672 +01:00 [INF] Request finished HTTP/2 GET https://localhost:7231/api/Dashboard - 200 null application/json; charset=utf-8 240.6426ms
2026-06-01 14:04:36.535 +01:00 [INF] Application is shutting down...
2026-06-01 14:06:47.287 +01:00 [INF] Executed DbCommand (15ms) [Parameters=[], CommandType='"Text"', CommandTimeout='30']
SELECT 1
2026-06-01 14:06:47.352 +01:00 [INF] Acquiring an exclusive lock for migration application. See https://aka.ms/efcore-docs-migrations-lock for more information if this takes too long.
2026-06-01 14:06:47.389 +01:00 [INF] Executed DbCommand (33ms) [Parameters=[], CommandType='"Text"', CommandTimeout='30']
DECLARE @result int;
EXEC @result = sp_getapplock @Resource = '__EFMigrationsLock', @LockOwner = 'Session', @LockMode = 'Exclusive';
SELECT @result
2026-06-01 14:06:47.487 +01:00 [INF] Executed DbCommand (20ms) [Parameters=[], CommandType='"Text"', CommandTimeout='30']
IF OBJECT_ID(N'[__EFMigrationsHistory]') IS NULL
BEGIN
    CREATE TABLE [__EFMigrationsHistory] (
        [MigrationId] nvarchar(150) NOT NULL,
        [ProductVersion] nvarchar(32) NOT NULL,
        CONSTRAINT [PK___EFMigrationsHistory] PRIMARY KEY ([MigrationId])
    );
END;
2026-06-01 14:06:47.504 +01:00 [INF] Executed DbCommand (1ms) [Parameters=[], CommandType='"Text"', CommandTimeout='30']
SELECT 1
2026-06-01 14:06:47.508 +01:00 [INF] Executed DbCommand (1ms) [Parameters=[], CommandType='"Text"', CommandTimeout='30']
SELECT OBJECT_ID(N'[__EFMigrationsHistory]');
2026-06-01 14:06:47.525 +01:00 [INF] Executed DbCommand (13ms) [Parameters=[], CommandType='"Text"', CommandTimeout='30']
SELECT [MigrationId], [ProductVersion]
FROM [__EFMigrationsHistory]
ORDER BY [MigrationId];
2026-06-01 14:06:47.545 +01:00 [INF] No migrations were applied. The database is already up to date.
2026-06-01 14:06:47.557 +01:00 [INF] Executed DbCommand (3ms) [Parameters=[], CommandType='"Text"', CommandTimeout='30']
DECLARE @result int;
EXEC @result = sp_releaseapplock @Resource = '__EFMigrationsLock', @LockOwner = 'Session';
SELECT @result
2026-06-01 14:06:47.872 +01:00 [INF] Executed DbCommand (23ms) [Parameters=[], CommandType='"Text"', CommandTimeout='30']
SELECT CASE
    WHEN EXISTS (
        SELECT 1
        FROM [Veiculos] AS [v]) THEN CAST(1 AS bit)
    ELSE CAST(0 AS bit)
END
2026-06-01 14:06:47.881 +01:00 [INF] Executed DbCommand (3ms) [Parameters=[], CommandType='"Text"', CommandTimeout='30']
SELECT CASE
    WHEN EXISTS (
        SELECT 1
        FROM [RegistosManutencao] AS [r]) THEN CAST(1 AS bit)
    ELSE CAST(0 AS bit)
END
2026-06-01 14:06:48.091 +01:00 [INF] User profile is available. Using 'C:\Users\harri\AppData\Local\ASP.NET\DataProtection-Keys' as key repository and Windows DPAPI to encrypt keys at rest.
2026-06-01 14:06:48.459 +01:00 [INF] Now listening on: https://localhost:7231
2026-06-01 14:06:48.461 +01:00 [INF] Now listening on: http://localhost:5256
2026-06-01 14:06:48.538 +01:00 [INF] Application started. Press Ctrl+C to shut down.
2026-06-01 14:06:48.540 +01:00 [INF] Hosting environment: Development
2026-06-01 14:06:48.542 +01:00 [INF] Content root path: C:\Users\harri\OneDrive\Escritorio\Visual Studio\GestoreDeFrotas\GestoreDeFrotas
2026-06-01 14:07:33.654 +01:00 [INF] Request starting HTTP/2 GET https://localhost:7231//scalar/v1/index.html - null null
2026-06-01 14:07:33.990 +01:00 [INF] Request finished HTTP/2 GET https://localhost:7231//scalar/v1/index.html - 404 null null 348.4692ms
2026-06-01 14:07:34.000 +01:00 [INF] Request reached the end of the middleware pipeline without being handled by application code. Request path: GET https://localhost:7231//scalar/v1/index.html, Response status code: 404
2026-06-01 14:07:42.569 +01:00 [INF] Request starting HTTP/2 GET https://localhost:7231/scalar/v1/index.html - null null
2026-06-01 14:07:42.602 +01:00 [INF] Request finished HTTP/2 GET https://localhost:7231/scalar/v1/index.html - 404 null null 32.9259ms
2026-06-01 14:07:42.608 +01:00 [INF] Request reached the end of the middleware pipeline without being handled by application code. Request path: GET https://localhost:7231/scalar/v1/index.html, Response status code: 404
2026-06-01 14:14:47.200 +01:00 [INF] Executed DbCommand (18ms) [Parameters=[], CommandType='"Text"', CommandTimeout='30']
SELECT 1
2026-06-01 14:14:47.273 +01:00 [INF] Acquiring an exclusive lock for migration application. See https://aka.ms/efcore-docs-migrations-lock for more information if this takes too long.
2026-06-01 14:14:47.464 +01:00 [INF] Executed DbCommand (187ms) [Parameters=[], CommandType='"Text"', CommandTimeout='30']
DECLARE @result int;
EXEC @result = sp_getapplock @Resource = '__EFMigrationsLock', @LockOwner = 'Session', @LockMode = 'Exclusive';
SELECT @result
2026-06-01 14:14:47.542 +01:00 [INF] Executed DbCommand (11ms) [Parameters=[], CommandType='"Text"', CommandTimeout='30']
IF OBJECT_ID(N'[__EFMigrationsHistory]') IS NULL
BEGIN
    CREATE TABLE [__EFMigrationsHistory] (
        [MigrationId] nvarchar(150) NOT NULL,
        [ProductVersion] nvarchar(32) NOT NULL,
        CONSTRAINT [PK___EFMigrationsHistory] PRIMARY KEY ([MigrationId])
    );
END;
2026-06-01 14:14:47.555 +01:00 [INF] Executed DbCommand (1ms) [Parameters=[], CommandType='"Text"', CommandTimeout='30']
SELECT 1
2026-06-01 14:14:47.560 +01:00 [INF] Executed DbCommand (1ms) [Parameters=[], CommandType='"Text"', CommandTimeout='30']
SELECT OBJECT_ID(N'[__EFMigrationsHistory]');
2026-06-01 14:14:47.642 +01:00 [INF] Executed DbCommand (73ms) [Parameters=[], CommandType='"Text"', CommandTimeout='30']
SELECT [MigrationId], [ProductVersion]
FROM [__EFMigrationsHistory]
ORDER BY [MigrationId];
2026-06-01 14:14:47.654 +01:00 [INF] No migrations were applied. The database is already up to date.
2026-06-01 14:14:47.665 +01:00 [INF] Executed DbCommand (7ms) [Parameters=[], CommandType='"Text"', CommandTimeout='30']
DECLARE @result int;
EXEC @result = sp_releaseapplock @Resource = '__EFMigrationsLock', @LockOwner = 'Session';
SELECT @result
2026-06-01 14:14:47.895 +01:00 [INF] Executed DbCommand (7ms) [Parameters=[], CommandType='"Text"', CommandTimeout='30']
SELECT CASE
    WHEN EXISTS (
        SELECT 1
        FROM [Veiculos] AS [v]) THEN CAST(1 AS bit)
    ELSE CAST(0 AS bit)
END
2026-06-01 14:14:47.906 +01:00 [INF] Executed DbCommand (2ms) [Parameters=[], CommandType='"Text"', CommandTimeout='30']
SELECT CASE
    WHEN EXISTS (
        SELECT 1
        FROM [RegistosManutencao] AS [r]) THEN CAST(1 AS bit)
    ELSE CAST(0 AS bit)
END
2026-06-01 14:14:48.053 +01:00 [INF] User profile is available. Using 'C:\Users\harri\AppData\Local\ASP.NET\DataProtection-Keys' as key repository and Windows DPAPI to encrypt keys at rest.
2026-06-01 14:14:48.462 +01:00 [INF] Now listening on: https://localhost:7231
2026-06-01 14:14:48.463 +01:00 [INF] Now listening on: http://localhost:5256
2026-06-01 14:14:48.536 +01:00 [INF] Application started. Press Ctrl+C to shut down.
2026-06-01 14:14:48.538 +01:00 [INF] Hosting environment: Development
2026-06-01 14:14:48.539 +01:00 [INF] Content root path: C:\Users\harri\OneDrive\Escritorio\Visual Studio\GestoreDeFrotas\GestoreDeFrotas
2026-06-01 14:15:00.413 +01:00 [INF] Request starting HTTP/2 GET https://localhost:7231/scalar/v1 - null null
2026-06-01 14:15:00.678 +01:00 [INF] Executing endpoint 'HTTP: GET /scalar/{documentName?}'
2026-06-01 14:15:00.899 +01:00 [INF] Write content with HTTP Response ContentType of text/html
2026-06-01 14:15:00.933 +01:00 [INF] Executed endpoint 'HTTP: GET /scalar/{documentName?}'
2026-06-01 14:15:00.948 +01:00 [INF] Request finished HTTP/2 GET https://localhost:7231/scalar/v1 - 200 null text/html 545.622ms
2026-06-01 14:15:00.988 +01:00 [INF] Request starting HTTP/2 GET https://localhost:7231/scalar/scalar.js - null null
2026-06-01 14:15:00.990 +01:00 [INF] Request starting HTTP/2 GET https://localhost:7231/scalar/scalar.aspnetcore.js - null null
2026-06-01 14:15:01.002 +01:00 [INF] Request starting HTTP/2 GET https://localhost:7231/_framework/aspnetcore-browser-refresh.js - null null
2026-06-01 14:15:01.026 +01:00 [INF] Executing endpoint 'HTTP: GET /scalar/scalar.js'
2026-06-01 14:15:01.031 +01:00 [INF] Request starting HTTP/2 GET https://localhost:7231/_vs/browserLink - null null
2026-06-01 14:15:01.041 +01:00 [INF] Executing endpoint 'HTTP: GET /scalar/scalar.aspnetcore.js'
2026-06-01 14:15:01.050 +01:00 [INF] Sending file with download name ''.
2026-06-01 14:15:01.052 +01:00 [INF] Sending file with download name ''.
2026-06-01 14:15:01.063 +01:00 [INF] Request finished HTTP/2 GET https://localhost:7231/_framework/aspnetcore-browser-refresh.js - 200 14935 application/javascript; charset=utf-8 61.0968ms
2026-06-01 14:15:01.068 +01:00 [INF] Executed endpoint 'HTTP: GET /scalar/scalar.aspnetcore.js'
2026-06-01 14:15:01.071 +01:00 [INF] Request finished HTTP/2 GET https://localhost:7231/scalar/scalar.aspnetcore.js - 200 1111 text/javascript 81.6925ms
2026-06-01 14:15:01.129 +01:00 [INF] Request finished HTTP/2 GET https://localhost:7231/_vs/browserLink - 200 null text/javascript; charset=UTF-8 98.5594ms
2026-06-01 14:15:01.155 +01:00 [INF] Executed endpoint 'HTTP: GET /scalar/scalar.js'
2026-06-01 14:15:01.162 +01:00 [INF] Request finished HTTP/2 GET https://localhost:7231/scalar/scalar.js - 200 1012335 text/javascript 173.4369ms
2026-06-01 14:15:01.864 +01:00 [INF] Request starting HTTP/2 GET https://localhost:7231/swagger/v1/swagger.json - null null
2026-06-01 14:15:01.899 +01:00 [INF] Request finished HTTP/2 GET https://localhost:7231/swagger/v1/swagger.json - 200 null application/json;charset=utf-8 34.5317ms
2026-06-01 14:15:04.736 +01:00 [INF] Request starting HTTP/2 GET https://localhost:7231/scalar/favicon.svg - null null
2026-06-01 14:15:04.740 +01:00 [INF] Executing endpoint 'HTTP: GET /scalar/favicon.svg'
2026-06-01 14:15:04.742 +01:00 [INF] Sending file with download name ''.
2026-06-01 14:15:04.743 +01:00 [INF] Executed endpoint 'HTTP: GET /scalar/favicon.svg'
2026-06-01 14:15:04.745 +01:00 [INF] Request finished HTTP/2 GET https://localhost:7231/scalar/favicon.svg - 200 533 image/svg+xml 9.4471ms
2026-06-01 14:17:10.457 +01:00 [INF] Application is shutting down...
2026-06-01 14:28:04.433 +01:00 [INF] Executed DbCommand (25ms) [Parameters=[], CommandType='"Text"', CommandTimeout='30']
SELECT 1
2026-06-01 14:28:04.509 +01:00 [INF] Acquiring an exclusive lock for migration application. See https://aka.ms/efcore-docs-migrations-lock for more information if this takes too long.
2026-06-01 14:28:04.557 +01:00 [INF] Executed DbCommand (45ms) [Parameters=[], CommandType='"Text"', CommandTimeout='30']
DECLARE @result int;
EXEC @result = sp_getapplock @Resource = '__EFMigrationsLock', @LockOwner = 'Session', @LockMode = 'Exclusive';
SELECT @result
2026-06-01 14:28:04.646 +01:00 [INF] Executed DbCommand (19ms) [Parameters=[], CommandType='"Text"', CommandTimeout='30']
IF OBJECT_ID(N'[__EFMigrationsHistory]') IS NULL
BEGIN
    CREATE TABLE [__EFMigrationsHistory] (
        [MigrationId] nvarchar(150) NOT NULL,
        [ProductVersion] nvarchar(32) NOT NULL,
        CONSTRAINT [PK___EFMigrationsHistory] PRIMARY KEY ([MigrationId])
    );
END;
2026-06-01 14:28:04.670 +01:00 [INF] Executed DbCommand (1ms) [Parameters=[], CommandType='"Text"', CommandTimeout='30']
SELECT 1
2026-06-01 14:28:04.674 +01:00 [INF] Executed DbCommand (0ms) [Parameters=[], CommandType='"Text"', CommandTimeout='30']
SELECT OBJECT_ID(N'[__EFMigrationsHistory]');
2026-06-01 14:28:04.827 +01:00 [INF] Executed DbCommand (148ms) [Parameters=[], CommandType='"Text"', CommandTimeout='30']
SELECT [MigrationId], [ProductVersion]
FROM [__EFMigrationsHistory]
ORDER BY [MigrationId];
2026-06-01 14:28:04.839 +01:00 [INF] No migrations were applied. The database is already up to date.
2026-06-01 14:28:04.895 +01:00 [INF] Executed DbCommand (50ms) [Parameters=[], CommandType='"Text"', CommandTimeout='30']
DECLARE @result int;
EXEC @result = sp_releaseapplock @Resource = '__EFMigrationsLock', @LockOwner = 'Session';
SELECT @result
2026-06-01 14:28:05.294 +01:00 [INF] Executed DbCommand (28ms) [Parameters=[], CommandType='"Text"', CommandTimeout='30']
SELECT CASE
    WHEN EXISTS (
        SELECT 1
        FROM [Veiculos] AS [v]) THEN CAST(1 AS bit)
    ELSE CAST(0 AS bit)
END
2026-06-01 14:28:05.452 +01:00 [INF] Executed DbCommand (148ms) [Parameters=[], CommandType='"Text"', CommandTimeout='30']
SELECT CASE
    WHEN EXISTS (
        SELECT 1
        FROM [RegistosManutencao] AS [r]) THEN CAST(1 AS bit)
    ELSE CAST(0 AS bit)
END
2026-06-01 14:28:05.747 +01:00 [INF] User profile is available. Using 'C:\Users\harri\AppData\Local\ASP.NET\DataProtection-Keys' as key repository and Windows DPAPI to encrypt keys at rest.
2026-06-01 14:28:06.194 +01:00 [INF] Now listening on: https://localhost:7231
2026-06-01 14:28:06.195 +01:00 [INF] Now listening on: http://localhost:5256
2026-06-01 14:28:06.393 +01:00 [INF] Application started. Press Ctrl+C to shut down.
2026-06-01 14:28:06.394 +01:00 [INF] Hosting environment: Development
2026-06-01 14:28:06.395 +01:00 [INF] Content root path: C:\Users\harri\OneDrive\Escritorio\Visual Studio\GestoreDeFrotas\GestoreDeFrotas
2026-06-01 14:28:29.447 +01:00 [INF] Request starting HTTP/2 GET https://localhost:7231/scalar/v1 - null null
2026-06-01 14:28:29.740 +01:00 [INF] Executing endpoint 'HTTP: GET /scalar/{documentName?}'
2026-06-01 14:28:29.899 +01:00 [INF] Write content with HTTP Response ContentType of text/html
2026-06-01 14:28:29.930 +01:00 [INF] Executed endpoint 'HTTP: GET /scalar/{documentName?}'
2026-06-01 14:28:29.949 +01:00 [INF] Request finished HTTP/2 GET https://localhost:7231/scalar/v1 - 200 null text/html 507.4834ms
2026-06-01 14:28:29.967 +01:00 [INF] Request starting HTTP/2 GET https://localhost:7231/scalar/scalar.js - null null
2026-06-01 14:28:29.967 +01:00 [INF] Request starting HTTP/2 GET https://localhost:7231/scalar/scalar.aspnetcore.js - null null
2026-06-01 14:28:29.968 +01:00 [INF] Request starting HTTP/2 GET https://localhost:7231/_framework/aspnetcore-browser-refresh.js - null null
2026-06-01 14:28:29.979 +01:00 [INF] Executing endpoint 'HTTP: GET /scalar/scalar.js'
2026-06-01 14:28:29.996 +01:00 [INF] Executing endpoint 'HTTP: GET /scalar/scalar.aspnetcore.js'
2026-06-01 14:28:29.998 +01:00 [INF] Request starting HTTP/2 GET https://localhost:7231/_vs/browserLink - null null
2026-06-01 14:28:30.012 +01:00 [INF] Sending file with download name ''.
2026-06-01 14:28:30.012 +01:00 [INF] Sending file with download name ''.
2026-06-01 14:28:30.022 +01:00 [INF] Executed endpoint 'HTTP: GET /scalar/scalar.aspnetcore.js'
2026-06-01 14:28:30.026 +01:00 [INF] Request finished HTTP/2 GET https://localhost:7231/scalar/scalar.aspnetcore.js - 200 1111 text/javascript 59.2484ms
2026-06-01 14:28:30.023 +01:00 [INF] Request finished HTTP/2 GET https://localhost:7231/_framework/aspnetcore-browser-refresh.js - 200 14935 application/javascript; charset=utf-8 55.2638ms
2026-06-01 14:28:30.063 +01:00 [INF] Executed endpoint 'HTTP: GET /scalar/scalar.js'
2026-06-01 14:28:30.078 +01:00 [INF] Request finished HTTP/2 GET https://localhost:7231/scalar/scalar.js - 200 1012335 text/javascript 110.8986ms
2026-06-01 14:28:30.103 +01:00 [INF] Request finished HTTP/2 GET https://localhost:7231/_vs/browserLink - 200 null text/javascript; charset=UTF-8 105.4092ms
2026-06-01 14:28:30.674 +01:00 [INF] Request starting HTTP/2 GET https://localhost:7231/swagger/v1/swagger.json - null null
2026-06-01 14:28:30.730 +01:00 [INF] Request finished HTTP/2 GET https://localhost:7231/swagger/v1/swagger.json - 200 null application/json;charset=utf-8 54.4817ms
2026-06-01 14:29:17.846 +01:00 [INF] Request starting HTTP/2 POST https://localhost:7231/api/auth/teste-token?cargo=Admin - null 0
2026-06-01 14:29:17.881 +01:00 [INF] Executing endpoint 'HTTP: POST /api/auth/teste-token'
2026-06-01 14:29:17.956 +01:00 [INF] Setting HTTP status code 200.
2026-06-01 14:29:17.961 +01:00 [INF] Writing value of type '<>f__AnonymousType8`1' as Json.
2026-06-01 14:29:17.967 +01:00 [INF] Executed endpoint 'HTTP: POST /api/auth/teste-token'
2026-06-01 14:29:18.256 +01:00 [INF] Executed DbCommand (59ms) [Parameters=[@p0='?' (DbType = DateTime2), @p1='?' (Size = 4000), @p2='?' (Size = 4000), @p3='?' (Size = 4000), @p4='?' (DbType = Int32), @p5='?' (Size = 4000)], CommandType='"Text"', CommandTimeout='30']
SET IMPLICIT_TRANSACTIONS OFF;
SET NOCOUNT ON;
INSERT INTO [LogsSistema] ([Data], [Descricao], [MetodoHttp], [Rota], [StatusCode], [Utilizador])
OUTPUT INSERTED.[Id]
VALUES (@p0, @p1, @p2, @p3, @p4, @p5);
2026-06-01 14:29:18.301 +01:00 [INF] Request finished HTTP/2 POST https://localhost:7231/api/auth/teste-token?cargo=Admin - 200 null application/json; charset=utf-8 454.9289ms
2026-06-01 14:33:12.269 +01:00 [INF] Application is shutting down...
