2026-06-01 10:33:50.726 +01:00 [INF] Executed DbCommand (76ms) [Parameters=[], CommandType='"Text"', CommandTimeout='30']
SELECT 1
2026-06-01 10:33:51.060 +01:00 [INF] Acquiring an exclusive lock for migration application. See https://aka.ms/efcore-docs-migrations-lock for more information if this takes too long.
2026-06-01 10:33:51.257 +01:00 [INF] Executed DbCommand (125ms) [Parameters=[], CommandType='"Text"', CommandTimeout='30']
DECLARE @result int;
EXEC @result = sp_getapplock @Resource = '__EFMigrationsLock', @LockOwner = 'Session', @LockMode = 'Exclusive';
SELECT @result
2026-06-01 10:33:51.583 +01:00 [INF] Executed DbCommand (14ms) [Parameters=[], CommandType='"Text"', CommandTimeout='30']
IF OBJECT_ID(N'[__EFMigrationsHistory]') IS NULL
BEGIN
    CREATE TABLE [__EFMigrationsHistory] (
        [MigrationId] nvarchar(150) NOT NULL,
        [ProductVersion] nvarchar(32) NOT NULL,
        CONSTRAINT [PK___EFMigrationsHistory] PRIMARY KEY ([MigrationId])
    );
END;
2026-06-01 10:33:51.647 +01:00 [INF] Executed DbCommand (18ms) [Parameters=[], CommandType='"Text"', CommandTimeout='30']
SELECT 1
2026-06-01 10:33:51.684 +01:00 [INF] Executed DbCommand (2ms) [Parameters=[], CommandType='"Text"', CommandTimeout='30']
SELECT OBJECT_ID(N'[__EFMigrationsHistory]');
2026-06-01 10:33:51.765 +01:00 [INF] Executed DbCommand (57ms) [Parameters=[], CommandType='"Text"', CommandTimeout='30']
SELECT [MigrationId], [ProductVersion]
FROM [__EFMigrationsHistory]
ORDER BY [MigrationId];
2026-06-01 10:33:51.820 +01:00 [INF] Applying migration '20260529141401_AdicionarLogsENotificacoesBD'.
2026-06-01 10:33:51.986 +01:00 [INF] Executed DbCommand (94ms) [Parameters=[], CommandType='"Text"', CommandTimeout='30']
CREATE TABLE [LogsSistema] (
    [Id] int NOT NULL IDENTITY,
    [Utilizador] nvarchar(max) NULL,
    [MetodoHttp] nvarchar(max) NOT NULL,
    [Rota] nvarchar(max) NOT NULL,
    [Descricao] nvarchar(max) NOT NULL,
    [StatusCode] int NOT NULL,
    [Data] datetime2 NOT NULL,
    CONSTRAINT [PK_LogsSistema] PRIMARY KEY ([Id])
);
2026-06-01 10:33:51.993 +01:00 [INF] Executed DbCommand (2ms) [Parameters=[], CommandType='"Text"', CommandTimeout='30']
CREATE TABLE [Notificacoes] (
    [Id] int NOT NULL IDENTITY,
    [Titulo] nvarchar(max) NOT NULL,
    [Mensagem] nvarchar(max) NOT NULL,
    [Tipo] nvarchar(max) NOT NULL,
    [DataCriacao] datetime2 NOT NULL,
    [Lida] bit NOT NULL,
    CONSTRAINT [PK_Notificacoes] PRIMARY KEY ([Id])
);
2026-06-01 10:33:52.003 +01:00 [INF] Executed DbCommand (5ms) [Parameters=[], CommandType='"Text"', CommandTimeout='30']
INSERT INTO [__EFMigrationsHistory] ([MigrationId], [ProductVersion])
VALUES (N'20260529141401_AdicionarLogsENotificacoesBD', N'9.0.16');
2026-06-01 10:33:52.066 +01:00 [INF] Executed DbCommand (45ms) [Parameters=[], CommandType='"Text"', CommandTimeout='30']
DECLARE @result int;
EXEC @result = sp_releaseapplock @Resource = '__EFMigrationsLock', @LockOwner = 'Session';
SELECT @result
2026-06-01 10:33:52.597 +01:00 [INF] Executed DbCommand (12ms) [Parameters=[], CommandType='"Text"', CommandTimeout='30']
SELECT CASE
    WHEN EXISTS (
        SELECT 1
        FROM [Veiculos] AS [v]) THEN CAST(1 AS bit)
    ELSE CAST(0 AS bit)
END
2026-06-01 10:33:52.612 +01:00 [INF] Executed DbCommand (3ms) [Parameters=[], CommandType='"Text"', CommandTimeout='30']
SELECT CASE
    WHEN EXISTS (
        SELECT 1
        FROM [RegistosManutencao] AS [r]) THEN CAST(1 AS bit)
    ELSE CAST(0 AS bit)
END
2026-06-01 10:33:52.940 +01:00 [INF] User profile is available. Using 'C:\Users\migro\AppData\Local\ASP.NET\DataProtection-Keys' as key repository and Windows DPAPI to encrypt keys at rest.
2026-06-01 10:33:53.516 +01:00 [INF] Now listening on: https://localhost:7231
2026-06-01 10:33:53.518 +01:00 [INF] Now listening on: http://localhost:5256
2026-06-01 10:33:53.737 +01:00 [INF] Application started. Press Ctrl+C to shut down.
2026-06-01 10:33:53.746 +01:00 [INF] Hosting environment: Development
2026-06-01 10:33:53.748 +01:00 [INF] Content root path: C:\Users\migro\OneDrive\Desktop\codigosM11\gestaofrota\GestoreDeFrotas
2026-06-01 10:34:46.623 +01:00 [INF] Request starting HTTP/2 GET https://localhost:7231/swagger/index.html - null null
2026-06-01 10:34:46.995 +01:00 [INF] Request finished HTTP/2 GET https://localhost:7231/swagger/index.html - 200 null text/html;charset=utf-8 385.7435ms
2026-06-01 10:34:47.630 +01:00 [INF] Request starting HTTP/2 GET https://localhost:7231/swagger/index.js - null null
2026-06-01 10:34:47.630 +01:00 [INF] Request starting HTTP/2 GET https://localhost:7231/_framework/aspnetcore-browser-refresh.js - null null
2026-06-01 10:34:47.645 +01:00 [INF] Request finished HTTP/2 GET https://localhost:7231/swagger/index.js - 200 null application/javascript;charset=utf-8 14.1379ms
2026-06-01 10:34:47.711 +01:00 [INF] Request finished HTTP/2 GET https://localhost:7231/_framework/aspnetcore-browser-refresh.js - 200 16515 application/javascript; charset=utf-8 80.8748ms
2026-06-01 10:34:47.753 +01:00 [INF] Request starting HTTP/2 GET https://localhost:7231/_vs/browserLink - null null
2026-06-01 10:34:47.963 +01:00 [INF] Request finished HTTP/2 GET https://localhost:7231/_vs/browserLink - 200 null text/javascript; charset=UTF-8 209.7745ms
2026-06-01 10:34:48.072 +01:00 [INF] Request starting HTTP/2 GET https://localhost:7231/swagger/v1/swagger.json - null null
2026-06-01 10:34:48.143 +01:00 [INF] Request finished HTTP/2 GET https://localhost:7231/swagger/v1/swagger.json - 200 null application/json;charset=utf-8 70.5553ms
2026-06-01 11:11:21.662 +01:00 [INF] Executed DbCommand (16ms) [Parameters=[], CommandType='"Text"', CommandTimeout='30']
SELECT 1
2026-06-01 11:11:21.729 +01:00 [INF] Acquiring an exclusive lock for migration application. See https://aka.ms/efcore-docs-migrations-lock for more information if this takes too long.
2026-06-01 11:11:21.756 +01:00 [INF] Executed DbCommand (21ms) [Parameters=[], CommandType='"Text"', CommandTimeout='30']
DECLARE @result int;
EXEC @result = sp_getapplock @Resource = '__EFMigrationsLock', @LockOwner = 'Session', @LockMode = 'Exclusive';
SELECT @result
2026-06-01 11:11:21.830 +01:00 [INF] Executed DbCommand (2ms) [Parameters=[], CommandType='"Text"', CommandTimeout='30']
IF OBJECT_ID(N'[__EFMigrationsHistory]') IS NULL
BEGIN
    CREATE TABLE [__EFMigrationsHistory] (
        [MigrationId] nvarchar(150) NOT NULL,
        [ProductVersion] nvarchar(32) NOT NULL,
        CONSTRAINT [PK___EFMigrationsHistory] PRIMARY KEY ([MigrationId])
    );
END;
2026-06-01 11:11:21.847 +01:00 [INF] Executed DbCommand (1ms) [Parameters=[], CommandType='"Text"', CommandTimeout='30']
SELECT 1
2026-06-01 11:11:21.855 +01:00 [INF] Executed DbCommand (1ms) [Parameters=[], CommandType='"Text"', CommandTimeout='30']
SELECT OBJECT_ID(N'[__EFMigrationsHistory]');
2026-06-01 11:11:21.869 +01:00 [INF] Executed DbCommand (4ms) [Parameters=[], CommandType='"Text"', CommandTimeout='30']
SELECT [MigrationId], [ProductVersion]
FROM [__EFMigrationsHistory]
ORDER BY [MigrationId];
2026-06-01 11:11:21.891 +01:00 [INF] Applying migration '20260601100150_AtualizarNotificacoesELogs'.
2026-06-01 11:11:22.096 +01:00 [INF] Executed DbCommand (186ms) [Parameters=[], CommandType='"Text"', CommandTimeout='30']
EXEC sp_rename N'[Notificacoes].[DataCriacao]', N'Data', 'COLUMN';
2026-06-01 11:11:22.103 +01:00 [INF] Executed DbCommand (2ms) [Parameters=[], CommandType='"Text"', CommandTimeout='30']
INSERT INTO [__EFMigrationsHistory] ([MigrationId], [ProductVersion])
VALUES (N'20260601100150_AtualizarNotificacoesELogs', N'9.0.16');
2026-06-01 11:11:22.118 +01:00 [INF] Executed DbCommand (2ms) [Parameters=[], CommandType='"Text"', CommandTimeout='30']
DECLARE @result int;
EXEC @result = sp_releaseapplock @Resource = '__EFMigrationsLock', @LockOwner = 'Session';
SELECT @result
2026-06-01 11:12:06.369 +01:00 [INF] Executed DbCommand (28ms) [Parameters=[], CommandType='"Text"', CommandTimeout='30']
SELECT 1
2026-06-01 11:12:06.449 +01:00 [INF] Acquiring an exclusive lock for migration application. See https://aka.ms/efcore-docs-migrations-lock for more information if this takes too long.
2026-06-01 11:12:06.476 +01:00 [INF] Executed DbCommand (21ms) [Parameters=[], CommandType='"Text"', CommandTimeout='30']
DECLARE @result int;
EXEC @result = sp_getapplock @Resource = '__EFMigrationsLock', @LockOwner = 'Session', @LockMode = 'Exclusive';
SELECT @result
2026-06-01 11:12:06.573 +01:00 [INF] Executed DbCommand (3ms) [Parameters=[], CommandType='"Text"', CommandTimeout='30']
IF OBJECT_ID(N'[__EFMigrationsHistory]') IS NULL
BEGIN
    CREATE TABLE [__EFMigrationsHistory] (
        [MigrationId] nvarchar(150) NOT NULL,
        [ProductVersion] nvarchar(32) NOT NULL,
        CONSTRAINT [PK___EFMigrationsHistory] PRIMARY KEY ([MigrationId])
    );
END;
2026-06-01 11:12:06.591 +01:00 [INF] Executed DbCommand (1ms) [Parameters=[], CommandType='"Text"', CommandTimeout='30']
SELECT 1
2026-06-01 11:12:06.595 +01:00 [INF] Executed DbCommand (1ms) [Parameters=[], CommandType='"Text"', CommandTimeout='30']
SELECT OBJECT_ID(N'[__EFMigrationsHistory]');
2026-06-01 11:12:06.606 +01:00 [INF] Executed DbCommand (5ms) [Parameters=[], CommandType='"Text"', CommandTimeout='30']
SELECT [MigrationId], [ProductVersion]
FROM [__EFMigrationsHistory]
ORDER BY [MigrationId];
2026-06-01 11:12:06.641 +01:00 [INF] No migrations were applied. The database is already up to date.
2026-06-01 11:12:06.750 +01:00 [INF] Executed DbCommand (39ms) [Parameters=[], CommandType='"Text"', CommandTimeout='30']
DECLARE @result int;
EXEC @result = sp_releaseapplock @Resource = '__EFMigrationsLock', @LockOwner = 'Session';
SELECT @result
2026-06-01 11:12:07.314 +01:00 [INF] Executed DbCommand (4ms) [Parameters=[], CommandType='"Text"', CommandTimeout='30']
SELECT CASE
    WHEN EXISTS (
        SELECT 1
        FROM [Veiculos] AS [v]) THEN CAST(1 AS bit)
    ELSE CAST(0 AS bit)
END
2026-06-01 11:12:07.334 +01:00 [INF] Executed DbCommand (9ms) [Parameters=[], CommandType='"Text"', CommandTimeout='30']
SELECT CASE
    WHEN EXISTS (
        SELECT 1
        FROM [RegistosManutencao] AS [r]) THEN CAST(1 AS bit)
    ELSE CAST(0 AS bit)
END
2026-06-01 11:12:07.627 +01:00 [INF] User profile is available. Using 'C:\Users\migro\AppData\Local\ASP.NET\DataProtection-Keys' as key repository and Windows DPAPI to encrypt keys at rest.
2026-06-01 11:12:08.035 +01:00 [INF] Now listening on: https://localhost:7231
2026-06-01 11:12:08.037 +01:00 [INF] Now listening on: http://localhost:5256
2026-06-01 11:12:08.203 +01:00 [INF] Application started. Press Ctrl+C to shut down.
2026-06-01 11:12:08.226 +01:00 [INF] Hosting environment: Development
2026-06-01 11:12:08.236 +01:00 [INF] Content root path: C:\Users\migro\OneDrive\Desktop\codigosM11\gestaofrota\GestoreDeFrotas
2026-06-01 11:14:07.833 +01:00 [INF] Request starting HTTP/2 GET https://localhost:7231/swagger/index.html - null null
2026-06-01 11:14:08.196 +01:00 [INF] Request finished HTTP/2 GET https://localhost:7231/swagger/index.html - 200 null text/html;charset=utf-8 384.7521ms
2026-06-01 11:14:08.262 +01:00 [INF] Request starting HTTP/2 GET https://localhost:7231/_framework/aspnetcore-browser-refresh.js - null null
2026-06-01 11:14:08.262 +01:00 [INF] Request starting HTTP/2 GET https://localhost:7231/swagger/index.js - null null
2026-06-01 11:14:08.410 +01:00 [INF] Request finished HTTP/2 GET https://localhost:7231/swagger/index.js - 200 null application/javascript;charset=utf-8 148.2207ms
2026-06-01 11:14:08.415 +01:00 [INF] Request starting HTTP/2 GET https://localhost:7231/_vs/browserLink - null null
2026-06-01 11:14:08.436 +01:00 [INF] Request finished HTTP/2 GET https://localhost:7231/_framework/aspnetcore-browser-refresh.js - 200 16515 application/javascript; charset=utf-8 174.2922ms
2026-06-01 11:14:08.538 +01:00 [INF] Request finished HTTP/2 GET https://localhost:7231/_vs/browserLink - 200 null text/javascript; charset=UTF-8 122.8191ms
2026-06-01 11:14:08.778 +01:00 [INF] Request starting HTTP/2 GET https://localhost:7231/swagger/v1/swagger.json - null null
2026-06-01 11:14:08.838 +01:00 [INF] Request finished HTTP/2 GET https://localhost:7231/swagger/v1/swagger.json - 200 null application/json;charset=utf-8 59.8797ms
2026-06-01 11:14:28.793 +01:00 [INF] Request starting HTTP/2 GET https://localhost:7231/ - null null
2026-06-01 11:14:28.933 +01:00 [INF] Request finished HTTP/2 GET https://localhost:7231/ - 404 0 null 139.3423ms
2026-06-01 11:14:28.943 +01:00 [INF] Request reached the end of the middleware pipeline without being handled by application code. Request path: GET https://localhost:7231/, Response status code: 404
2026-06-01 11:14:36.589 +01:00 [INF] Request starting HTTP/2 GET https://localhost:7231/swagger/index.html - null null
2026-06-01 11:14:36.632 +01:00 [INF] Request finished HTTP/2 GET https://localhost:7231/swagger/index.html - 200 null text/html;charset=utf-8 42.4515ms
2026-06-01 11:14:36.724 +01:00 [INF] Request starting HTTP/2 GET https://localhost:7231/swagger/index.js - null null
2026-06-01 11:14:36.728 +01:00 [INF] Request starting HTTP/2 GET https://localhost:7231/_framework/aspnetcore-browser-refresh.js - null null
2026-06-01 11:14:36.743 +01:00 [INF] Request finished HTTP/2 GET https://localhost:7231/swagger/index.js - 200 null application/javascript;charset=utf-8 18.1383ms
2026-06-01 11:14:36.777 +01:00 [INF] Request finished HTTP/2 GET https://localhost:7231/_framework/aspnetcore-browser-refresh.js - 200 16515 application/javascript; charset=utf-8 45.5075ms
2026-06-01 11:14:36.859 +01:00 [INF] Request starting HTTP/2 GET https://localhost:7231/_vs/browserLink - null null
2026-06-01 11:14:36.909 +01:00 [INF] Request finished HTTP/2 GET https://localhost:7231/_vs/browserLink - 200 null text/javascript; charset=UTF-8 50.4622ms
2026-06-01 11:14:37.126 +01:00 [INF] Request starting HTTP/2 GET https://localhost:7231/swagger/v1/swagger.json - null null
2026-06-01 11:14:37.144 +01:00 [INF] Request finished HTTP/2 GET https://localhost:7231/swagger/v1/swagger.json - 200 null application/json;charset=utf-8 17.4876ms
2026-06-01 11:14:48.431 +01:00 [INF] Request starting HTTP/2 GET https://localhost:7231/api/logs - null null
2026-06-01 11:14:48.490 +01:00 [INF] Executing endpoint 'GestaoDeFrotas.Controllers.LogsController.GetLogs (GestoreDeFrotas)'
2026-06-01 11:14:48.525 +01:00 [INF] Route matched with {action = "GetLogs", controller = "Logs"}. Executing controller action with signature System.Threading.Tasks.Task`1[Microsoft.AspNetCore.Mvc.IActionResult] GetLogs() on controller GestaoDeFrotas.Controllers.LogsController (GestoreDeFrotas).
2026-06-01 11:14:48.798 +01:00 [INF] Executed DbCommand (98ms) [Parameters=[@__p_0='?' (DbType = Int32)], CommandType='"Text"', CommandTimeout='30']
SELECT TOP(@__p_0) [l].[Id], [l].[Data], [l].[Descricao], [l].[MetodoHttp], [l].[Rota], [l].[StatusCode], [l].[Utilizador]
FROM [LogsSistema] AS [l]
ORDER BY [l].[Data] DESC
2026-06-01 11:14:48.831 +01:00 [INF] Executing OkObjectResult, writing value of type 'System.Collections.Generic.List`1[[GestaoDeFrotas.Models.LogSistema, GestoreDeFrotas, Version=1.0.0.0, Culture=neutral, PublicKeyToken=null]]'.
2026-06-01 11:14:48.857 +01:00 [INF] Executed action GestaoDeFrotas.Controllers.LogsController.GetLogs (GestoreDeFrotas) in 324.0758ms
2026-06-01 11:14:48.860 +01:00 [INF] Executed endpoint 'GestaoDeFrotas.Controllers.LogsController.GetLogs (GestoreDeFrotas)'
2026-06-01 11:14:48.869 +01:00 [INF] Request finished HTTP/2 GET https://localhost:7231/api/logs - 200 null application/json; charset=utf-8 437.8014ms
2026-06-01 11:15:13.689 +01:00 [INF] Request starting HTTP/2 POST https://localhost:7231/api/auth/teste-token?cargo=Admin - null 0
2026-06-01 11:15:13.701 +01:00 [INF] Executing endpoint 'HTTP: POST /api/auth/teste-token'
2026-06-01 11:15:13.796 +01:00 [INF] Setting HTTP status code 200.
2026-06-01 11:15:13.802 +01:00 [INF] Writing value of type '<>f__AnonymousType7`1' as Json.
2026-06-01 11:15:13.807 +01:00 [INF] Executed endpoint 'HTTP: POST /api/auth/teste-token'
2026-06-01 11:15:14.125 +01:00 [INF] Executed DbCommand (19ms) [Parameters=[@p0='?' (DbType = DateTime2), @p1='?' (Size = 4000), @p2='?' (Size = 4000), @p3='?' (Size = 4000), @p4='?' (DbType = Int32), @p5='?' (Size = 4000)], CommandType='"Text"', CommandTimeout='30']
SET IMPLICIT_TRANSACTIONS OFF;
SET NOCOUNT ON;
INSERT INTO [LogsSistema] ([Data], [Descricao], [MetodoHttp], [Rota], [StatusCode], [Utilizador])
OUTPUT INSERTED.[Id]
VALUES (@p0, @p1, @p2, @p3, @p4, @p5);
2026-06-01 11:15:14.158 +01:00 [INF] Request finished HTTP/2 POST https://localhost:7231/api/auth/teste-token?cargo=Admin - 200 null application/json; charset=utf-8 469.0835ms
2026-06-01 11:15:29.244 +01:00 [INF] Request starting HTTP/2 GET https://localhost:7231/api/logs - null null
2026-06-01 11:15:29.350 +01:00 [INF] Executing endpoint 'GestaoDeFrotas.Controllers.LogsController.GetLogs (GestoreDeFrotas)'
2026-06-01 11:15:29.352 +01:00 [INF] Route matched with {action = "GetLogs", controller = "Logs"}. Executing controller action with signature System.Threading.Tasks.Task`1[Microsoft.AspNetCore.Mvc.IActionResult] GetLogs() on controller GestaoDeFrotas.Controllers.LogsController (GestoreDeFrotas).
2026-06-01 11:15:29.366 +01:00 [INF] Executed DbCommand (6ms) [Parameters=[@__p_0='?' (DbType = Int32)], CommandType='"Text"', CommandTimeout='30']
SELECT TOP(@__p_0) [l].[Id], [l].[Data], [l].[Descricao], [l].[MetodoHttp], [l].[Rota], [l].[StatusCode], [l].[Utilizador]
FROM [LogsSistema] AS [l]
ORDER BY [l].[Data] DESC
2026-06-01 11:15:29.382 +01:00 [INF] Executing OkObjectResult, writing value of type 'System.Collections.Generic.List`1[[GestaoDeFrotas.Models.LogSistema, GestoreDeFrotas, Version=1.0.0.0, Culture=neutral, PublicKeyToken=null]]'.
2026-06-01 11:15:29.394 +01:00 [INF] Executed action GestaoDeFrotas.Controllers.LogsController.GetLogs (GestoreDeFrotas) in 38.7648ms
2026-06-01 11:15:29.397 +01:00 [INF] Executed endpoint 'GestaoDeFrotas.Controllers.LogsController.GetLogs (GestoreDeFrotas)'
2026-06-01 11:15:29.401 +01:00 [INF] Request finished HTTP/2 GET https://localhost:7231/api/logs - 200 null application/json; charset=utf-8 157.3941ms
